Archive member included to satisfy reference by file (symbol)

C:/ST/STM32CubeIDE_1.19.0/STM32CubeIDE/plugins/com.st.stm32cube.ide.mcu.externaltools.gnu-tools-for-stm32.13.3.rel1.win32_1.0.0.202411081344/tools/bin/../lib/gcc/arm-none-eabi/13.3.1/../../../../arm-none-eabi/lib/thumb/v7e-m+fp/hard\libc_nano.a(libc_a-exit.o)
                              C:/ST/STM32CubeIDE_1.19.0/STM32CubeIDE/plugins/com.st.stm32cube.ide.mcu.externaltools.gnu-tools-for-stm32.13.3.rel1.win32_1.0.0.202411081344/tools/bin/../lib/gcc/arm-none-eabi/13.3.1/../../../../arm-none-eabi/lib/thumb/v7e-m+fp/hard/crt0.o (exit)
C:/ST/STM32CubeIDE_1.19.0/STM32CubeIDE/plugins/com.st.stm32cube.ide.mcu.externaltools.gnu-tools-for-stm32.13.3.rel1.win32_1.0.0.202411081344/tools/bin/../lib/gcc/arm-none-eabi/13.3.1/../../../../arm-none-eabi/lib/thumb/v7e-m+fp/hard\libc_nano.a(libc_a-findfp.o)
                              C:/ST/STM32CubeIDE_1.19.0/STM32CubeIDE/plugins/com.st.stm32cube.ide.mcu.externaltools.gnu-tools-for-stm32.13.3.rel1.win32_1.0.0.202411081344/tools/bin/../lib/gcc/arm-none-eabi/13.3.1/../../../../arm-none-eabi/lib/thumb/v7e-m+fp/hard\libc_nano.a(libc_a-exit.o) (__stdio_exit_handler)
C:/ST/STM32CubeIDE_1.19.0/STM32CubeIDE/plugins/com.st.stm32cube.ide.mcu.externaltools.gnu-tools-for-stm32.13.3.rel1.win32_1.0.0.202411081344/tools/bin/../lib/gcc/arm-none-eabi/13.3.1/../../../../arm-none-eabi/lib/thumb/v7e-m+fp/hard\libc_nano.a(libc_a-fwalk.o)
                              C:/ST/STM32CubeIDE_1.19.0/STM32CubeIDE/plugins/com.st.stm32cube.ide.mcu.externaltools.gnu-tools-for-stm32.13.3.rel1.win32_1.0.0.202411081344/tools/bin/../lib/gcc/arm-none-eabi/13.3.1/../../../../arm-none-eabi/lib/thumb/v7e-m+fp/hard\libc_nano.a(libc_a-findfp.o) (_fwalk_sglue)
C:/ST/STM32CubeIDE_1.19.0/STM32CubeIDE/plugins/com.st.stm32cube.ide.mcu.externaltools.gnu-tools-for-stm32.13.3.rel1.win32_1.0.0.202411081344/tools/bin/../lib/gcc/arm-none-eabi/13.3.1/../../../../arm-none-eabi/lib/thumb/v7e-m+fp/hard\libc_nano.a(libc_a-stdio.o)
                              C:/ST/STM32CubeIDE_1.19.0/STM32CubeIDE/plugins/com.st.stm32cube.ide.mcu.externaltools.gnu-tools-for-stm32.13.3.rel1.win32_1.0.0.202411081344/tools/bin/../lib/gcc/arm-none-eabi/13.3.1/../../../../arm-none-eabi/lib/thumb/v7e-m+fp/hard\libc_nano.a(libc_a-findfp.o) (__sread)
C:/ST/STM32CubeIDE_1.19.0/STM32CubeIDE/plugins/com.st.stm32cube.ide.mcu.externaltools.gnu-tools-for-stm32.13.3.rel1.win32_1.0.0.202411081344/tools/bin/../lib/gcc/arm-none-eabi/13.3.1/../../../../arm-none-eabi/lib/thumb/v7e-m+fp/hard\libc_nano.a(libc_a-memset.o)
                              C:/ST/STM32CubeIDE_1.19.0/STM32CubeIDE/plugins/com.st.stm32cube.ide.mcu.externaltools.gnu-tools-for-stm32.13.3.rel1.win32_1.0.0.202411081344/tools/bin/../lib/gcc/arm-none-eabi/13.3.1/../../../../arm-none-eabi/lib/thumb/v7e-m+fp/hard/crt0.o (memset)
C:/ST/STM32CubeIDE_1.19.0/STM32CubeIDE/plugins/com.st.stm32cube.ide.mcu.externaltools.gnu-tools-for-stm32.13.3.rel1.win32_1.0.0.202411081344/tools/bin/../lib/gcc/arm-none-eabi/13.3.1/../../../../arm-none-eabi/lib/thumb/v7e-m+fp/hard\libc_nano.a(libc_a-closer.o)
                              C:/ST/STM32CubeIDE_1.19.0/STM32CubeIDE/plugins/com.st.stm32cube.ide.mcu.externaltools.gnu-tools-for-stm32.13.3.rel1.win32_1.0.0.202411081344/tools/bin/../lib/gcc/arm-none-eabi/13.3.1/../../../../arm-none-eabi/lib/thumb/v7e-m+fp/hard\libc_nano.a(libc_a-stdio.o) (_close_r)
C:/ST/STM32CubeIDE_1.19.0/STM32CubeIDE/plugins/com.st.stm32cube.ide.mcu.externaltools.gnu-tools-for-stm32.13.3.rel1.win32_1.0.0.202411081344/tools/bin/../lib/gcc/arm-none-eabi/13.3.1/../../../../arm-none-eabi/lib/thumb/v7e-m+fp/hard\libc_nano.a(libc_a-reent.o)
                              C:/ST/STM32CubeIDE_1.19.0/STM32CubeIDE/plugins/com.st.stm32cube.ide.mcu.externaltools.gnu-tools-for-stm32.13.3.rel1.win32_1.0.0.202411081344/tools/bin/../lib/gcc/arm-none-eabi/13.3.1/../../../../arm-none-eabi/lib/thumb/v7e-m+fp/hard\libc_nano.a(libc_a-closer.o) (errno)
C:/ST/STM32CubeIDE_1.19.0/STM32CubeIDE/plugins/com.st.stm32cube.ide.mcu.externaltools.gnu-tools-for-stm32.13.3.rel1.win32_1.0.0.202411081344/tools/bin/../lib/gcc/arm-none-eabi/13.3.1/../../../../arm-none-eabi/lib/thumb/v7e-m+fp/hard\libc_nano.a(libc_a-impure.o)
                              C:/ST/STM32CubeIDE_1.19.0/STM32CubeIDE/plugins/com.st.stm32cube.ide.mcu.externaltools.gnu-tools-for-stm32.13.3.rel1.win32_1.0.0.202411081344/tools/bin/../lib/gcc/arm-none-eabi/13.3.1/../../../../arm-none-eabi/lib/thumb/v7e-m+fp/hard\libc_nano.a(libc_a-reent.o) (_impure_ptr)
C:/ST/STM32CubeIDE_1.19.0/STM32CubeIDE/plugins/com.st.stm32cube.ide.mcu.externaltools.gnu-tools-for-stm32.13.3.rel1.win32_1.0.0.202411081344/tools/bin/../lib/gcc/arm-none-eabi/13.3.1/../../../../arm-none-eabi/lib/thumb/v7e-m+fp/hard\libc_nano.a(libc_a-lseekr.o)
[...]
Memory Configuration

Name             Origin             Length             Attributes
CCMRAM           0x10000000         0x00010000         xrw
RAM              0x20000000         0x00020000         xrw
FLASH            0x08000000         0x00100000         xr
*default*        0x00000000         0xffffffff

Linker script and memory map

LOAD C:/ST/STM32CubeIDE_1.19.0/STM32CubeIDE/plugins/com.st.stm32cube.ide.mcu.externaltools.gnu-tools-for-stm32.13.3.rel1.win32_1.0.0.202411081344/tools/bin/../lib/gcc/arm-none-eabi/13.3.1/thumb/v7e-m+fp/hard/crti.o
LOAD C:/ST/STM32CubeIDE_1.19.0/STM32CubeIDE/plugins/com.st.stm32cube.ide.mcu.externaltools.gnu-tools-for-stm32.13.3.rel1.win32_1.0.0.202411081344/tools/bin/../lib/gcc/arm-none-eabi/13.3.1/thumb/v7e-m+fp/hard/crtbegin.o
LOAD C:/ST/STM32CubeIDE_1.19.0/STM32CubeIDE/plugins/com.st.stm32cube.ide.mcu.externaltools.gnu-tools-for-stm32.13.3.rel1.win32_1.0.0.202411081344/tools/bin/../lib/gcc/arm-none-eabi/13.3.1/../../../../arm-none-eabi/lib/thumb/v7e-m+fp/hard/crt0.o
LOAD ./Core/Src/button.o
LOAD ./Core/Src/fsmc.o
LOAD ./Core/Src/gpio.o
LOAD ./Core/Src/lab2.o
LOAD ./Core/Src/lcd.o
LOAD ./Core/Src/led.o
LOAD ./Core/Src/led_7seg.o
LOAD ./Core/Src/main.o
LOAD ./Core/Src/picture.o
LOAD ./Core/Src/software_timer.o
LOAD ./Core/Src/spi.o
LOAD ./Core/Src/stm32f4xx_hal_msp.o
LOAD ./Core/Src/stm32f4xx_it.o
LOAD ./Core/Src/syscalls.o
LOAD ./Core/Src/sysmem.o
LOAD ./Core/Src/system_stm32f4xx.o
LOAD ./Core/Src/tim.o
LOAD ./Core/Startup/startup_stm32f407zgtx.o
LOAD ./Drivers/STM32F4xx_HAL_Driver/Src/stm32f4xx_hal.o
LOAD ./Drivers/STM32F4xx_HAL_Driver/Src/stm32f4xx_hal_cortex.o
LOAD ./Drivers/STM32F4xx_HAL_Driver/Src/stm32f4xx_hal_dma.o
LOAD ./Drivers/STM32F4xx_HAL_Driver/Src/stm32f4xx_hal_dma_ex.o
LOAD ./Drivers/STM32F4xx_HAL_Driver/Src/stm32f4xx_hal_exti.o
LOAD ./Drivers/STM32F4xx_HAL_Driver/Src/stm32f4xx_hal_flash.o
LOAD ./Drivers/STM32F4xx_HAL_Driver/Src/stm32f4xx_hal_flash_ex.o
LOAD ./Drivers/STM32F4xx_HAL_Driver/Src/stm32f4xx_hal_flash_ramfunc.o
LOAD ./Drivers/STM32F4xx_HAL_Driver/Src/stm32f4xx_hal_gpio.o
LOAD ./Drivers/STM32F4xx_HAL_Driver/Src/stm32f4xx_hal_nand.o
LOAD ./Drivers/STM32F4xx_HAL_Driver/Src/stm32f4xx_hal_nor.o
LOAD ./Drivers/STM32F4xx_HAL_Driver/Src/stm32f4xx_hal_pccard.o
LOAD ./Drivers/STM32F4xx_HAL_Driver/Src/stm32f4xx_hal_pwr.o
LOAD ./Drivers/STM32F4xx_HAL_Driver/Src/stm32f4xx_hal_pwr_ex.o
LOAD ./Drivers/STM32F4xx_HAL_Driver/Src/stm32f4xx_hal_rcc.o
LOAD ./Drivers/STM32F4xx_HAL_Driver/Src/stm32f4xx_hal_rcc_ex.o
LOAD ./Drivers/STM32F4xx_HAL_Driver/Src/stm32f4xx_hal_spi.o
LOAD ./Drivers/STM32F4xx_HAL_Driver/Src/stm32f4xx_hal_sram.o
LOAD ./Drivers/STM32F4xx_HAL_Driver/Src/stm32f4xx_hal_tim.o
LOAD ./Drivers/STM32F4xx_HAL_Driver/Src/stm32f4xx_hal_tim_ex.o
LOAD ./Drivers/STM32F4xx_HAL_Driver/Src/stm32f4xx_ll_fsmc.o
START GROUP
LOAD C:/ST/STM32CubeIDE_1.19.0/STM32CubeIDE/plugins/com.st.stm32cube.ide.mcu.externaltools.gnu-tools-for-stm32.13.3.rel1.win32_1.0.0.202411081344/tools/bin/../lib/gcc/arm-none-eabi/13.3.1/../../../../arm-none-eabi/lib/thumb/v7e-m+fp/hard\libc_nano.a
LOAD C:/ST/STM32CubeIDE_1.19.0/STM32CubeIDE/plugins/com.st.stm32cube.ide.mcu.externaltools.gnu-tools-for-stm32.13.3.rel1.win32_1.0.0.202411081344/tools/bin/../lib/gcc/arm-none-eabi/13.3.1/../../../../arm-none-eabi/lib/thumb/v7e-m+fp/hard\libm.a
END GROUP
START GROUP
LOAD C:/ST/STM32CubeIDE_1.19.0/STM32CubeIDE/plugins/com.st.stm32cube.ide.mcu.externaltools.gnu-tools-for-stm32.13.3.rel1.win32_1.0.0.202411081344/tools/bin/../lib/gcc/arm-none-eabi/13.3.1/thumb/v7e-m+fp/hard\libgcc.a
LOAD C:/ST/STM32CubeIDE_1.19.0/STM32CubeIDE/plugins/com.st.stm32cube.ide.mcu.externaltools.gnu-tools-for-stm32.13.3.rel1.win32_1.0.0.202411081344/tools/bin/../lib/gcc/arm-none-eabi/13.3.1/../../../../arm-none-eabi/lib/thumb/v7e-m+fp/hard\libc_nano.a
END GROUP
START GROUP
LOAD C:/ST/STM32CubeIDE_1.19.0/STM32CubeIDE/plugins/com.st.stm32cube.ide.mcu.externaltools.gnu-tools-for-stm32.13.3.rel1.win32_1.0.0.202411081344/tools/bin/../lib/gcc/arm-none-eabi/13.3.1/thumb/v7e-m+fp/hard\libgcc.a
LOAD C:/ST/STM32CubeIDE_1.19.0/STM32CubeIDE/plugins/com.st.stm32cube.ide.mcu.externaltools.gnu-tools-for-stm32.13.3.rel1.win32_1.0.0.202411081344/tools/bin/../lib/gcc/arm-none-eabi/13.3.1/../../../../arm-none-eabi/lib/thumb/v7e-m+fp/hard\libc_nano.a
LOAD C:/ST/STM32CubeIDE_1.19.0/STM32CubeIDE/plugins/com.st.stm32cube.ide.mcu.externaltools.gnu-tools-for-stm32.13.3.rel1.win32_1.0.0.202411081344/tools/bin/../lib/gcc/arm-none-eabi/13.3.1/../../../../arm-none-eabi/lib/thumb/v7e-m+fp/hard\libnosys.a
END GROUP
START GROUP
LOAD C:/ST/STM32CubeIDE_1.19.0/STM32CubeIDE/plugins/com.st.stm32cube.ide.mcu.externaltools.gnu-tools-for-stm32.13.3.rel1.win32_1.0.0.202411081344/tools/bin/../lib/gcc/arm-none-eabi/13.3.1/thumb/v7e-m+fp/hard\libgcc.a
LOAD C:/ST/STM32CubeIDE_1.19.0/STM32CubeIDE/plugins/com.st.stm32cube.ide.mcu.externaltools.gnu-tools-for-stm32.13.3.rel1.win32_1.0.0.202411081344/tools/bin/../lib/gcc/arm-none-eabi/13.3.1/../../../../arm-none-eabi/lib/thumb/v7e-m+fp/hard\libc_nano.a
LOAD C:/ST/STM32CubeIDE_1.19.0/STM32CubeIDE/plugins/com.st.stm32cube.ide.mcu.externaltools.gnu-tools-for-stm32.13.3.rel1.win32_1.0.0.202411081344/tools/bin/../lib/gcc/arm-none-eabi/13.3.1/../../../../arm-none-eabi/lib/thumb/v7e-m+fp/hard\libnosys.a
END GROUP
LOAD C:/ST/STM32CubeIDE_1.19.0/STM32CubeIDE/plugins/com.st.stm32cube.ide.mcu.externaltools.gnu-tools-for-stm32.13.3.rel1.win32_1.0.0.202411081344/tools/bin/../lib/gcc/arm-none-eabi/13.3.1/thumb/v7e-m+fp/hard/crtend.o
LOAD C:/ST/STM32CubeIDE_1.19.0/STM32CubeIDE/plugins/com.st.stm32cube.ide.mcu.externaltools.gnu-tools-for-stm32.13.3.rel1.win32_1.0.0.202411081344/tools/bin/../lib/gcc/arm-none-eabi/13.3.1/thumb/v7e-m+fp/hard/crtn.o
                0x20020000                        _estack = (ORIGIN (RAM) + LENGTH (RAM))
                0x00000200                        _Min_Heap_Size = 0x200
                0x00000400                        _Min_Stack_Size = 0x400

.isr_vector     0x08000000      0x188
                0x08000000                        . = ALIGN (0x4)
 *(.isr_vector)
 .isr_vector    0x08000000      0x188 ./Core/Startup/startup_stm32f407zgtx.o
                0x08000000                g_pfnVectors
                0x08000188                        . = ALIGN (0x4)

.text           0x08000188     0x3024
                0x08000188                        . = ALIGN (0x4)
 *(.text)
 .text          0x08000188       0x40 C:/ST/STM32CubeIDE_1.19.0/STM32CubeIDE/plugins/com.st.stm32cube.ide.mcu.externaltools.gnu-tools-for-stm32.13.3.rel1.win32_1.0.0.202411081344/tools/bin/../lib/gcc/arm-none-eabi/13.3.1/thumb/v7e-m+fp/hard/crtbegin.o
 .text          0x080001c8       0x30 C:/ST/STM32CubeIDE_1.19.0/STM32CubeIDE/plugins/com.st.stm32cube.ide.mcu.externaltools.gnu-tools-for-stm32.13.3.rel1.win32_1.0.0.202411081344/tools/bin/../lib/gcc/arm-none-eabi/13.3.1/thumb/v7e-m+fp/hard\libgcc.a(_aeabi_uldivmod.o)
                0x080001c8                __aeabi_uldivmod
 .text          0x080001f8      0x2f8 C:/ST/STM32CubeIDE_1.19.0/STM32CubeIDE/plugins/com.st.stm32cube.ide.mcu.externaltools.gnu-tools-for-stm32.13.3.rel1.win32_1.0.0.202411081344/tools/bin/../lib/gcc/arm-none-eabi/13.3.1/thumb/v7e-m+fp/hard\libgcc.a(_udivmoddi4.o)
                0x080001f8                __udivmoddi4
 .text          0x080004f0        0x4 C:/ST/STM32CubeIDE_1.19.0/STM32CubeIDE/plugins/com.st.stm32cube.ide.mcu.externaltools.gnu-tools-for-stm32.13.3.rel1.win32_1.0.0.202411081344/tools/bin/../lib/gcc/arm-none-eabi/13.3.1/thumb/v7e-m+fp/hard\libgcc.a(_dvmd_tls.o)
                0x080004f0                __aeabi_idiv0
                0x080004f0                __aeabi_ldiv0
 *(.text*)
 .text.MX_FSMC_Init
                0x080004f4       0xf4 ./Core/Src/fsmc.o
                0x080004f4                MX_FSMC_Init
 .text.HAL_FSMC_MspInit
                0x080005e8       0x98 ./Core/Src/fsmc.o
 .text.HAL_SRAM_MspInit
                0x08000680       0x14 ./Core/Src/fsmc.o
                0x08000680                HAL_SRAM_MspInit
 .text.MX_GPIO_Init
                0x08000694      0x1f0 ./Core/Src/gpio.o
                0x08000694                MX_GPIO_Init
 .text.initLab2Bai5
                0x08000884       0x38 ./Core/Src/lab2.o
                0x08000884                initLab2Bai5
 .text.runLab2Bai5
                0x080008bc        0xc ./Core/Src/lab2.o
                0x080008bc                runLab2Bai5
 .text.led7segDisplay
                0x080008c8      0x11c ./Core/Src/led_7seg.o
                0x080008c8                led7segDisplay
 .text.led7segSetDigit
                0x080009e4       0x48 ./Core/Src/led_7seg.o
                0x080009e4                led7segSetDigit
 .text.shiftRightLed7
                0x08000a2c       0x48 ./Core/Src/led_7seg.o
                0x08000a2c                shiftRightLed7
 .text.initTime
                0x08000a74       0xa4 ./Core/Src/led_7seg.o
                0x08000a74                initTime
 .text.main     0x08000b18       0x26 ./Core/Src/main.o
                0x08000b18                main
 *fill*         0x08000b3e        0x2 
 .text.SystemClock_Config
                0x08000b40       0xd4 ./Core/Src/main.o
                0x08000b40                SystemClock_Config
 .text.Error_Handler
                0x08000c14        0xc ./Core/Src/main.o
                0x08000c14                Error_Handler
 .text.timer2Init
                0x08000c20       0x14 ./Core/Src/software_timer.o
                0x08000c20                timer2Init
 .text.timerInit
                0x08000c34       0x8c ./Core/Src/software_timer.o
                0x08000c34                timerInit
 .text.doTask   0x08000cc0       0xa0 ./Core/Src/software_timer.o
                0x08000cc0                doTask
 .text.HAL_TIM_PeriodElapsedCallback
                0x08000d60      0x120 ./Core/Src/software_timer.o
                0x08000d60                HAL_TIM_PeriodElapsedCallback
 .text.MX_SPI1_Init
                0x08000e80       0x6c ./Core/Src/spi.o
                0x08000e80                MX_SPI1_Init
 .text.HAL_SPI_MspInit
                0x08000eec       0x90 ./Core/Src/spi.o
                0x08000eec                HAL_SPI_MspInit
 .text.HAL_MspInit
                0x08000f7c       0x50 ./Core/Src/stm32f4xx_hal_msp.o
                0x08000f7c                HAL_MspInit
 .text.NMI_Handler
                0x08000fcc        0x8 ./Core/Src/stm32f4xx_it.o
                0x08000fcc                NMI_Handler
 .text.HardFault_Handler
                0x08000fd4        0x8 ./Core/Src/stm32f4xx_it.o
                0x08000fd4                HardFault_Handler
 .text.MemManage_Handler
                0x08000fdc        0x8 ./Core/Src/stm32f4xx_it.o
                0x08000fdc                MemManage_Handler
 .text.BusFault_Handler
                0x08000fe4        0x8 ./Core/Src/stm32f4xx_it.o
                0x08000fe4                BusFault_Handler
 .text.UsageFault_Handler
                0x08000fec        0x8 ./Core/Src/stm32f4xx_it.o
                0x08000fec                UsageFault_Handler
 .text.SVC_Handler
                0x08000ff4        0xe ./Core/Src/stm32f4xx_it.o
                0x08000ff4                SVC_Handler
 .text.DebugMon_Handler
                0x08001002        0xe ./Core/Src/stm32f4xx_it.o
                0x08001002                DebugMon_Handler
 .text.PendSV_Handler
                0x08001010        0xe ./Core/Src/stm32f4xx_it.o
                0x08001010                PendSV_Handler
 .text.SysTick_Handler
                0x0800101e        0xc ./Core/Src/stm32f4xx_it.o
                0x0800101e                SysTick_Handler
 *fill*         0x0800102a        0x2 
 .text.TIM2_IRQHandler
                0x0800102c       0x14 ./Core/Src/stm32f4xx_it.o
                0x0800102c                TIM2_IRQHandler
 .text.SystemInit
                0x08001040       0x24 ./Core/Src/system_stm32f4xx.o
                0x08001040                SystemInit
 .text.MX_TIM2_Init
                0x08001064       0x98 ./Core/Src/tim.o
                0x08001064                MX_TIM2_Init
 .text.HAL_TIM_Base_MspInit
                0x080010fc       0x4c ./Core/Src/tim.o
                0x080010fc                HAL_TIM_Base_MspInit
 .text.Reset_Handler
                0x08001148       0x50 ./Core/Startup/startup_stm32f407zgtx.o
                0x08001148                Reset_Handler
 .text.Default_Handler
                0x08001198        0x2 ./Core/Startup/startup_stm32f407zgtx.o
                0x08001198                RTC_Alarm_IRQHandler
                0x08001198                HASH_RNG_IRQHandler
                0x08001198                EXTI2_IRQHandler
                0x08001198                TIM8_CC_IRQHandler
                0x08001198                TIM1_CC_IRQHandler
                0x08001198                DMA2_Stream5_IRQHandler
                0x08001198                DMA1_Stream5_IRQHandler
                0x08001198                PVD_IRQHandler
                0x08001198                SDIO_IRQHandler
                0x08001198                TAMP_STAMP_IRQHandler
                0x08001198                CAN2_RX1_IRQHandler
                0x08001198                EXTI3_IRQHandler
                0x08001198                TIM8_TRG_COM_TIM14_IRQHandler
                0x08001198                TIM1_UP_TIM10_IRQHandler
                0x08001198                TIM8_UP_TIM13_IRQHandler
                0x08001198                I2C3_ER_IRQHandler
                0x08001198                EXTI0_IRQHandler
                0x08001198                I2C2_EV_IRQHandler
                0x08001198                DMA1_Stream2_IRQHandler
                0x08001198                CAN1_RX0_IRQHandler
                0x08001198                FPU_IRQHandler
                0x08001198                OTG_HS_WKUP_IRQHandler
                0x08001198                CAN2_SCE_IRQHandler
                0x08001198                DMA2_Stream2_IRQHandler
                0x08001198                SPI1_IRQHandler
                0x08001198                TIM6_DAC_IRQHandler
                0x08001198                TIM1_BRK_TIM9_IRQHandler
                0x08001198                DCMI_IRQHandler
                0x08001198                CAN2_RX0_IRQHandler
                0x08001198                DMA2_Stream3_IRQHandler
                0x08001198                USART6_IRQHandler
                0x08001198                USART3_IRQHandler
                0x08001198                CAN1_RX1_IRQHandler
                0x08001198                UART5_IRQHandler
                0x08001198                DMA2_Stream0_IRQHandler
                0x08001198                TIM4_IRQHandler
                0x08001198                I2C1_EV_IRQHandler
                0x08001198                DMA1_Stream6_IRQHandler
                0x08001198                DMA1_Stream1_IRQHandler
                0x08001198                UART4_IRQHandler
                0x08001198                TIM3_IRQHandler
                0x08001198                RCC_IRQHandler
                0x08001198                TIM8_BRK_TIM12_IRQHandler
                0x08001198                Default_Handler
                0x08001198                EXTI15_10_IRQHandler
                0x08001198                ADC_IRQHandler
                0x08001198                DMA1_Stream7_IRQHandler
                0x08001198                TIM7_IRQHandler
                0x08001198                CAN2_TX_IRQHandler
                0x08001198                TIM5_IRQHandler
                0x08001198                DMA2_Stream7_IRQHandler
                0x08001198                I2C3_EV_IRQHandler
                0x08001198                EXTI9_5_IRQHandler
                0x08001198                RTC_WKUP_IRQHandler
                0x08001198                ETH_WKUP_IRQHandler
                0x08001198                SPI2_IRQHandler
                0x08001198                OTG_HS_EP1_IN_IRQHandler
                0x08001198                DMA1_Stream0_IRQHandler
                0x08001198                CAN1_TX_IRQHandler
                0x08001198                EXTI4_IRQHandler
                0x08001198                FSMC_IRQHandler
                0x08001198                ETH_IRQHandler
                0x08001198                OTG_HS_EP1_OUT_IRQHandler
                0x08001198                WWDG_IRQHandler
                0x08001198                OTG_FS_WKUP_IRQHandler
                0x08001198                TIM1_TRG_COM_TIM11_IRQHandler
                0x08001198                OTG_HS_IRQHandler
                0x08001198                EXTI1_IRQHandler
                0x08001198                USART2_IRQHandler
                0x08001198                I2C2_ER_IRQHandler
                0x08001198                DMA2_Stream1_IRQHandler
                0x08001198                CAN1_SCE_IRQHandler
                0x08001198                FLASH_IRQHandler
                0x08001198                DMA2_Stream4_IRQHandler
                0x08001198                USART1_IRQHandler
                0x08001198                OTG_FS_IRQHandler
                0x08001198                SPI3_IRQHandler
                0x08001198                DMA1_Stream4_IRQHandler
                0x08001198                I2C1_ER_IRQHandler
                0x08001198                DMA2_Stream6_IRQHandler
                0x08001198                DMA1_Stream3_IRQHandler
 *fill*         0x0800119a        0x2 
 .text.HAL_Init
                0x0800119c       0x44 ./Drivers/STM32F4xx_HAL_Driver/Src/stm32f4xx_hal.o
                0x0800119c                HAL_Init
 .text.HAL_InitTick
                0x080011e0       0x60 ./Drivers/STM32F4xx_HAL_Driver/Src/stm32f4xx_hal.o
                0x080011e0                HAL_InitTick
 .text.HAL_IncTick
                0x08001240       0x28 ./Drivers/STM32F4xx_HAL_Driver/Src/stm32f4xx_hal.o
                0x08001240                HAL_IncTick
 .text.HAL_GetTick
                0x08001268       0x18 ./Drivers/STM32F4xx_HAL_Driver/Src/stm32f4xx_hal.o
                0x08001268                HAL_GetTick
 .text.__NVIC_SetPriorityGrouping
                0x08001280       0x48 ./Drivers/STM32F4xx_HAL_Driver/Src/stm32f4xx_hal_cortex.o
 .text.__NVIC_GetPriorityGrouping
                0x080012c8       0x1c ./Drivers/STM32F4xx_HAL_Driver/Src/stm32f4xx_hal_cortex.o
 .text.__NVIC_EnableIRQ
                0x080012e4       0x3c ./Drivers/STM32F4xx_HAL_Driver/Src/stm32f4xx_hal_cortex.o
 .text.__NVIC_SetPriority
                0x08001320       0x54 ./Drivers/STM32F4xx_HAL_Driver/Src/stm32f4xx_hal_cortex.o
 .text.NVIC_EncodePriority
                0x08001374       0x66 ./Drivers/STM32F4xx_HAL_Driver/Src/stm32f4xx_hal_cortex.o
 *fill*         0x080013da        0x2 
 .text.SysTick_Config
                0x080013dc       0x44 ./Drivers/STM32F4xx_HAL_Driver/Src/stm32f4xx_hal_cortex.o
 .text.HAL_NVIC_SetPriorityGrouping
                0x08001420       0x16 ./Drivers/STM32F4xx_HAL_Driver/Src/stm32f4xx_hal_cortex.o
                0x08001420                HAL_NVIC_SetPriorityGrouping
 .text.HAL_NVIC_SetPriority
                0x08001436       0x38 ./Drivers/STM32F4xx_HAL_Driver/Src/stm32f4xx_hal_cortex.o
                0x08001436                HAL_NVIC_SetPriority
 .text.HAL_NVIC_EnableIRQ
                0x0800146e       0x1c ./Drivers/STM32F4xx_HAL_Driver/Src/stm32f4xx_hal_cortex.o
                0x0800146e                HAL_NVIC_EnableIRQ
 .text.HAL_SYSTICK_Config
                0x0800148a       0x18 ./Drivers/STM32F4xx_HAL_Driver/Src/stm32f4xx_hal_cortex.o
                0x0800148a                HAL_SYSTICK_Config
 *fill*         0x080014a2        0x2 
 .text.HAL_GPIO_Init
                0x080014a4      0x338 ./Drivers/STM32F4xx_HAL_Driver/Src/stm32f4xx_hal_gpio.o
                0x080014a4                HAL_GPIO_Init
 .text.HAL_GPIO_WritePin
                0x080017dc       0x32 ./Drivers/STM32F4xx_HAL_Driver/Src/stm32f4xx_hal_gpio.o
                0x080017dc                HAL_GPIO_WritePin
 *fill*         0x0800180e        0x2 
 .text.HAL_RCC_OscConfig
                0x08001810      0x4f0 ./Drivers/STM32F4xx_HAL_Driver/Src/stm32f4xx_hal_rcc.o
                0x08001810                HAL_RCC_OscConfig
 .text.HAL_RCC_ClockConfig
                0x08001d00      0x1cc ./Drivers/STM32F4xx_HAL_Driver/Src/stm32f4xx_hal_rcc.o
                0x08001d00                HAL_RCC_ClockConfig
 .text.HAL_RCC_GetSysClockFreq
                0x08001ecc      0x20c ./Drivers/STM32F4xx_HAL_Driver/Src/stm32f4xx_hal_rcc.o
                0x08001ecc                HAL_RCC_GetSysClockFreq
 .text.HAL_SPI_Init
                0x080020d8      0x112 ./Drivers/STM32F4xx_HAL_Driver/Src/stm32f4xx_hal_spi.o
                0x080020d8                HAL_SPI_Init
 .text.HAL_SPI_Transmit
                0x080021ea      0x288 ./Drivers/STM32F4xx_HAL_Driver/Src/stm32f4xx_hal_spi.o
                0x080021ea                HAL_SPI_Transmit
 *fill*         0x08002472        0x2 
 .text.SPI_WaitFlagStateUntilTimeout
                0x08002474      0x110 ./Drivers/STM32F4xx_HAL_Driver/Src/stm32f4xx_hal_spi.o
 .text.SPI_EndRxTxTransaction
                0x08002584       0xa8 ./Drivers/STM32F4xx_HAL_Driver/Src/stm32f4xx_hal_spi.o
 .text.HAL_SRAM_Init
                0x0800262c       0x90 ./Drivers/STM32F4xx_HAL_Driver/Src/stm32f4xx_hal_sram.o
                0x0800262c                HAL_SRAM_Init
 .text.HAL_TIM_Base_Init
                0x080026bc       0x9e ./Drivers/STM32F4xx_HAL_Driver/Src/stm32f4xx_hal_tim.o
                0x080026bc                HAL_TIM_Base_Init
 *fill*         0x0800275a        0x2 
 .text.HAL_TIM_Base_Start_IT
                0x0800275c       0xe0 ./Drivers/STM32F4xx_HAL_Driver/Src/stm32f4xx_hal_tim.o
                0x0800275c                HAL_TIM_Base_Start_IT
 .text.HAL_TIM_IRQHandler
                0x0800283c      0x1e0 ./Drivers/STM32F4xx_HAL_Driver/Src/stm32f4xx_hal_tim.o
                0x0800283c                HAL_TIM_IRQHandler
 .text.HAL_TIM_ConfigClockSource
                0x08002a1c      0x18e ./Drivers/STM32F4xx_HAL_Driver/Src/stm32f4xx_hal_tim.o
                0x08002a1c                HAL_TIM_ConfigClockSource
 .text.HAL_TIM_OC_DelayElapsedCallback
                0x08002baa       0x14 ./Drivers/STM32F4xx_HAL_Driver/Src/stm32f4xx_hal_tim.o
                0x08002baa                HAL_TIM_OC_DelayElapsedCallback
 .text.HAL_TIM_IC_CaptureCallback
                0x08002bbe       0x14 ./Drivers/STM32F4xx_HAL_Driver/Src/stm32f4xx_hal_tim.o
                0x08002bbe                HAL_TIM_IC_CaptureCallback
 .text.HAL_TIM_PWM_PulseFinishedCallback
                0x08002bd2       0x14 ./Drivers/STM32F4xx_HAL_Driver/Src/stm32f4xx_hal_tim.o
                0x08002bd2                HAL_TIM_PWM_PulseFinishedCallback
 .text.HAL_TIM_TriggerCallback
                0x08002be6       0x14 ./Drivers/STM32F4xx_HAL_Driver/Src/stm32f4xx_hal_tim.o
                0x08002be6                HAL_TIM_TriggerCallback
 *fill*         0x08002bfa        0x2 
 .text.TIM_Base_SetConfig
                0x08002bfc      0x14c ./Drivers/STM32F4xx_HAL_Driver/Src/stm32f4xx_hal_tim.o
                0x08002bfc                TIM_Base_SetConfig
 .text.TIM_TI1_ConfigInputStage
                0x08002d48       0x5e ./Drivers/STM32F4xx_HAL_Driver/Src/stm32f4xx_hal_tim.o
 .text.TIM_TI2_ConfigInputStage
                0x08002da6       0x60 ./Drivers/STM32F4xx_HAL_Driver/Src/stm32f4xx_hal_tim.o
 .text.TIM_ITRx_SetConfig
                0x08002e06       0x36 ./Drivers/STM32F4xx_HAL_Driver/Src/stm32f4xx_hal_tim.o
 .text.TIM_ETR_SetConfig
                0x08002e3c       0x40 ./Drivers/STM32F4xx_HAL_Driver/Src/stm32f4xx_hal_tim.o
                0x08002e3c                TIM_ETR_SetConfig
 .text.HAL_TIMEx_MasterConfigSynchronization
                0x08002e7c       0xf8 ./Drivers/STM32F4xx_HAL_Driver/Src/stm32f4xx_hal_tim_ex.o
                0x08002e7c                HAL_TIMEx_MasterConfigSynchronization
 .text.HAL_TIMEx_CommutCallback
                0x08002f74       0x14 ./Drivers/STM32F4xx_HAL_Driver/Src/stm32f4xx_hal_tim_ex.o
                0x08002f74                HAL_TIMEx_CommutCallback
 .text.HAL_TIMEx_BreakCallback
                0x08002f88       0x14 ./Drivers/STM32F4xx_HAL_Driver/Src/stm32f4xx_hal_tim_ex.o
                0x08002f88                HAL_TIMEx_BreakCallback
 .text.FSMC_NORSRAM_Init
                0x08002f9c       0xd4 ./Drivers/STM32F4xx_HAL_Driver/Src/stm32f4xx_ll_fsmc.o
                0x08002f9c                FSMC_NORSRAM_Init
 .text.FSMC_NORSRAM_Timing_Init
                0x08003070       0x5c ./Drivers/STM32F4xx_HAL_Driver/Src/stm32f4xx_ll_fsmc.o
                0x08003070                FSMC_NORSRAM_Timing_Init
 .text.FSMC_NORSRAM_Extended_Timing_Init
                0x080030cc       0x70 ./Drivers/STM32F4xx_HAL_Driver/Src/stm32f4xx_ll_fsmc.o
                0x080030cc                FSMC_NORSRAM_Extended_Timing_Init
 .text.memset   0x0800313c       0x10 C:/ST/STM32CubeIDE_1.19.0/STM32CubeIDE/plugins/com.st.stm32cube.ide.mcu.externaltools.gnu-tools-for-stm32.13.3.rel1.win32_1.0.0.202411081344/tools/bin/../lib/gcc/arm-none-eabi/13.3.1/../../../../arm-none-eabi/lib/thumb/v7e-m+fp/hard\libc_nano.a(libc_a-memset.o)
                0x0800313c                memset
 .text.__libc_init_array
                0x0800314c       0x48 C:/ST/STM32CubeIDE_1.19.0/STM32CubeIDE/plugins/com.st.stm32cube.ide.mcu.externaltools.gnu-tools-for-stm32.13.3.rel1.win32_1.0.0.202411081344/tools/bin/../lib/gcc/arm-none-eabi/13.3.1/../../../../arm-none-eabi/lib/thumb/v7e-m+fp/hard\libc_nano.a(libc_a-init.o)
                0x0800314c                __libc_init_array
 *(.glue_7)
 .glue_7        0x08003194        0x0 linker stubs
 *(.glue_7t)
 .glue_7t       0x08003194        0x0 linker stubs
 *(.eh_frame)
 .eh_frame      0x08003194        0x0 C:/ST/STM32CubeIDE_1.19.0/STM32CubeIDE/plugins/com.st.stm32cube.ide.mcu.externaltools.gnu-tools-for-stm32.13.3.rel1.win32_1.0.0.202411081344/tools/bin/../lib/gcc/arm-none-eabi/13.3.1/thumb/v7e-m+fp/hard/crtbegin.o
 *(.init)
 .init          0x08003194        0x4 C:/ST/STM32CubeIDE_1.19.0/STM32CubeIDE/plugins/com.st.stm32cube.ide.mcu.externaltools.gnu-tools-for-stm32.13.3.rel1.win32_1.0.0.202411081344/tools/bin/../lib/gcc/arm-none-eabi/13.3.1/thumb/v7e-m+fp/hard/crti.o
                0x08003194                _init
 .init          0x08003198        0x8 C:/ST/STM32CubeIDE_1.19.0/STM32CubeIDE/plugins/com.st.stm32cube.ide.mcu.externaltools.gnu-tools-for-stm32.13.3.rel1.win32_1.0.0.202411081344/tools/bin/../lib/gcc/arm-none-eabi/13.3.1/thumb/v7e-m+fp/hard/crtn.o
 *(.fini)
 .fini          0x080031a0        0x4 C:/ST/STM32CubeIDE_1.19.0/STM32CubeIDE/plugins/com.st.stm32cube.ide.mcu.externaltools.gnu-tools-for-stm32.13.3.rel1.win32_1.0.0.202411081344/tools/bin/../lib/gcc/arm-none-eabi/13.3.1/thumb/v7e-m+fp/hard/crti.o
                0x080031a0                _fini
 .fini          0x080031a4        0x8 C:/ST/STM32CubeIDE_1.19.0/STM32CubeIDE/plugins/com.st.stm32cube.ide.mcu.externaltools.gnu-tools-for-stm32.13.3.rel1.win32_1.0.0.202411081344/tools/bin/../lib/gcc/arm-none-eabi/13.3.1/thumb/v7e-m+fp/hard/crtn.o
                0x080031ac                        . = ALIGN (0x4)
                0x080031ac                        _etext = .

.vfp11_veneer   0x080031ac        0x0
 .vfp11_veneer  0x080031ac        0x0 linker stubs

.v4_bx          0x080031ac        0x0
 .v4_bx         0x080031ac        0x0 linker stubs

.iplt           0x080031ac        0x0
 .iplt          0x080031ac        0x0 C:/ST/STM32CubeIDE_1.19.0/STM32CubeIDE/plugins/com.st.stm32cube.ide.mcu.externaltools.gnu-tools-for-stm32.13.3.rel1.win32_1.0.0.202411081344/tools/bin/../lib/gcc/arm-none-eabi/13.3.1/thumb/v7e-m+fp/hard/crtbegin.o

.rodata         0x080031ac       0x10
                0x080031ac                        . = ALIGN (0x4)
 *(.rodata)
 *(.rodata*)
 .rodata.AHBPrescTable
                0x080031ac       0x10 ./Core/Src/system_stm32f4xx.o
                0x080031ac                AHBPrescTable
                0x080031bc                        . = ALIGN (0x4)

.ARM.extab      0x080031bc        0x0
                0x080031bc                        . = ALIGN (0x4)
 *(.ARM.extab* .gnu.linkonce.armextab.*)
                0x080031bc                        . = ALIGN (0x4)

.ARM            0x080031bc        0x8
                0x080031bc                        . = ALIGN (0x4)
                0x080031bc                        __exidx_start = .
 *(.ARM.exidx*)
 .ARM.exidx     0x080031bc        0x8 C:/ST/STM32CubeIDE_1.19.0/STM32CubeIDE/plugins/com.st.stm32cube.ide.mcu.externaltools.gnu-tools-for-stm32.13.3.rel1.win32_1.0.0.202411081344/tools/bin/../lib/gcc/arm-none-eabi/13.3.1/thumb/v7e-m+fp/hard\libgcc.a(_udivmoddi4.o)
                0x080031c4                        __exidx_end = .
                0x080031c4                        . = ALIGN (0x4)

.preinit_array  0x080031c4        0x0
                0x080031c4                        . = ALIGN (0x4)
                0x080031c4                        PROVIDE (__preinit_array_start = .)
 *(.preinit_array*)
                0x080031c4                        PROVIDE (__preinit_array_end = .)
                0x080031c4                        . = ALIGN (0x4)

.init_array     0x080031c4        0x4
                0x080031c4                        . = ALIGN (0x4)
                0x080031c4                        PROVIDE (__init_array_start = .)
 *(SORT_BY_NAME(.init_array.*))
 *(.init_array*)
 .init_array    0x080031c4        0x4 C:/ST/STM32CubeIDE_1.19.0/STM32CubeIDE/plugins/com.st.stm32cube.ide.mcu.externaltools.gnu-tools-for-stm32.13.3.rel1.win32_1.0.0.202411081344/tools/bin/../lib/gcc/arm-none-eabi/13.3.1/thumb/v7e-m+fp/hard/crtbegin.o
                0x080031c8                        PROVIDE (__init_array_end = .)
                0x080031c8                        . = ALIGN (0x4)

.fini_array     0x080031c8        0x4
                0x080031c8                        . = ALIGN (0x4)
                [!provide]                        PROVIDE (__fini_array_start = .)
 *(SORT_BY_NAME(.fini_array.*))
 *(.fini_array*)
 .fini_array    0x080031c8        0x4 C:/ST/STM32CubeIDE_1.19.0/STM32CubeIDE/plugins/com.st.stm32cube.ide.mcu.externaltools.gnu-tools-for-stm32.13.3.rel1.win32_1.0.0.202411081344/tools/bin/../lib/gcc/arm-none-eabi/13.3.1/thumb/v7e-m+fp/hard/crtbegin.o
                [!provide]                        PROVIDE (__fini_array_end = .)
                0x080031cc                        . = ALIGN (0x4)
                0x080031cc                        _sidata = LOADADDR (.data)

.rel.dyn        0x080031cc        0x0
 .rel.iplt      0x080031cc        0x0 C:/ST/STM32CubeIDE_1.19.0/STM32CubeIDE/plugins/com.st.stm32cube.ide.mcu.externaltools.gnu-tools-for-stm32.13.3.rel1.win32_1.0.0.202411081344/tools/bin/../lib/gcc/arm-none-eabi/13.3.1/thumb/v7e-m+fp/hard/crtbegin.o

.data           0x20000000       0x1c load address 0x080031cc
                0x20000000                        . = ALIGN (0x4)
                0x20000000                        _sdata = .
 *(.data)
 *(.data*)
 .data.led7seg  0x20000000        0x4 ./Core/Src/led_7seg.o
                0x20000000                led7seg
 .data.led7segMap
                0x20000004        0xa ./Core/Src/led_7seg.o
                0x20000004                led7segMap
 *fill*         0x2000000e        0x2 
 .data.SystemCoreClock
                0x20000010        0x4 ./Core/Src/system_stm32f4xx.o
                0x20000010                SystemCoreClock
 .data.uwTickPrio
                0x20000014        0x4 ./Drivers/STM32F4xx_HAL_Driver/Src/stm32f4xx_hal.o
                0x20000014                uwTickPrio
 .data.uwTickFreq
                0x20000018        0x1 ./Drivers/STM32F4xx_HAL_Driver/Src/stm32f4xx_hal.o
                0x20000018                uwTickFreq
 *(.RamFunc)
 *(.RamFunc*)
                0x2000001c                        . = ALIGN (0x4)
 *fill*         0x20000019        0x3 
                0x2000001c                        _edata = .
                0x080031e8                        _siccmram = LOADADDR (.ccmram)

.igot.plt       0x2000001c        0x0 load address 0x080031e8
 .igot.plt      0x2000001c        0x0 C:/ST/STM32CubeIDE_1.19.0/STM32CubeIDE/plugins/com.st.stm32cube.ide.mcu.externaltools.gnu-tools-for-stm32.13.3.rel1.win32_1.0.0.202411081344/tools/bin/../lib/gcc/arm-none-eabi/13.3.1/thumb/v7e-m+fp/hard/crtbegin.o

.ccmram         0x10000000        0x0 load address 0x080031e8
                0x10000000                        . = ALIGN (0x4)
                0x10000000                        _sccmram = .
 *(.ccmram)
 *(.ccmram*)
                0x10000000                        . = ALIGN (0x4)
                0x10000000                        _eccmram = .
                0x10000000                        . = ALIGN (0x4)

.bss            0x2000001c      0x160
                0x2000001c                        _sbss = .
                0x2000001c                        __bss_start__ = _sbss
 *(.bss)
 .bss           0x2000001c       0x1c C:/ST/STM32CubeIDE_1.19.0/STM32CubeIDE/plugins/com.st.stm32cube.ide.mcu.externaltools.gnu-tools-for-stm32.13.3.rel1.win32_1.0.0.202411081344/tools/bin/../lib/gcc/arm-none-eabi/13.3.1/thumb/v7e-m+fp/hard/crtbegin.o
 *(.bss*)
 .bss.hsram1    0x20000038       0x50 ./Core/Src/fsmc.o
                0x20000038                hsram1
 .bss.FSMC_Initialized
                0x20000088        0x4 ./Core/Src/fsmc.o
 .bss.led7segInx
                0x2000008c        0x1 ./Core/Src/led_7seg.o
                0x2000008c                led7segInx
 *fill*         0x2000008d        0x1 
 .bss.spiBuffer
                0x2000008e        0x2 ./Core/Src/led_7seg.o
                0x2000008e                spiBuffer
 .bss.hour      0x20000090        0x1 ./Core/Src/led_7seg.o
                0x20000090                hour
 .bss.minute    0x20000091        0x1 ./Core/Src/led_7seg.o
                0x20000091                minute
 .bss.timer2Flag
                0x20000092        0x1 ./Core/Src/software_timer.o
                0x20000092                timer2Flag
 *fill*         0x20000093        0x1 
 .bss.timer2Count
                0x20000094        0x2 ./Core/Src/software_timer.o
                0x20000094                timer2Count
 .bss.timer2Mul
                0x20000096        0x2 ./Core/Src/software_timer.o
                0x20000096                timer2Mul
 .bss.task      0x20000098       0x3c ./Core/Src/software_timer.o
                0x20000098                task
 .bss.globalFlag
                0x200000d4        0x1 ./Core/Src/software_timer.o
                0x200000d4                globalFlag
 *fill*         0x200000d5        0x3 
 .bss.hspi1     0x200000d8       0x58 ./Core/Src/spi.o
                0x200000d8                hspi1
 .bss.htim2     0x20000130       0x48 ./Core/Src/tim.o
                0x20000130                htim2
 .bss.uwTick    0x20000178        0x4 ./Drivers/STM32F4xx_HAL_Driver/Src/stm32f4xx_hal.o
                0x20000178                uwTick
 *(COMMON)
                0x2000017c                        . = ALIGN (0x4)
                0x2000017c                        _ebss = .
                0x2000017c                        __bss_end__ = _ebss

._user_heap_stack
                0x2000017c      0x604
                0x20000180                        . = ALIGN (0x8)
 *fill*         0x2000017c        0x4 
                [!provide]                        PROVIDE (end = .)
                0x20000180                        PROVIDE (_end = .)
                0x20000380                        . = (. + _Min_Heap_Size)
 *fill*         0x20000180      0x200 
                0x20000780                        . = (. + _Min_Stack_Size)
 *fill*         0x20000380      0x400 
                0x20000780                        . = ALIGN (0x8)

/DISCARD/
 libc.a(*)
 libm.a(*)
 libgcc.a(*)

.ARM.attributes
                0x00000000       0x30
 *(.ARM.attributes)
 .ARM.attributes
                0x00000000       0x22 C:/ST/STM32CubeIDE_1.19.0/STM32CubeIDE/plugins/com.st.stm32cube.ide.mcu.externaltools.gnu-tools-for-stm32.13.3.rel1.win32_1.0.0.202411081344/tools/bin/../lib/gcc/arm-none-eabi/13.3.1/thumb/v7e-m+fp/hard/crti.o
 .ARM.attributes
                0x00000022       0x34 C:/ST/STM32CubeIDE_1.19.0/STM32CubeIDE/plugins/com.st.stm32cube.ide.mcu.externaltools.gnu-tools-for-stm32.13.3.rel1.win32_1.0.0.202411081344/tools/bin/../lib/gcc/arm-none-eabi/13.3.1/thumb/v7e-m+fp/hard/crtbegin.o
 .ARM.attributes
                0x00000056       0x34 ./Core/Src/fsmc.o
 .ARM.attributes
                0x0000008a       0x34 ./Core/Src/gpio.o
 .ARM.attributes
                0x000000be       0x34 ./Core/Src/lab2.o
 .ARM.attributes
                0x000000f2       0x34 ./Core/Src/led_7seg.o
 .ARM.attributes
                0x00000126       0x34 ./Core/Src/main.o
 .ARM.attributes
                0x0000015a       0x34 ./Core/Src/software_timer.o
 .ARM.attributes
                0x0000018e       0x34 ./Core/Src/spi.o
 .ARM.attributes
                0x000001c2       0x34 ./Core/Src/stm32f4xx_hal_msp.o
 .ARM.attributes
                0x000001f6       0x34 ./Core/Src/stm32f4xx_it.o
 .ARM.attributes
                0x0000022a       0x34 ./Core/Src/system_stm32f4xx.o
 .ARM.attributes
                0x0000025e       0x34 ./Core/Src/tim.o
 .ARM.attributes
                0x00000292       0x21 ./Core/Startup/startup_stm32f407zgtx.o
 .ARM.attributes
                0x000002b3       0x34 ./Drivers/STM32F4xx_HAL_Driver/Src/stm32f4xx_hal.o
 .ARM.attributes
                0x000002e7       0x34 ./Drivers/STM32F4xx_HAL_Driver/Src/stm32f4xx_hal_cortex.o
 .ARM.attributes
                0x0000031b       0x34 ./Drivers/STM32F4xx_HAL_Driver/Src/stm32f4xx_hal_gpio.o
 .ARM.attributes
                0x0000034f       0x34 ./Drivers/STM32F4xx_HAL_Driver/Src/stm32f4xx_hal_rcc.o
 .ARM.attributes
                0x00000383       0x34 ./Drivers/STM32F4xx_HAL_Driver/Src/stm32f4xx_hal_spi.o
 .ARM.attributes
                0x000003b7       0x34 ./Drivers/STM32F4xx_HAL_Driver/Src/stm32f4xx_hal_sram.o
 .ARM.attributes
                0x000003eb       0x34 ./Drivers/STM32F4xx_HAL_Driver/Src/stm32f4xx_hal_tim.o
 .ARM.attributes
                0x0000041f       0x34 ./Drivers/STM32F4xx_HAL_Driver/Src/stm32f4xx_hal_tim_ex.o
 .ARM.attributes
                0x00000453       0x34 ./Drivers/STM32F4xx_HAL_Driver/Src/stm32f4xx_ll_fsmc.o
 .ARM.attributes
                0x00000487       0x34 C:/ST/STM32CubeIDE_1.19.0/STM32CubeIDE/plugins/com.st.stm32cube.ide.mcu.externaltools.gnu-tools-for-stm32.13.3.rel1.win32_1.0.0.202411081344/tools/bin/../lib/gcc/arm-none-eabi/13.3.1/../../../../arm-none-eabi/lib/thumb/v7e-m+fp/hard\libc_nano.a(libc_a-memset.o)
 .ARM.attributes
                0x000004bb       0x34 C:/ST/STM32CubeIDE_1.19.0/STM32CubeIDE/plugins/com.st.stm32cube.ide.mcu.externaltools.gnu-tools-for-stm32.13.3.rel1.win32_1.0.0.202411081344/tools/bin/../lib/gcc/arm-none-eabi/13.3.1/../../../../arm-none-eabi/lib/thumb/v7e-m+fp/hard\libc_nano.a(libc_a-init.o)
 .ARM.attributes
                0x000004ef       0x22 C:/ST/STM32CubeIDE_1.19.0/STM32CubeIDE/plugins/com.st.stm32cube.ide.mcu.externaltools.gnu-tools-for-stm32.13.3.rel1.win32_1.0.0.202411081344/tools/bin/../lib/gcc/arm-none-eabi/13.3.1/thumb/v7e-m+fp/hard\libgcc.a(_aeabi_uldivmod.o)
 .ARM.attributes
                0x00000511       0x34 C:/ST/STM32CubeIDE_1.19.0/STM32CubeIDE/plugins/com.st.stm32cube.ide.mcu.externaltools.gnu-tools-for-stm32.13.3.rel1.win32_1.0.0.202411081344/tools/bin/../lib/gcc/arm-none-eabi/13.3.1/thumb/v7e-m+fp/hard\libgcc.a(_udivmoddi4.o)
 .ARM.attributes
                0x00000545       0x22 C:/ST/STM32CubeIDE_1.19.0/STM32CubeIDE/plugins/com.st.stm32cube.ide.mcu.externaltools.gnu-tools-for-stm32.13.3.rel1.win32_1.0.0.202411081344/tools/bin/../lib/gcc/arm-none-eabi/13.3.1/thumb/v7e-m+fp/hard\libgcc.a(_dvmd_tls.o)
 .ARM.attributes
                0x00000567       0x22 C:/ST/STM32CubeIDE_1.19.0/STM32CubeIDE/plugins/com.st.stm32cube.ide.mcu.externaltools.gnu-tools-for-stm32.13.3.rel1.win32_1.0.0.202411081344/tools/bin/../lib/gcc/arm-none-eabi/13.3.1/thumb/v7e-m+fp/hard/crtn.o
OUTPUT(BKIT_LAB1.elf elf32-littlearm)
LOAD linker stubs
LOAD C:/ST/STM32CubeIDE_1.19.0/STM32CubeIDE/plugins/com.st.stm32cube.ide.mcu.externaltools.gnu-tools-for-stm32.13.3.rel1.win32_1.0.0.202411081344/tools/bin/../lib/gcc/arm-none-eabi/13.3.1/../../../../arm-none-eabi/lib/thumb/v7e-m+fp/hard\libc.a
LOAD C:/ST/STM32CubeIDE_1.19.0/STM32CubeIDE/plugins/com.st.stm32cube.ide.mcu.externaltools.gnu-tools-for-stm32.13.3.rel1.win32_1.0.0.202411081344/tools/bin/../lib/gcc/arm-none-eabi/13.3.1/../../../../arm-none-eabi/lib/thumb/v7e-m+fp/hard\libm.a
LOAD C:/ST/STM32CubeIDE_1.19.0/STM32CubeIDE/plugins/com.st.stm32cube.ide.mcu.externaltools.gnu-tools-for-stm32.13.3.rel1.win32_1.0.0.202411081344/tools/bin/../lib/gcc/arm-none-eabi/13.3.1/thumb/v7e-m+fp/hard\libgcc.a

.debug_info     0x00000000     0xddd3
 .debug_info    0x00000000      0x9ee ./Core/Src/fsmc.o
 .debug_info    0x000009ee      0x45d ./Core/Src/gpio.o
 .debug_info    0x00000e4b      0x3a9 ./Core/Src/lab2.o
 .debug_info    0x000011f4      0x8d4 ./Core/Src/led_7seg.o
 .debug_info    0x00001ac8      0x4f6 ./Core/Src/main.o
 .debug_info    0x00001fbe      0x959 ./Core/Src/software_timer.o
 .debug_info    0x00002917      0x94d ./Core/Src/spi.o
 .debug_info    0x00003264      0x269 ./Core/Src/stm32f4xx_hal_msp.o
 .debug_info    0x000034cd      0x6e1 ./Core/Src/stm32f4xx_it.o
 .debug_info    0x00003bae      0x512 ./Core/Src/system_stm32f4xx.o
 .debug_info    0x000040c0      0xc03 ./Core/Src/tim.o
 .debug_info    0x00004cc3       0x30 ./Core/Startup/startup_stm32f407zgtx.o
 .debug_info    0x00004cf3      0x944 ./Drivers/STM32F4xx_HAL_Driver/Src/stm32f4xx_hal.o
 .debug_info    0x00005637      0xd8c ./Drivers/STM32F4xx_HAL_Driver/Src/stm32f4xx_hal_cortex.o
 .debug_info    0x000063c3      0x6c3 ./Drivers/STM32F4xx_HAL_Driver/Src/stm32f4xx_hal_gpio.o
 .debug_info    0x00006a86      0x8c3 ./Drivers/STM32F4xx_HAL_Driver/Src/stm32f4xx_hal_rcc.o
 .debug_info    0x00007349     0x1525 ./Drivers/STM32F4xx_HAL_Driver/Src/stm32f4xx_hal_spi.o
 .debug_info    0x0000886e      0xd48 ./Drivers/STM32F4xx_HAL_Driver/Src/stm32f4xx_hal_sram.o
 .debug_info    0x000095b6     0x299d ./Drivers/STM32F4xx_HAL_Driver/Src/stm32f4xx_hal_tim.o
 .debug_info    0x0000bf53     0x14db ./Drivers/STM32F4xx_HAL_Driver/Src/stm32f4xx_hal_tim_ex.o
 .debug_info    0x0000d42e      0x9a5 ./Drivers/STM32F4xx_HAL_Driver/Src/stm32f4xx_ll_fsmc.o

.debug_abbrev   0x00000000     0x279f
 .debug_abbrev  0x00000000      0x212 ./Core/Src/fsmc.o
 .debug_abbrev  0x00000212      0x152 ./Core/Src/gpio.o
 .debug_abbrev  0x00000364      0x150 ./Core/Src/lab2.o
 .debug_abbrev  0x000004b4      0x255 ./Core/Src/led_7seg.o
 .debug_abbrev  0x00000709      0x20d ./Core/Src/main.o
 .debug_abbrev  0x00000916      0x221 ./Core/Src/software_timer.o
 .debug_abbrev  0x00000b37      0x1fa ./Core/Src/spi.o
 .debug_abbrev  0x00000d31       0xd8 ./Core/Src/stm32f4xx_hal_msp.o
 .debug_abbrev  0x00000e09      0x192 ./Core/Src/stm32f4xx_it.o
 .debug_abbrev  0x00000f9b      0x11a ./Core/Src/system_stm32f4xx.o
 .debug_abbrev  0x000010b5      0x1f7 ./Core/Src/tim.o
 .debug_abbrev  0x000012ac       0x24 ./Core/Startup/startup_stm32f407zgtx.o
 .debug_abbrev  0x000012d0      0x214 ./Drivers/STM32F4xx_HAL_Driver/Src/stm32f4xx_hal.o
 .debug_abbrev  0x000014e4      0x31d ./Drivers/STM32F4xx_HAL_Driver/Src/stm32f4xx_hal_cortex.o
 .debug_abbrev  0x00001801      0x1d4 ./Drivers/STM32F4xx_HAL_Driver/Src/stm32f4xx_hal_gpio.o
 .debug_abbrev  0x000019d5      0x2b7 ./Drivers/STM32F4xx_HAL_Driver/Src/stm32f4xx_hal_rcc.o
 .debug_abbrev  0x00001c8c      0x27a ./Drivers/STM32F4xx_HAL_Driver/Src/stm32f4xx_hal_spi.o
 .debug_abbrev  0x00001f06      0x1f3 ./Drivers/STM32F4xx_HAL_Driver/Src/stm32f4xx_hal_sram.o
 .debug_abbrev  0x000020f9      0x278 ./Drivers/STM32F4xx_HAL_Driver/Src/stm32f4xx_hal_tim.o
 .debug_abbrev  0x00002371      0x283 ./Drivers/STM32F4xx_HAL_Driver/Src/stm32f4xx_hal_tim_ex.o
 .debug_abbrev  0x000025f4      0x1ab ./Drivers/STM32F4xx_HAL_Driver/Src/stm32f4xx_ll_fsmc.o

.debug_aranges  0x00000000      0xe90
 .debug_aranges
                0x00000000       0x40 ./Core/Src/fsmc.o
 .debug_aranges
                0x00000040       0x20 ./Core/Src/gpio.o
 .debug_aranges
                0x00000060       0x90 ./Core/Src/lab2.o
 .debug_aranges
                0x000000f0       0x68 ./Core/Src/led_7seg.o
 .debug_aranges
                0x00000158       0x30 ./Core/Src/main.o
 .debug_aranges
                0x00000188       0x68 ./Core/Src/software_timer.o
 .debug_aranges
                0x000001f0       0x30 ./Core/Src/spi.o
 .debug_aranges
                0x00000220       0x20 ./Core/Src/stm32f4xx_hal_msp.o
 .debug_aranges
                0x00000240       0x68 ./Core/Src/stm32f4xx_it.o
 .debug_aranges
                0x000002a8       0x28 ./Core/Src/system_stm32f4xx.o
 .debug_aranges
                0x000002d0       0x30 ./Core/Src/tim.o
 .debug_aranges
                0x00000300       0x28 ./Core/Startup/startup_stm32f407zgtx.o
 .debug_aranges
                0x00000328       0xf0 ./Drivers/STM32F4xx_HAL_Driver/Src/stm32f4xx_hal.o
 .debug_aranges
                0x00000418      0x130 ./Drivers/STM32F4xx_HAL_Driver/Src/stm32f4xx_hal_cortex.o
 .debug_aranges
                0x00000548       0x58 ./Drivers/STM32F4xx_HAL_Driver/Src/stm32f4xx_hal_gpio.o
 .debug_aranges
                0x000005a0       0x88 ./Drivers/STM32F4xx_HAL_Driver/Src/stm32f4xx_hal_rcc.o
 .debug_aranges
                0x00000628      0x1d0 ./Drivers/STM32F4xx_HAL_Driver/Src/stm32f4xx_hal_spi.o
 .debug_aranges
                0x000007f8       0xb8 ./Drivers/STM32F4xx_HAL_Driver/Src/stm32f4xx_hal_sram.o
 .debug_aranges
                0x000008b0      0x3d0 ./Drivers/STM32F4xx_HAL_Driver/Src/stm32f4xx_hal_tim.o
 .debug_aranges
                0x00000c80      0x168 ./Drivers/STM32F4xx_HAL_Driver/Src/stm32f4xx_hal_tim_ex.o
 .debug_aranges
                0x00000de8       0xa8 ./Drivers/STM32F4xx_HAL_Driver/Src/stm32f4xx_ll_fsmc.o

.debug_rnglists
                0x00000000      0xb1b
 .debug_rnglists
                0x00000000       0x2d ./Core/Src/fsmc.o
 .debug_rnglists
                0x0000002d       0x14 ./Core/Src/gpio.o
 .debug_rnglists
                0x00000041       0x67 ./Core/Src/lab2.o
 .debug_rnglists
                0x000000a8       0x4c ./Core/Src/led_7seg.o
 .debug_rnglists
                0x000000f4       0x20 ./Core/Src/main.o
 .debug_rnglists
                0x00000114       0x4d ./Core/Src/software_timer.o
 .debug_rnglists
                0x00000161       0x20 ./Core/Src/spi.o
 .debug_rnglists
                0x00000181       0x13 ./Core/Src/stm32f4xx_hal_msp.o
 .debug_rnglists
                0x00000194       0x49 ./Core/Src/stm32f4xx_it.o
 .debug_rnglists
                0x000001dd       0x1a ./Core/Src/system_stm32f4xx.o
 .debug_rnglists
                0x000001f7       0x20 ./Core/Src/tim.o
 .debug_rnglists
                0x00000217       0x19 ./Core/Startup/startup_stm32f407zgtx.o
 .debug_rnglists
                0x00000230       0xaf ./Drivers/STM32F4xx_HAL_Driver/Src/stm32f4xx_hal.o
 .debug_rnglists
                0x000002df       0xe0 ./Drivers/STM32F4xx_HAL_Driver/Src/stm32f4xx_hal_cortex.o
 .debug_rnglists
                0x000003bf       0x3f ./Drivers/STM32F4xx_HAL_Driver/Src/stm32f4xx_hal_gpio.o
 .debug_rnglists
                0x000003fe       0x66 ./Drivers/STM32F4xx_HAL_Driver/Src/stm32f4xx_hal_rcc.o
 .debug_rnglists
                0x00000464      0x16f ./Drivers/STM32F4xx_HAL_Driver/Src/stm32f4xx_hal_spi.o
 .debug_rnglists
                0x000005d3       0x8d ./Drivers/STM32F4xx_HAL_Driver/Src/stm32f4xx_hal_sram.o
 .debug_rnglists
                0x00000660      0x31a ./Drivers/STM32F4xx_HAL_Driver/Src/stm32f4xx_hal_tim.o
 .debug_rnglists
                0x0000097a      0x125 ./Drivers/STM32F4xx_HAL_Driver/Src/stm32f4xx_hal_tim_ex.o
 .debug_rnglists
                0x00000a9f       0x7c ./Drivers/STM32F4xx_HAL_Driver/Src/stm32f4xx_ll_fsmc.o

.debug_macro    0x00000000     0x2919
 .debug_macro   0x00000000      0x202 ./Core/Src/fsmc.o
 .debug_macro   0x00000202      0x202 ./Core/Src/gpio.o
 .debug_macro   0x00000404      0x22e ./Core/Src/lab2.o
 .debug_macro   0x00000632       0x1c ./Core/Src/lab2.o
 .debug_macro   0x0000064e       0x28 ./Core/Src/lab2.o
 .debug_macro   0x00000676      0x20c ./Core/Src/led_7seg.o
 .debug_macro   0x00000882      0x277 ./Core/Src/main.o
 .debug_macro   0x00000af9       0x22 ./Core/Src/main.o
 .debug_macro   0x00000b1b      0x211 ./Core/Src/software_timer.o
 .debug_macro   0x00000d2c      0x202 ./Core/Src/spi.o
 .debug_macro   0x00000f2e      0x1f8 ./Core/Src/stm32f4xx_hal_msp.o
 .debug_macro   0x00001126      0x202 ./Core/Src/stm32f4xx_it.o
 .debug_macro   0x00001328      0x1e9 ./Core/Src/system_stm32f4xx.o
 .debug_macro   0x00001511      0x202 ./Core/Src/tim.o
 .debug_macro   0x00001713      0x249 ./Drivers/STM32F4xx_HAL_Driver/Src/stm32f4xx_hal.o
 .debug_macro   0x0000195c      0x1e9 ./Drivers/STM32F4xx_HAL_Driver/Src/stm32f4xx_hal_cortex.o
 .debug_macro   0x00001b45      0x1ef ./Drivers/STM32F4xx_HAL_Driver/Src/stm32f4xx_hal_gpio.o
 .debug_macro   0x00001d34      0x20d ./Drivers/STM32F4xx_HAL_Driver/Src/stm32f4xx_hal_rcc.o
 .debug_macro   0x00001f41      0x1f8 ./Drivers/STM32F4xx_HAL_Driver/Src/stm32f4xx_hal_spi.o
 .debug_macro   0x00002139      0x1e9 ./Drivers/STM32F4xx_HAL_Driver/Src/stm32f4xx_hal_sram.o
 .debug_macro   0x00002322      0x1ea ./Drivers/STM32F4xx_HAL_Driver/Src/stm32f4xx_hal_tim.o
 .debug_macro   0x0000250c      0x1e9 ./Drivers/STM32F4xx_HAL_Driver/Src/stm32f4xx_hal_tim_ex.o
 .debug_macro   0x000026f5      0x224 ./Drivers/STM32F4xx_HAL_Driver/Src/stm32f4xx_ll_fsmc.o

.debug_line     0x00000000    0x113dd
 .debug_line    0x00000000      0x87d ./Core/Src/fsmc.o
 .debug_line    0x0000087d      0x7d3 ./Core/Src/gpio.o
 .debug_line    0x00001050      0x95b ./Core/Src/lab2.o
 .debug_line    0x000019ab      0x90f ./Core/Src/led_7seg.o
 .debug_line    0x000022ba      0x872 ./Core/Src/main.o
 .debug_line    0x00002b2c      0x940 ./Core/Src/software_timer.o
 .debug_line    0x0000346c      0x7ea ./Core/Src/spi.o
 .debug_line    0x00003c56      0x774 ./Core/Src/stm32f4xx_hal_msp.o
 .debug_line    0x000043ca      0x83b ./Core/Src/stm32f4xx_it.o
 .debug_line    0x00004c05      0x7ea ./Core/Src/system_stm32f4xx.o
 .debug_line    0x000053ef      0x7ee ./Core/Src/tim.o
 .debug_line    0x00005bdd       0x7a ./Core/Startup/startup_stm32f407zgtx.o
 .debug_line    0x00005c57      0xa66 ./Drivers/STM32F4xx_HAL_Driver/Src/stm32f4xx_hal.o
 .debug_line    0x000066bd      0xd36 ./Drivers/STM32F4xx_HAL_Driver/Src/stm32f4xx_hal_cortex.o
 .debug_line    0x000073f3      0xbbe ./Drivers/STM32F4xx_HAL_Driver/Src/stm32f4xx_hal_gpio.o
 .debug_line    0x00007fb1      0xe75 ./Drivers/STM32F4xx_HAL_Driver/Src/stm32f4xx_hal_rcc.o
 .debug_line    0x00008e26     0x1d01 ./Drivers/STM32F4xx_HAL_Driver/Src/stm32f4xx_hal_spi.o
 .debug_line    0x0000ab27      0xc53 ./Drivers/STM32F4xx_HAL_Driver/Src/stm32f4xx_hal_sram.o
 .debug_line    0x0000b77a     0x37db ./Drivers/STM32F4xx_HAL_Driver/Src/stm32f4xx_hal_tim.o
 .debug_line    0x0000ef55     0x19c6 ./Drivers/STM32F4xx_HAL_Driver/Src/stm32f4xx_hal_tim_ex.o
 .debug_line    0x0001091b      0xac2 ./Drivers/STM32F4xx_HAL_Driver/Src/stm32f4xx_ll_fsmc.o

.debug_str      0x00000000    0xcabb4
 .debug_str     0x00000000    0xcabb4 ./Core/Src/fsmc.o
                              0xc6d92 (size before relaxing)
 .debug_str     0x000cabb4    0xc6840 ./Core/Src/gpio.o
 .debug_str     0x000cabb4    0xc693c ./Core/Src/lab2.o
 .debug_str     0x000cabb4    0xc6c60 ./Core/Src/led_7seg.o
 .debug_str     0x000cabb4    0xc6c97 ./Core/Src/main.o
 .debug_str     0x000cabb4    0xc6d8c ./Core/Src/software_timer.o
 .debug_str     0x000cabb4    0xc6ccc ./Core/Src/spi.o
 .debug_str     0x000cabb4    0xc6775 ./Core/Src/stm32f4xx_hal_msp.o
 .debug_str     0x000cabb4    0xc6c59 ./Core/Src/stm32f4xx_it.o
 .debug_str     0x000cabb4    0xc6634 ./Core/Src/system_stm32f4xx.o
 .debug_str     0x000cabb4    0xc734a ./Core/Src/tim.o
 .debug_str     0x000cabb4       0x7b ./Core/Startup/startup_stm32f407zgtx.o
 .debug_str     0x000cabb4    0xc71b8 ./Drivers/STM32F4xx_HAL_Driver/Src/stm32f4xx_hal.o
 .debug_str     0x000cabb4    0xc6f34 ./Drivers/STM32F4xx_HAL_Driver/Src/stm32f4xx_hal_cortex.o
 .debug_str     0x000cabb4    0xc67af ./Drivers/STM32F4xx_HAL_Driver/Src/stm32f4xx_hal_gpio.o
 .debug_str     0x000cabb4    0xc6a68 ./Drivers/STM32F4xx_HAL_Driver/Src/stm32f4xx_hal_rcc.o
 .debug_str     0x000cabb4    0xc6ef2 ./Drivers/STM32F4xx_HAL_Driver/Src/stm32f4xx_hal_spi.o
 .debug_str     0x000cabb4    0xc6c32 ./Drivers/STM32F4xx_HAL_Driver/Src/stm32f4xx_hal_sram.o
 .debug_str     0x000cabb4    0xc79be ./Drivers/STM32F4xx_HAL_Driver/Src/stm32f4xx_hal_tim.o
 .debug_str     0x000cabb4    0xc71ca ./Drivers/STM32F4xx_HAL_Driver/Src/stm32f4xx_hal_tim_ex.o
 .debug_str     0x000cabb4    0xc6e9f ./Drivers/STM32F4xx_HAL_Driver/Src/stm32f4xx_ll_fsmc.o

.comment        0x00000000       0x43
 .comment       0x00000000       0x43 ./Core/Src/fsmc.o
                                 0x44 (size before relaxing)
 .comment       0x00000043       0x44 ./Core/Src/gpio.o
 .comment       0x00000043       0x44 ./Core/Src/lab2.o
 .comment       0x00000043       0x44 ./Core/Src/led_7seg.o
 .comment       0x00000043       0x44 ./Core/Src/main.o
 .comment       0x00000043       0x44 ./Core/Src/software_timer.o
 .comment       0x00000043       0x44 ./Core/Src/spi.o
 .comment       0x00000043       0x44 ./Core/Src/stm32f4xx_hal_msp.o
 .comment       0x00000043       0x44 ./Core/Src/stm32f4xx_it.o
 .comment       0x00000043       0x44 ./Core/Src/system_stm32f4xx.o
 .comment       0x00000043       0x44 ./Core/Src/tim.o
 .comment       0x00000043       0x44 ./Drivers/STM32F4xx_HAL_Driver/Src/stm32f4xx_hal.o
 .comment       0x00000043       0x44 ./Drivers/STM32F4xx_HAL_Driver/Src/stm32f4xx_hal_cortex.o
 .comment       0x00000043       0x44 ./Drivers/STM32F4xx_HAL_Driver/Src/stm32f4xx_hal_gpio.o
 .comment       0x00000043       0x44 ./Drivers/STM32F4xx_HAL_Driver/Src/stm32f4xx_hal_rcc.o
 .comment       0x00000043       0x44 ./Drivers/STM32F4xx_HAL_Driver/Src/stm32f4xx_hal_spi.o
 .comment       0x00000043       0x44 ./Drivers/STM32F4xx_HAL_Driver/Src/stm32f4xx_hal_sram.o
 .comment       0x00000043       0x44 ./Drivers/STM32F4xx_HAL_Driver/Src/stm32f4xx_hal_tim.o
 .comment       0x00000043       0x44 ./Drivers/STM32F4xx_HAL_Driver/Src/stm32f4xx_hal_tim_ex.o
 .comment       0x00000043       0x44 ./Drivers/STM32F4xx_HAL_Driver/Src/stm32f4xx_ll_fsmc.o

.debug_frame    0x00000000     0x3b0c
 .debug_frame   0x00000000       0xbc ./Core/Src/fsmc.o
 .debug_frame   0x000000bc       0x34 ./Core/Src/gpio.o
 .debug_frame   0x000000f0      0x1b4 ./Core/Src/lab2.o
 .debug_frame   0x000002a4      0x170 ./Core/Src/led_7seg.o
 .debug_frame   0x00000414       0x68 ./Core/Src/main.o
 .debug_frame   0x0000047c      0x180 ./Core/Src/software_timer.o
 .debug_frame   0x000005fc       0x74 ./Core/Src/spi.o
 .debug_frame   0x00000670       0x38 ./Core/Src/stm32f4xx_hal_msp.o
 .debug_frame   0x000006a8      0x120 ./Core/Src/stm32f4xx_it.o
 .debug_frame   0x000007c8       0x58 ./Core/Src/system_stm32f4xx.o
 .debug_frame   0x00000820       0x7c ./Core/Src/tim.o
 .debug_frame   0x0000089c      0x374 ./Drivers/STM32F4xx_HAL_Driver/Src/stm32f4xx_hal.o
 .debug_frame   0x00000c10      0x508 ./Drivers/STM32F4xx_HAL_Driver/Src/stm32f4xx_hal_cortex.o
 .debug_frame   0x00001118      0x14c ./Drivers/STM32F4xx_HAL_Driver/Src/stm32f4xx_hal_gpio.o
 .debug_frame   0x00001264      0x1f4 ./Drivers/STM32F4xx_HAL_Driver/Src/stm32f4xx_hal_rcc.o
 .debug_frame   0x00001458      0x828 ./Drivers/STM32F4xx_HAL_Driver/Src/stm32f4xx_hal_spi.o
 .debug_frame   0x00001c80      0x30c ./Drivers/STM32F4xx_HAL_Driver/Src/stm32f4xx_hal_sram.o
 .debug_frame   0x00001f8c     0x11c0 ./Drivers/STM32F4xx_HAL_Driver/Src/stm32f4xx_hal_tim.o
 .debug_frame   0x0000314c      0x638 ./Drivers/STM32F4xx_HAL_Driver/Src/stm32f4xx_hal_tim_ex.o
 .debug_frame   0x00003784      0x2dc ./Drivers/STM32F4xx_HAL_Driver/Src/stm32f4xx_ll_fsmc.o
 .debug_frame   0x00003a60       0x20 C:/ST/STM32CubeIDE_1.19.0/STM32CubeIDE/plugins/com.st.stm32cube.ide.mcu.externaltools.gnu-tools-for-stm32.13.3.rel1.win32_1.0.0.202411081344/tools/bin/../lib/gcc/arm-none-eabi/13.3.1/../../../../arm-none-eabi/lib/thumb/v7e-m+fp/hard\libc_nano.a(libc_a-memset.o)
 .debug_frame   0x00003a80       0x2c C:/ST/STM32CubeIDE_1.19.0/STM32CubeIDE/plugins/com.st.stm32cube.ide.mcu.externaltools.gnu-tools-for-stm32.13.3.rel1.win32_1.0.0.202411081344/tools/bin/../lib/gcc/arm-none-eabi/13.3.1/../../../../arm-none-eabi/lib/thumb/v7e-m+fp/hard\libc_nano.a(libc_a-init.o)
 .debug_frame   0x00003aac       0x2c C:/ST/STM32CubeIDE_1.19.0/STM32CubeIDE/plugins/com.st.stm32cube.ide.mcu.externaltools.gnu-tools-for-stm32.13.3.rel1.win32_1.0.0.202411081344/tools/bin/../lib/gcc/arm-none-eabi/13.3.1/thumb/v7e-m+fp/hard\libgcc.a(_aeabi_uldivmod.o)
 .debug_frame   0x00003ad8       0x34 C:/ST/STM32CubeIDE_1.19.0/STM32CubeIDE/plugins/com.st.stm32cube.ide.mcu.externaltools.gnu-tools-for-stm32.13.3.rel1.win32_1.0.0.202411081344/tools/bin/../lib/gcc/arm-none-eabi/13.3.1/thumb/v7e-m+fp/hard\libgcc.a(_udivmoddi4.o)

.debug_line_str
                0x00000000       0x5f
 .debug_line_str
                0x00000000       0x5f ./Core/Startup/startup_stm32f407zgtx.o
