Archive member included to satisfy reference by file (symbol)

C:/ST/STM32CubeIDE_1.19.0/STM32CubeIDE/plugins/com.st.stm32cube.ide.mcu.externaltools.gnu-tools-for-stm32.13.3.rel1.win32_1.0.0.202411081344/tools/bin/../lib/gcc/arm-none-eabi/13.3.1/../../../../arm-none-eabi/lib/thumb/v7e-m+fp/hard\libc_nano.a(libc_a-exit.o)
                              C:/ST/STM32CubeIDE_1.19.0/STM32CubeIDE/plugins/com.st.stm32cube.ide.mcu.externaltools.gnu-tools-for-stm32.13.3.rel1.win32_1.0.0.202411081344/tools/bin/../lib/gcc/arm-none-eabi/13.3.1/../../../../arm-none-eabi/lib/thumb/v7e-m+fp/hard/crt0.o (exit)
C:/ST/STM32CubeIDE_1.19.0/STM32CubeIDE/plugins/com.st.stm32cube.ide.mcu.externaltools.gnu-tools-for-stm32.13.3.rel1.win32_1.0.0.202411081344/tools/bin/../lib/gcc/arm-none-eabi/13.3.1/../../../../arm-none-eabi/lib/thumb/v7e-m+fp/hard\libc_nano.a(libc_a-findfp.o)
                              C:/ST/STM32CubeIDE_1.19.0/STM32CubeIDE/plugins/com.st.stm32cube.ide.mcu.externaltools.gnu-tools-for-stm32.13.3.rel1.win32_1.0.0.202411081344/tools/bin/../lib/gcc/arm-none-eabi/13.3.1/../../../../arm-none-eabi/lib/thumb/v7e-m+fp/hard\libc_nano.a(libc_a-exit.o) (__stdio_exit_handler)
C:/ST/STM32CubeIDE_1.19.0/STM32CubeIDE/plugins/com.st.stm32cube.ide.mcu.externaltools.gnu-tools-for-stm32.13.3.rel1.win32_1.0.0.202411081344/tools/bin/../lib/gcc/arm-none-eabi/13.3.1/../../../../arm-none-eabi/lib/thumb/v7e-m+fp/hard\libc_nano.a(libc_a-fwalk.o)
                              C:/ST/STM32CubeIDE_1.19.0/STM32CubeIDE/plugins/com.st.stm32cube.ide.mcu.externaltools.gnu-tools-for-stm32.13.3.rel1.win32_1.0.0.202411081344/tools/bin/../lib/gcc/arm-none-eabi/13.3.1/../../../../arm-none-eabi/lib/thumb/v7e-m+fp/hard\libc_nano.a(libc_a-findfp.o) (_fwalk_sglue)
C:/ST/STM32CubeIDE_1.19.0/STM32CubeIDE/plugins/com.st.stm32cube.ide.mcu.externaltools.gnu-tools-for-stm32.13.3.rel1.win32_1.0.0.202411081344/tools/bin/../lib/gcc/arm-none-eabi/13.3.1/../../../../arm-none-eabi/lib/thumb/v7e-m+fp/hard\libc_nano.a(libc_a-sprintf.o)
                              ./Core/Src/uart.o (sprintf)
C:/ST/STM32CubeIDE_1.19.0/STM32CubeIDE/plugins/com.st.stm32cube.ide.mcu.externaltools.gnu-tools-for-stm32.13.3.rel1.win32_1.0.0.202411081344/tools/bin/../lib/gcc/arm-none-eabi/13.3.1/../../../../arm-none-eabi/lib/thumb/v7e-m+fp/hard\libc_nano.a(libc_a-stdio.o)
                              C:/ST/STM32CubeIDE_1.19.0/STM32CubeIDE/plugins/com.st.stm32cube.ide.mcu.externaltools.gnu-tools-for-stm32.13.3.rel1.win32_1.0.0.202411081344/tools/bin/../lib/gcc/arm-none-eabi/13.3.1/../../../../arm-none-eabi/lib/thumb/v7e-m+fp/hard\libc_nano.a(libc_a-findfp.o) (__sread)
C:/ST/STM32CubeIDE_1.19.0/STM32CubeIDE/plugins/com.st.stm32cube.ide.mcu.externaltools.gnu-tools-for-stm32.13.3.rel1.win32_1.0.0.202411081344/tools/bin/../lib/gcc/arm-none-eabi/13.3.1/../../../../arm-none-eabi/lib/thumb/v7e-m+fp/hard\libc_nano.a(libc_a-memset.o)
                              C:/ST/STM32CubeIDE_1.19.0/STM32CubeIDE/plugins/com.st.stm32cube.ide.mcu.externaltools.gnu-tools-for-stm32.13.3.rel1.win32_1.0.0.202411081344/tools/bin/../lib/gcc/arm-none-eabi/13.3.1/../../../../arm-none-eabi/lib/thumb/v7e-m+fp/hard/crt0.o (memset)
C:/ST/STM32CubeIDE_1.19.0/STM32CubeIDE/plugins/com.st.stm32cube.ide.mcu.externaltools.gnu-tools-for-stm32.13.3.rel1.win32_1.0.0.202411081344/tools/bin/../lib/gcc/arm-none-eabi/13.3.1/../../../../arm-none-eabi/lib/thumb/v7e-m+fp/hard\libc_nano.a(libc_a-closer.o)
                              C:/ST/STM32CubeIDE_1.19.0/STM32CubeIDE/plugins/com.st.stm32cube.ide.mcu.externaltools.gnu-tools-for-stm32.13.3.rel1.win32_1.0.0.202411081344/tools/bin/../lib/gcc/arm-none-eabi/13.3.1/../../../../arm-none-eabi/lib/thumb/v7e-m+fp/hard\libc_nano.a(libc_a-stdio.o) (_close_r)
C:/ST/STM32CubeIDE_1.19.0/STM32CubeIDE/plugins/com.st.stm32cube.ide.mcu.externaltools.gnu-tools-for-stm32.13.3.rel1.win32_1.0.0.202411081344/tools/bin/../lib/gcc/arm-none-eabi/13.3.1/../../../../arm-none-eabi/lib/thumb/v7e-m+fp/hard\libc_nano.a(libc_a-reent.o)
                              C:/ST/STM32CubeIDE_1.19.0/STM32CubeIDE/plugins/com.st.stm32cube.ide.mcu.externaltools.gnu-tools-for-stm32.13.3.rel1.win32_1.0.0.202411081344/tools/bin/../lib/gcc/arm-none-eabi/13.3.1/../../../../arm-none-eabi/lib/thumb/v7e-m+fp/hard\libc_nano.a(libc_a-closer.o) (errno)
C:/ST/STM32CubeIDE_1.19.0/STM32CubeIDE/plugins/com.st.stm32cube.ide.mcu.externaltools.gnu-tools-for-stm32.13.3.rel1.win32_1.0.0.202411081344/tools/bin/../lib/gcc/arm-none-eabi/13.3.1/../../../../arm-none-eabi/lib/thumb/v7e-m+fp/hard\libc_nano.a(libc_a-impure.o)
                              C:/ST/STM32CubeIDE_1.19.0/STM32CubeIDE/plugins/com.st.stm32cube.ide.mcu.externaltools.gnu-tools-for-stm32.13.3.rel1.win32_1.0.0.202411081344/tools/bin/../lib/gcc/arm-none-eabi/13.3.1/../../../../arm-none-eabi/lib/thumb/v7e-m+fp/hard\libc_nano.a(libc_a-sprintf.o) (_impure_ptr)
[...]
Memory Configuration

Name             Origin             Length             Attributes
CCMRAM           0x10000000         0x00010000         xrw
RAM              0x20000000         0x00020000         xrw
FLASH            0x08000000         0x00100000         xr
*default*        0x00000000         0xffffffff

Linker script and memory map

LOAD C:/ST/STM32CubeIDE_1.19.0/STM32CubeIDE/plugins/com.st.stm32cube.ide.mcu.externaltools.gnu-tools-for-stm32.13.3.rel1.win32_1.0.0.202411081344/tools/bin/../lib/gcc/arm-none-eabi/13.3.1/thumb/v7e-m+fp/hard/crti.o
LOAD C:/ST/STM32CubeIDE_1.19.0/STM32CubeIDE/plugins/com.st.stm32cube.ide.mcu.externaltools.gnu-tools-for-stm32.13.3.rel1.win32_1.0.0.202411081344/tools/bin/../lib/gcc/arm-none-eabi/13.3.1/thumb/v7e-m+fp/hard/crtbegin.o
LOAD C:/ST/STM32CubeIDE_1.19.0/STM32CubeIDE/plugins/com.st.stm32cube.ide.mcu.externaltools.gnu-tools-for-stm32.13.3.rel1.win32_1.0.0.202411081344/tools/bin/../lib/gcc/arm-none-eabi/13.3.1/../../../../arm-none-eabi/lib/thumb/v7e-m+fp/hard/crt0.o
LOAD ./Core/Src/button.o
LOAD ./Core/Src/ds3232.o
LOAD ./Core/Src/fsmc.o
LOAD ./Core/Src/gpio.o
LOAD ./Core/Src/i2c.o
LOAD ./Core/Src/lab2.o
LOAD ./Core/Src/lab3.o
LOAD ./Core/Src/lab4.o
LOAD ./Core/Src/lcd.o
LOAD ./Core/Src/led.o
LOAD ./Core/Src/led_7seg.o
LOAD ./Core/Src/main.o
LOAD ./Core/Src/picture.o
LOAD ./Core/Src/software_timer.o
LOAD ./Core/Src/spi.o
LOAD ./Core/Src/stm32f4xx_hal_msp.o
LOAD ./Core/Src/stm32f4xx_it.o
LOAD ./Core/Src/syscalls.o
LOAD ./Core/Src/sysmem.o
LOAD ./Core/Src/system_stm32f4xx.o
LOAD ./Core/Src/tim.o
LOAD ./Core/Src/uart.o
LOAD ./Core/Src/usart.o
LOAD ./Core/Src/utils.o
LOAD ./Core/Startup/startup_stm32f407zgtx.o
LOAD ./Drivers/STM32F4xx_HAL_Driver/Src/stm32f4xx_hal.o
LOAD ./Drivers/STM32F4xx_HAL_Driver/Src/stm32f4xx_hal_cortex.o
LOAD ./Drivers/STM32F4xx_HAL_Driver/Src/stm32f4xx_hal_dma.o
LOAD ./Drivers/STM32F4xx_HAL_Driver/Src/stm32f4xx_hal_dma_ex.o
LOAD ./Drivers/STM32F4xx_HAL_Driver/Src/stm32f4xx_hal_exti.o
LOAD ./Drivers/STM32F4xx_HAL_Driver/Src/stm32f4xx_hal_flash.o
LOAD ./Drivers/STM32F4xx_HAL_Driver/Src/stm32f4xx_hal_flash_ex.o
LOAD ./Drivers/STM32F4xx_HAL_Driver/Src/stm32f4xx_hal_flash_ramfunc.o
LOAD ./Drivers/STM32F4xx_HAL_Driver/Src/stm32f4xx_hal_gpio.o
LOAD ./Drivers/STM32F4xx_HAL_Driver/Src/stm32f4xx_hal_i2c.o
LOAD ./Drivers/STM32F4xx_HAL_Driver/Src/stm32f4xx_hal_i2c_ex.o
LOAD ./Drivers/STM32F4xx_HAL_Driver/Src/stm32f4xx_hal_nand.o
LOAD ./Drivers/STM32F4xx_HAL_Driver/Src/stm32f4xx_hal_nor.o
LOAD ./Drivers/STM32F4xx_HAL_Driver/Src/stm32f4xx_hal_pccard.o
LOAD ./Drivers/STM32F4xx_HAL_Driver/Src/stm32f4xx_hal_pwr.o
LOAD ./Drivers/STM32F4xx_HAL_Driver/Src/stm32f4xx_hal_pwr_ex.o
LOAD ./Drivers/STM32F4xx_HAL_Driver/Src/stm32f4xx_hal_rcc.o
LOAD ./Drivers/STM32F4xx_HAL_Driver/Src/stm32f4xx_hal_rcc_ex.o
LOAD ./Drivers/STM32F4xx_HAL_Driver/Src/stm32f4xx_hal_spi.o
LOAD ./Drivers/STM32F4xx_HAL_Driver/Src/stm32f4xx_hal_sram.o
LOAD ./Drivers/STM32F4xx_HAL_Driver/Src/stm32f4xx_hal_tim.o
LOAD ./Drivers/STM32F4xx_HAL_Driver/Src/stm32f4xx_hal_tim_ex.o
LOAD ./Drivers/STM32F4xx_HAL_Driver/Src/stm32f4xx_hal_uart.o
LOAD ./Drivers/STM32F4xx_HAL_Driver/Src/stm32f4xx_ll_fsmc.o
START GROUP
LOAD C:/ST/STM32CubeIDE_1.19.0/STM32CubeIDE/plugins/com.st.stm32cube.ide.mcu.externaltools.gnu-tools-for-stm32.13.3.rel1.win32_1.0.0.202411081344/tools/bin/../lib/gcc/arm-none-eabi/13.3.1/../../../../arm-none-eabi/lib/thumb/v7e-m+fp/hard\libc_nano.a
LOAD C:/ST/STM32CubeIDE_1.19.0/STM32CubeIDE/plugins/com.st.stm32cube.ide.mcu.externaltools.gnu-tools-for-stm32.13.3.rel1.win32_1.0.0.202411081344/tools/bin/../lib/gcc/arm-none-eabi/13.3.1/../../../../arm-none-eabi/lib/thumb/v7e-m+fp/hard\libm.a
END GROUP
START GROUP
LOAD C:/ST/STM32CubeIDE_1.19.0/STM32CubeIDE/plugins/com.st.stm32cube.ide.mcu.externaltools.gnu-tools-for-stm32.13.3.rel1.win32_1.0.0.202411081344/tools/bin/../lib/gcc/arm-none-eabi/13.3.1/thumb/v7e-m+fp/hard\libgcc.a
LOAD C:/ST/STM32CubeIDE_1.19.0/STM32CubeIDE/plugins/com.st.stm32cube.ide.mcu.externaltools.gnu-tools-for-stm32.13.3.rel1.win32_1.0.0.202411081344/tools/bin/../lib/gcc/arm-none-eabi/13.3.1/../../../../arm-none-eabi/lib/thumb/v7e-m+fp/hard\libc_nano.a
END GROUP
START GROUP
LOAD C:/ST/STM32CubeIDE_1.19.0/STM32CubeIDE/plugins/com.st.stm32cube.ide.mcu.externaltools.gnu-tools-for-stm32.13.3.rel1.win32_1.0.0.202411081344/tools/bin/../lib/gcc/arm-none-eabi/13.3.1/thumb/v7e-m+fp/hard\libgcc.a
LOAD C:/ST/STM32CubeIDE_1.19.0/STM32CubeIDE/plugins/com.st.stm32cube.ide.mcu.externaltools.gnu-tools-for-stm32.13.3.rel1.win32_1.0.0.202411081344/tools/bin/../lib/gcc/arm-none-eabi/13.3.1/../../../../arm-none-eabi/lib/thumb/v7e-m+fp/hard\libc_nano.a
LOAD C:/ST/STM32CubeIDE_1.19.0/STM32CubeIDE/plugins/com.st.stm32cube.ide.mcu.externaltools.gnu-tools-for-stm32.13.3.rel1.win32_1.0.0.202411081344/tools/bin/../lib/gcc/arm-none-eabi/13.3.1/../../../../arm-none-eabi/lib/thumb/v7e-m+fp/hard\libnosys.a
END GROUP
START GROUP
LOAD C:/ST/STM32CubeIDE_1.19.0/STM32CubeIDE/plugins/com.st.stm32cube.ide.mcu.externaltools.gnu-tools-for-stm32.13.3.rel1.win32_1.0.0.202411081344/tools/bin/../lib/gcc/arm-none-eabi/13.3.1/thumb/v7e-m+fp/hard\libgcc.a
LOAD C:/ST/STM32CubeIDE_1.19.0/STM32CubeIDE/plugins/com.st.stm32cube.ide.mcu.externaltools.gnu-tools-for-stm32.13.3.rel1.win32_1.0.0.202411081344/tools/bin/../lib/gcc/arm-none-eabi/13.3.1/../../../../arm-none-eabi/lib/thumb/v7e-m+fp/hard\libc_nano.a
LOAD C:/ST/STM32CubeIDE_1.19.0/STM32CubeIDE/plugins/com.st.stm32cube.ide.mcu.externaltools.gnu-tools-for-stm32.13.3.rel1.win32_1.0.0.202411081344/tools/bin/../lib/gcc/arm-none-eabi/13.3.1/../../../../arm-none-eabi/lib/thumb/v7e-m+fp/hard\libnosys.a
END GROUP
LOAD C:/ST/STM32CubeIDE_1.19.0/STM32CubeIDE/plugins/com.st.stm32cube.ide.mcu.externaltools.gnu-tools-for-stm32.13.3.rel1.win32_1.0.0.202411081344/tools/bin/../lib/gcc/arm-none-eabi/13.3.1/thumb/v7e-m+fp/hard/crtend.o
LOAD C:/ST/STM32CubeIDE_1.19.0/STM32CubeIDE/plugins/com.st.stm32cube.ide.mcu.externaltools.gnu-tools-for-stm32.13.3.rel1.win32_1.0.0.202411081344/tools/bin/../lib/gcc/arm-none-eabi/13.3.1/thumb/v7e-m+fp/hard/crtn.o
                0x20020000                        _estack = (ORIGIN (RAM) + LENGTH (RAM))
                0x00000200                        _Min_Heap_Size = 0x200
                0x00000400                        _Min_Stack_Size = 0x400

.isr_vector     0x08000000      0x188
                0x08000000                        . = ALIGN (0x4)
 *(.isr_vector)
 .isr_vector    0x08000000      0x188 ./Core/Startup/startup_stm32f407zgtx.o
                0x08000000                g_pfnVectors
                0x08000188                        . = ALIGN (0x4)

.text           0x08000188     0x7af8
                0x08000188                        . = ALIGN (0x4)
 *(.text)
 .text          0x08000188       0x40 C:/ST/STM32CubeIDE_1.19.0/STM32CubeIDE/plugins/com.st.stm32cube.ide.mcu.externaltools.gnu-tools-for-stm32.13.3.rel1.win32_1.0.0.202411081344/tools/bin/../lib/gcc/arm-none-eabi/13.3.1/thumb/v7e-m+fp/hard/crtbegin.o
 .text          0x080001c8       0x10 C:/ST/STM32CubeIDE_1.19.0/STM32CubeIDE/plugins/com.st.stm32cube.ide.mcu.externaltools.gnu-tools-for-stm32.13.3.rel1.win32_1.0.0.202411081344/tools/bin/../lib/gcc/arm-none-eabi/13.3.1/../../../../arm-none-eabi/lib/thumb/v7e-m+fp/hard\libc_nano.a(libc_a-strlen.o)
                0x080001c8                strlen
 .text          0x080001d8       0x30 C:/ST/STM32CubeIDE_1.19.0/STM32CubeIDE/plugins/com.st.stm32cube.ide.mcu.externaltools.gnu-tools-for-stm32.13.3.rel1.win32_1.0.0.202411081344/tools/bin/../lib/gcc/arm-none-eabi/13.3.1/thumb/v7e-m+fp/hard\libgcc.a(_aeabi_uldivmod.o)
                0x080001d8                __aeabi_uldivmod
 .text          0x08000208      0x2f8 C:/ST/STM32CubeIDE_1.19.0/STM32CubeIDE/plugins/com.st.stm32cube.ide.mcu.externaltools.gnu-tools-for-stm32.13.3.rel1.win32_1.0.0.202411081344/tools/bin/../lib/gcc/arm-none-eabi/13.3.1/thumb/v7e-m+fp/hard\libgcc.a(_udivmoddi4.o)
                0x08000208                __udivmoddi4
 .text          0x08000500        0x4 C:/ST/STM32CubeIDE_1.19.0/STM32CubeIDE/plugins/com.st.stm32cube.ide.mcu.externaltools.gnu-tools-for-stm32.13.3.rel1.win32_1.0.0.202411081344/tools/bin/../lib/gcc/arm-none-eabi/13.3.1/thumb/v7e-m+fp/hard\libgcc.a(_dvmd_tls.o)
                0x08000500                __aeabi_idiv0
                0x08000500                __aeabi_ldiv0
 *(.text*)
 .text.buttonInit
                0x08000504       0x18 ./Core/Src/button.o
                0x08000504                buttonInit
 .text.buttonScan
                0x0800051c      0x120 ./Core/Src/button.o
                0x0800051c                buttonScan
 .text.checkLongPress
                0x0800063c       0x9c ./Core/Src/button.o
                0x0800063c                checkLongPress
 .text.buttonFirstPress
                0x080006d8       0x58 ./Core/Src/button.o
                0x080006d8                buttonFirstPress
 .text.ds3231_init
                0x08000730       0x88 ./Core/Src/ds3232.o
                0x08000730                ds3231_init
 .text.ds3231_Write
                0x080007b8       0x44 ./Core/Src/ds3232.o
                0x080007b8                ds3231_Write
 .text.ds3231_ReadTime
                0x080007fc       0xc8 ./Core/Src/ds3232.o
                0x080007fc                ds3231_ReadTime
 .text.ds3231_SetAlarm1
                0x080008c4       0xd0 ./Core/Src/ds3232.o
                0x080008c4                ds3231_SetAlarm1
 .text.ds3231_ReadAlarmFlags
                0x08000994       0x4c ./Core/Src/ds3232.o
                0x08000994                ds3231_ReadAlarmFlags
 .text.ds3231_ClearAlarmFlags
                0x080009e0       0x4c ./Core/Src/ds3232.o
                0x080009e0                ds3231_ClearAlarmFlags
 .text.bcd2dec_hour_24h
                0x08000a2c       0x4c ./Core/Src/ds3232.o
                0x08000a2c                bcd2dec_hour_24h
 .text.ds3231_ReadAlarmSettings
                0x08000a78      0x194 ./Core/Src/ds3232.o
                0x08000a78                ds3231_ReadAlarmSettings
 .text.MX_FSMC_Init
                0x08000c0c       0xf4 ./Core/Src/fsmc.o
                0x08000c0c                MX_FSMC_Init
 .text.HAL_FSMC_MspInit
                0x08000d00       0x98 ./Core/Src/fsmc.o
 .text.HAL_SRAM_MspInit
                0x08000d98       0x14 ./Core/Src/fsmc.o
                0x08000d98                HAL_SRAM_MspInit
 .text.MX_GPIO_Init
                0x08000dac      0x1f0 ./Core/Src/gpio.o
                0x08000dac                MX_GPIO_Init
 .text.MX_I2C1_Init
                0x08000f9c       0x5c ./Core/Src/i2c.o
                0x08000f9c                MX_I2C1_Init
 .text.HAL_I2C_MspInit
                0x08000ff8       0x90 ./Core/Src/i2c.o
                0x08000ff8                HAL_I2C_MspInit
 .text.initLab4
                0x08001088       0xb4 ./Core/Src/lab4.o
                0x08001088                initLab4
 .text.runLab4  0x0800113c        0xc ./Core/Src/lab4.o
                0x0800113c                runLab4
 .text.checkAlarm
                0x08001148       0xa0 ./Core/Src/lab4.o
                0x08001148                checkAlarm
 .text.displayLCD
                0x080011e8       0xf4 ./Core/Src/lab4.o
                0x080011e8                displayLCD
 .text.blinkLed
                0x080012dc      0x168 ./Core/Src/lab4.o
                0x080012dc                blinkLed
 .text.updateTimeLCD
                0x08001444       0xc8 ./Core/Src/lab4.o
                0x08001444                updateTimeLCD
 .text.initNormal
                0x0800150c       0x60 ./Core/Src/lab4.o
                0x0800150c                initNormal
 .text.initEditTime
                0x0800156c       0xc8 ./Core/Src/lab4.o
                0x0800156c                initEditTime
 .text.initEditAlarm
                0x08001634      0x108 ./Core/Src/lab4.o
                0x08001634                initEditAlarm
 .text.mainFsm  0x0800173c      0x248 ./Core/Src/lab4.o
                0x0800173c                mainFsm
 .text.ds3231_calculateDayOfWeek
                0x08001984       0xa0 ./Core/Src/lab4.o
                0x08001984                ds3231_calculateDayOfWeek
 .text.editTimeFsm
                0x08001a24      0x2a4 ./Core/Src/lab4.o
                0x08001a24                editTimeFsm
 .text.editAlarmFsm
                0x08001cc8      0x2a4 ./Core/Src/lab4.o
                0x08001cc8                editAlarmFsm
 .text.updateTimeSec
                0x08001f6c       0x2c ./Core/Src/lab4.o
                0x08001f6c                updateTimeSec
 .text.updateTimeMin
                0x08001f98       0x2c ./Core/Src/lab4.o
                0x08001f98                updateTimeMin
 .text.updateTimeHour
                0x08001fc4       0x2c ./Core/Src/lab4.o
                0x08001fc4                updateTimeHour
 .text.updateTimeDate
                0x08001ff0       0x3c ./Core/Src/lab4.o
                0x08001ff0                updateTimeDate
 .text.updateTimeMonth
                0x0800202c       0x3c ./Core/Src/lab4.o
                0x0800202c                updateTimeMonth
 .text.updateTimeYear
                0x08002068       0x2c ./Core/Src/lab4.o
                0x08002068                updateTimeYear
 .text.updateAlarmSec
                0x08002094       0x2c ./Core/Src/lab4.o
                0x08002094                updateAlarmSec
 .text.updateAlarmMin
                0x080020c0       0x2c ./Core/Src/lab4.o
                0x080020c0                updateAlarmMin
 .text.updateAlarmHour
                0x080020ec       0x2c ./Core/Src/lab4.o
                0x080020ec                updateAlarmHour
 .text.updateAlarmDate
                0x08002118       0x3c ./Core/Src/lab4.o
                0x08002118                updateAlarmDate
 .text.updateAlarmDay
                0x08002154       0x3c ./Core/Src/lab4.o
                0x08002154                updateAlarmDay
 .text.LCD_WR_REG
                0x08002190       0x20 ./Core/Src/lcd.o
                0x08002190                LCD_WR_REG
 .text.LCD_WR_DATA
                0x080021b0       0x20 ./Core/Src/lcd.o
 .text.LCD_RD_DATA
                0x080021d0       0x24 ./Core/Src/lcd.o
 .text.lcd_set_address
                0x080021f4       0x98 ./Core/Src/lcd.o
                0x080021f4                lcd_set_address
 .text.lcd_clear
                0x0800228c       0x64 ./Core/Src/lcd.o
                0x0800228c                lcd_clear
 .text.lcd_draw_point
                0x080022f0       0x2e ./Core/Src/lcd.o
                0x080022f0                lcd_draw_point
 *fill*         0x0800231e        0x2 
 .text.lcd_show_char
                0x08002320      0x1a0 ./Core/Src/lcd.o
                0x08002320                lcd_show_char
 .text.mypow    0x080024c0       0x38 ./Core/Src/lcd.o
 .text.lcd_show_int_num
                0x080024f8       0xfc ./Core/Src/lcd.o
                0x080024f8                lcd_show_int_num
 .text.lcd_set_direction
                0x080025f4       0x44 ./Core/Src/lcd.o
                0x080025f4                lcd_set_direction
 .text.lcd_init
                0x08002638      0x2c0 ./Core/Src/lcd.o
                0x08002638                lcd_init
 .text.lcd_show_string
                0x080028f8       0xc8 ./Core/Src/lcd.o
                0x080028f8                lcd_show_string
 .text.main     0x080029c0       0x2e ./Core/Src/main.o
                0x080029c0                main
 *fill*         0x080029ee        0x2 
 .text.SystemClock_Config
                0x080029f0       0xd4 ./Core/Src/main.o
                0x080029f0                SystemClock_Config
 .text.Error_Handler
                0x08002ac4        0xc ./Core/Src/main.o
                0x08002ac4                Error_Handler
 .text.timer2Init
                0x08002ad0       0x14 ./Core/Src/software_timer.o
                0x08002ad0                timer2Init
 .text.timerInit
                0x08002ae4       0x8c ./Core/Src/software_timer.o
                0x08002ae4                timerInit
 .text.doTask   0x08002b70       0xa0 ./Core/Src/software_timer.o
                0x08002b70                doTask
 .text.disableTask
                0x08002c10       0x34 ./Core/Src/software_timer.o
                0x08002c10                disableTask
 .text.enableTask
                0x08002c44       0x34 ./Core/Src/software_timer.o
                0x08002c44                enableTask
 .text.HAL_TIM_PeriodElapsedCallback
                0x08002c78      0x134 ./Core/Src/software_timer.o
                0x08002c78                HAL_TIM_PeriodElapsedCallback
 .text.MX_SPI1_Init
                0x08002dac       0x6c ./Core/Src/spi.o
                0x08002dac                MX_SPI1_Init
 .text.HAL_SPI_MspInit
                0x08002e18       0x90 ./Core/Src/spi.o
                0x08002e18                HAL_SPI_MspInit
 .text.HAL_MspInit
                0x08002ea8       0x50 ./Core/Src/stm32f4xx_hal_msp.o
                0x08002ea8                HAL_MspInit
 .text.NMI_Handler
                0x08002ef8        0x8 ./Core/Src/stm32f4xx_it.o
                0x08002ef8                NMI_Handler
 .text.HardFault_Handler
                0x08002f00        0x8 ./Core/Src/stm32f4xx_it.o
                0x08002f00                HardFault_Handler
 .text.MemManage_Handler
                0x08002f08        0x8 ./Core/Src/stm32f4xx_it.o
                0x08002f08                MemManage_Handler
 .text.BusFault_Handler
                0x08002f10        0x8 ./Core/Src/stm32f4xx_it.o
                0x08002f10                BusFault_Handler
 .text.UsageFault_Handler
                0x08002f18        0x8 ./Core/Src/stm32f4xx_it.o
                0x08002f18                UsageFault_Handler
 .text.SVC_Handler
                0x08002f20        0xe ./Core/Src/stm32f4xx_it.o
                0x08002f20                SVC_Handler
 .text.DebugMon_Handler
                0x08002f2e        0xe ./Core/Src/stm32f4xx_it.o
                0x08002f2e                DebugMon_Handler
 .text.PendSV_Handler
                0x08002f3c        0xe ./Core/Src/stm32f4xx_it.o
                0x08002f3c                PendSV_Handler
 .text.SysTick_Handler
                0x08002f4a        0xc ./Core/Src/stm32f4xx_it.o
                0x08002f4a                SysTick_Handler
 *fill*         0x08002f56        0x2 
 .text.TIM2_IRQHandler
                0x08002f58       0x14 ./Core/Src/stm32f4xx_it.o
                0x08002f58                TIM2_IRQHandler
 .text.USART1_IRQHandler
                0x08002f6c       0x14 ./Core/Src/stm32f4xx_it.o
                0x08002f6c                USART1_IRQHandler
 .text.SystemInit
                0x08002f80       0x24 ./Core/Src/system_stm32f4xx.o
                0x08002f80                SystemInit
 .text.MX_TIM2_Init
                0x08002fa4       0x98 ./Core/Src/tim.o
                0x08002fa4                MX_TIM2_Init
 .text.HAL_TIM_Base_MspInit
                0x0800303c       0x4c ./Core/Src/tim.o
                0x0800303c                HAL_TIM_Base_MspInit
 .text.uart_Rs232SendString
                0x08003088       0x28 ./Core/Src/uart.o
                0x08003088                uart_Rs232SendString
 .text.HAL_UART_RxCpltCallback
                0x080030b0       0x34 ./Core/Src/uart.o
                0x080030b0                HAL_UART_RxCpltCallback
 .text.fsm_uart
                0x080030e4       0xac ./Core/Src/uart.o
                0x080030e4                fsm_uart
 .text.MX_USART1_UART_Init
                0x08003190       0x54 ./Core/Src/usart.o
                0x08003190                MX_USART1_UART_Init
 .text.HAL_UART_MspInit
                0x080031e4       0xa0 ./Core/Src/usart.o
                0x080031e4                HAL_UART_MspInit
 .text.BCD2DEC  0x08003284       0x32 ./Core/Src/utils.o
                0x08003284                BCD2DEC
 *fill*         0x080032b6        0x2 
 .text.DEC2BCD  0x080032b8       0x4c ./Core/Src/utils.o
                0x080032b8                DEC2BCD
 .text.Reset_Handler
                0x08003304       0x50 ./Core/Startup/startup_stm32f407zgtx.o
                0x08003304                Reset_Handler
 .text.Default_Handler
                0x08003354        0x2 ./Core/Startup/startup_stm32f407zgtx.o
                0x08003354                RTC_Alarm_IRQHandler
                0x08003354                HASH_RNG_IRQHandler
                0x08003354                EXTI2_IRQHandler
                0x08003354                TIM8_CC_IRQHandler
                0x08003354                TIM1_CC_IRQHandler
                0x08003354                DMA2_Stream5_IRQHandler
                0x08003354                DMA1_Stream5_IRQHandler
                0x08003354                PVD_IRQHandler
                0x08003354                SDIO_IRQHandler
                0x08003354                TAMP_STAMP_IRQHandler
                0x08003354                CAN2_RX1_IRQHandler
                0x08003354                EXTI3_IRQHandler
                0x08003354                TIM8_TRG_COM_TIM14_IRQHandler
                0x08003354                TIM1_UP_TIM10_IRQHandler
                0x08003354                TIM8_UP_TIM13_IRQHandler
                0x08003354                I2C3_ER_IRQHandler
                0x08003354                EXTI0_IRQHandler
                0x08003354                I2C2_EV_IRQHandler
                0x08003354                DMA1_Stream2_IRQHandler
                0x08003354                CAN1_RX0_IRQHandler
                0x08003354                FPU_IRQHandler
                0x08003354                OTG_HS_WKUP_IRQHandler
                0x08003354                CAN2_SCE_IRQHandler
                0x08003354                DMA2_Stream2_IRQHandler
                0x08003354                SPI1_IRQHandler
                0x08003354                TIM6_DAC_IRQHandler
                0x08003354                TIM1_BRK_TIM9_IRQHandler
                0x08003354                DCMI_IRQHandler
                0x08003354                CAN2_RX0_IRQHandler
                0x08003354                DMA2_Stream3_IRQHandler
                0x08003354                USART6_IRQHandler
                0x08003354                USART3_IRQHandler
                0x08003354                CAN1_RX1_IRQHandler
                0x08003354                UART5_IRQHandler
                0x08003354                DMA2_Stream0_IRQHandler
                0x08003354                TIM4_IRQHandler
                0x08003354                I2C1_EV_IRQHandler
                0x08003354                DMA1_Stream6_IRQHandler
                0x08003354                DMA1_Stream1_IRQHandler
                0x08003354                UART4_IRQHandler
                0x08003354                TIM3_IRQHandler
                0x08003354                RCC_IRQHandler
                0x08003354                TIM8_BRK_TIM12_IRQHandler
                0x08003354                Default_Handler
                0x08003354                EXTI15_10_IRQHandler
                0x08003354                ADC_IRQHandler
                0x08003354                DMA1_Stream7_IRQHandler
                0x08003354                TIM7_IRQHandler
                0x08003354                CAN2_TX_IRQHandler
                0x08003354                TIM5_IRQHandler
                0x08003354                DMA2_Stream7_IRQHandler
                0x08003354                I2C3_EV_IRQHandler
                0x08003354                EXTI9_5_IRQHandler
                0x08003354                RTC_WKUP_IRQHandler
                0x08003354                ETH_WKUP_IRQHandler
                0x08003354                SPI2_IRQHandler
                0x08003354                OTG_HS_EP1_IN_IRQHandler
                0x08003354                DMA1_Stream0_IRQHandler
                0x08003354                CAN1_TX_IRQHandler
                0x08003354                EXTI4_IRQHandler
                0x08003354                FSMC_IRQHandler
                0x08003354                ETH_IRQHandler
                0x08003354                OTG_HS_EP1_OUT_IRQHandler
                0x08003354                WWDG_IRQHandler
                0x08003354                OTG_FS_WKUP_IRQHandler
                0x08003354                TIM1_TRG_COM_TIM11_IRQHandler
                0x08003354                OTG_HS_IRQHandler
                0x08003354                EXTI1_IRQHandler
                0x08003354                USART2_IRQHandler
                0x08003354                I2C2_ER_IRQHandler
                0x08003354                DMA2_Stream1_IRQHandler
                0x08003354                CAN1_SCE_IRQHandler
                0x08003354                FLASH_IRQHandler
                0x08003354                DMA2_Stream4_IRQHandler
                0x08003354                OTG_FS_IRQHandler
                0x08003354                SPI3_IRQHandler
                0x08003354                DMA1_Stream4_IRQHandler
                0x08003354                I2C1_ER_IRQHandler
                0x08003354                DMA2_Stream6_IRQHandler
                0x08003354                DMA1_Stream3_IRQHandler
 *fill*         0x08003356        0x2 
 .text.HAL_Init
                0x08003358       0x44 ./Drivers/STM32F4xx_HAL_Driver/Src/stm32f4xx_hal.o
                0x08003358                HAL_Init
 .text.HAL_InitTick
                0x0800339c       0x60 ./Drivers/STM32F4xx_HAL_Driver/Src/stm32f4xx_hal.o
                0x0800339c                HAL_InitTick
 .text.HAL_IncTick
                0x080033fc       0x28 ./Drivers/STM32F4xx_HAL_Driver/Src/stm32f4xx_hal.o
                0x080033fc                HAL_IncTick
 .text.HAL_GetTick
                0x08003424       0x18 ./Drivers/STM32F4xx_HAL_Driver/Src/stm32f4xx_hal.o
                0x08003424                HAL_GetTick
 .text.HAL_Delay
                0x0800343c       0x48 ./Drivers/STM32F4xx_HAL_Driver/Src/stm32f4xx_hal.o
                0x0800343c                HAL_Delay
 .text.__NVIC_SetPriorityGrouping
                0x08003484       0x48 ./Drivers/STM32F4xx_HAL_Driver/Src/stm32f4xx_hal_cortex.o
 .text.__NVIC_GetPriorityGrouping
                0x080034cc       0x1c ./Drivers/STM32F4xx_HAL_Driver/Src/stm32f4xx_hal_cortex.o
 .text.__NVIC_EnableIRQ
                0x080034e8       0x3c ./Drivers/STM32F4xx_HAL_Driver/Src/stm32f4xx_hal_cortex.o
 .text.__NVIC_SetPriority
                0x08003524       0x54 ./Drivers/STM32F4xx_HAL_Driver/Src/stm32f4xx_hal_cortex.o
 .text.NVIC_EncodePriority
                0x08003578       0x66 ./Drivers/STM32F4xx_HAL_Driver/Src/stm32f4xx_hal_cortex.o
 *fill*         0x080035de        0x2 
 .text.SysTick_Config
                0x080035e0       0x44 ./Drivers/STM32F4xx_HAL_Driver/Src/stm32f4xx_hal_cortex.o
 .text.HAL_NVIC_SetPriorityGrouping
                0x08003624       0x16 ./Drivers/STM32F4xx_HAL_Driver/Src/stm32f4xx_hal_cortex.o
                0x08003624                HAL_NVIC_SetPriorityGrouping
 .text.HAL_NVIC_SetPriority
                0x0800363a       0x38 ./Drivers/STM32F4xx_HAL_Driver/Src/stm32f4xx_hal_cortex.o
                0x0800363a                HAL_NVIC_SetPriority
 .text.HAL_NVIC_EnableIRQ
                0x08003672       0x1c ./Drivers/STM32F4xx_HAL_Driver/Src/stm32f4xx_hal_cortex.o
                0x08003672                HAL_NVIC_EnableIRQ
 .text.HAL_SYSTICK_Config
                0x0800368e       0x18 ./Drivers/STM32F4xx_HAL_Driver/Src/stm32f4xx_hal_cortex.o
                0x0800368e                HAL_SYSTICK_Config
 .text.HAL_DMA_Abort
                0x080036a6       0xe0 ./Drivers/STM32F4xx_HAL_Driver/Src/stm32f4xx_hal_dma.o
                0x080036a6                HAL_DMA_Abort
 .text.HAL_DMA_Abort_IT
                0x08003786       0x44 ./Drivers/STM32F4xx_HAL_Driver/Src/stm32f4xx_hal_dma.o
                0x08003786                HAL_DMA_Abort_IT
 *fill*         0x080037ca        0x2 
 .text.HAL_GPIO_Init
                0x080037cc      0x338 ./Drivers/STM32F4xx_HAL_Driver/Src/stm32f4xx_hal_gpio.o
                0x080037cc                HAL_GPIO_Init
 .text.HAL_GPIO_WritePin
                0x08003b04       0x32 ./Drivers/STM32F4xx_HAL_Driver/Src/stm32f4xx_hal_gpio.o
                0x08003b04                HAL_GPIO_WritePin
 *fill*         0x08003b36        0x2 
 .text.HAL_I2C_Init
                0x08003b38      0x288 ./Drivers/STM32F4xx_HAL_Driver/Src/stm32f4xx_hal_i2c.o
                0x08003b38                HAL_I2C_Init
 .text.HAL_I2C_Mem_Write
                0x08003dc0      0x1f4 ./Drivers/STM32F4xx_HAL_Driver/Src/stm32f4xx_hal_i2c.o
                0x08003dc0                HAL_I2C_Mem_Write
 .text.HAL_I2C_Mem_Read
                0x08003fb4      0x464 ./Drivers/STM32F4xx_HAL_Driver/Src/stm32f4xx_hal_i2c.o
                0x08003fb4                HAL_I2C_Mem_Read
 .text.HAL_I2C_IsDeviceReady
                0x08004418      0x25c ./Drivers/STM32F4xx_HAL_Driver/Src/stm32f4xx_hal_i2c.o
                0x08004418                HAL_I2C_IsDeviceReady
 .text.I2C_RequestMemoryWrite
                0x08004674      0x12c ./Drivers/STM32F4xx_HAL_Driver/Src/stm32f4xx_hal_i2c.o
 .text.I2C_RequestMemoryRead
                0x080047a0      0x1d0 ./Drivers/STM32F4xx_HAL_Driver/Src/stm32f4xx_hal_i2c.o
 .text.I2C_WaitOnFlagUntilTimeout
                0x08004970       0xf4 ./Drivers/STM32F4xx_HAL_Driver/Src/stm32f4xx_hal_i2c.o
 .text.I2C_WaitOnMasterAddressFlagUntilTimeout
                0x08004a64      0x140 ./Drivers/STM32F4xx_HAL_Driver/Src/stm32f4xx_hal_i2c.o
 .text.I2C_WaitOnTXEFlagUntilTimeout
                0x08004ba4       0x90 ./Drivers/STM32F4xx_HAL_Driver/Src/stm32f4xx_hal_i2c.o
 .text.I2C_WaitOnBTFFlagUntilTimeout
                0x08004c34       0x90 ./Drivers/STM32F4xx_HAL_Driver/Src/stm32f4xx_hal_i2c.o
 .text.I2C_WaitOnRXNEFlagUntilTimeout
                0x08004cc4       0xba ./Drivers/STM32F4xx_HAL_Driver/Src/stm32f4xx_hal_i2c.o
 .text.I2C_IsAcknowledgeFailed
                0x08004d7e       0x5e ./Drivers/STM32F4xx_HAL_Driver/Src/stm32f4xx_hal_i2c.o
 .text.HAL_RCC_OscConfig
                0x08004ddc      0x4f0 ./Drivers/STM32F4xx_HAL_Driver/Src/stm32f4xx_hal_rcc.o
                0x08004ddc                HAL_RCC_OscConfig
 .text.HAL_RCC_ClockConfig
                0x080052cc      0x1cc ./Drivers/STM32F4xx_HAL_Driver/Src/stm32f4xx_hal_rcc.o
                0x080052cc                HAL_RCC_ClockConfig
 .text.HAL_RCC_GetSysClockFreq
                0x08005498      0x20c ./Drivers/STM32F4xx_HAL_Driver/Src/stm32f4xx_hal_rcc.o
                0x08005498                HAL_RCC_GetSysClockFreq
 .text.HAL_RCC_GetHCLKFreq
                0x080056a4       0x18 ./Drivers/STM32F4xx_HAL_Driver/Src/stm32f4xx_hal_rcc.o
                0x080056a4                HAL_RCC_GetHCLKFreq
 .text.HAL_RCC_GetPCLK1Freq
                0x080056bc       0x28 ./Drivers/STM32F4xx_HAL_Driver/Src/stm32f4xx_hal_rcc.o
                0x080056bc                HAL_RCC_GetPCLK1Freq
 .text.HAL_RCC_GetPCLK2Freq
                0x080056e4       0x28 ./Drivers/STM32F4xx_HAL_Driver/Src/stm32f4xx_hal_rcc.o
                0x080056e4                HAL_RCC_GetPCLK2Freq
 .text.HAL_SPI_Init
                0x0800570c      0x112 ./Drivers/STM32F4xx_HAL_Driver/Src/stm32f4xx_hal_spi.o
                0x0800570c                HAL_SPI_Init
 .text.HAL_SPI_Receive
                0x0800581e      0x232 ./Drivers/STM32F4xx_HAL_Driver/Src/stm32f4xx_hal_spi.o
                0x0800581e                HAL_SPI_Receive
 .text.HAL_SPI_TransmitReceive
                0x08005a50      0x352 ./Drivers/STM32F4xx_HAL_Driver/Src/stm32f4xx_hal_spi.o
                0x08005a50                HAL_SPI_TransmitReceive
 *fill*         0x08005da2        0x2 
 .text.SPI_WaitFlagStateUntilTimeout
                0x08005da4      0x110 ./Drivers/STM32F4xx_HAL_Driver/Src/stm32f4xx_hal_spi.o
 .text.SPI_EndRxTransaction
                0x08005eb4       0xca ./Drivers/STM32F4xx_HAL_Driver/Src/stm32f4xx_hal_spi.o
 *fill*         0x08005f7e        0x2 
 .text.SPI_EndRxTxTransaction
                0x08005f80       0xa8 ./Drivers/STM32F4xx_HAL_Driver/Src/stm32f4xx_hal_spi.o
 .text.HAL_SRAM_Init
                0x08006028       0x90 ./Drivers/STM32F4xx_HAL_Driver/Src/stm32f4xx_hal_sram.o
                0x08006028                HAL_SRAM_Init
 .text.HAL_TIM_Base_Init
                0x080060b8       0x9e ./Drivers/STM32F4xx_HAL_Driver/Src/stm32f4xx_hal_tim.o
                0x080060b8                HAL_TIM_Base_Init
 *fill*         0x08006156        0x2 
 .text.HAL_TIM_Base_Start_IT
                0x08006158       0xe0 ./Drivers/STM32F4xx_HAL_Driver/Src/stm32f4xx_hal_tim.o
                0x08006158                HAL_TIM_Base_Start_IT
 .text.HAL_TIM_IRQHandler
                0x08006238      0x1e0 ./Drivers/STM32F4xx_HAL_Driver/Src/stm32f4xx_hal_tim.o
                0x08006238                HAL_TIM_IRQHandler
 .text.HAL_TIM_ConfigClockSource
                0x08006418      0x18e ./Drivers/STM32F4xx_HAL_Driver/Src/stm32f4xx_hal_tim.o
                0x08006418                HAL_TIM_ConfigClockSource
 .text.HAL_TIM_OC_DelayElapsedCallback
                0x080065a6       0x14 ./Drivers/STM32F4xx_HAL_Driver/Src/stm32f4xx_hal_tim.o
                0x080065a6                HAL_TIM_OC_DelayElapsedCallback
 .text.HAL_TIM_IC_CaptureCallback
                0x080065ba       0x14 ./Drivers/STM32F4xx_HAL_Driver/Src/stm32f4xx_hal_tim.o
                0x080065ba                HAL_TIM_IC_CaptureCallback
 .text.HAL_TIM_PWM_PulseFinishedCallback
                0x080065ce       0x14 ./Drivers/STM32F4xx_HAL_Driver/Src/stm32f4xx_hal_tim.o
                0x080065ce                HAL_TIM_PWM_PulseFinishedCallback
 .text.HAL_TIM_TriggerCallback
                0x080065e2       0x14 ./Drivers/STM32F4xx_HAL_Driver/Src/stm32f4xx_hal_tim.o
                0x080065e2                HAL_TIM_TriggerCallback
 *fill*         0x080065f6        0x2 
 .text.TIM_Base_SetConfig
                0x080065f8      0x14c ./Drivers/STM32F4xx_HAL_Driver/Src/stm32f4xx_hal_tim.o
                0x080065f8                TIM_Base_SetConfig
 .text.TIM_TI1_ConfigInputStage
                0x08006744       0x5e ./Drivers/STM32F4xx_HAL_Driver/Src/stm32f4xx_hal_tim.o
 .text.TIM_TI2_ConfigInputStage
                0x080067a2       0x60 ./Drivers/STM32F4xx_HAL_Driver/Src/stm32f4xx_hal_tim.o
 .text.TIM_ITRx_SetConfig
                0x08006802       0x36 ./Drivers/STM32F4xx_HAL_Driver/Src/stm32f4xx_hal_tim.o
 .text.TIM_ETR_SetConfig
                0x08006838       0x40 ./Drivers/STM32F4xx_HAL_Driver/Src/stm32f4xx_hal_tim.o
                0x08006838                TIM_ETR_SetConfig
 .text.HAL_TIMEx_MasterConfigSynchronization
                0x08006878       0xf8 ./Drivers/STM32F4xx_HAL_Driver/Src/stm32f4xx_hal_tim_ex.o
                0x08006878                HAL_TIMEx_MasterConfigSynchronization
 .text.HAL_TIMEx_CommutCallback
                0x08006970       0x14 ./Drivers/STM32F4xx_HAL_Driver/Src/stm32f4xx_hal_tim_ex.o
                0x08006970                HAL_TIMEx_CommutCallback
 .text.HAL_TIMEx_BreakCallback
                0x08006984       0x14 ./Drivers/STM32F4xx_HAL_Driver/Src/stm32f4xx_hal_tim_ex.o
                0x08006984                HAL_TIMEx_BreakCallback
 .text.HAL_UART_Init
                0x08006998       0xa0 ./Drivers/STM32F4xx_HAL_Driver/Src/stm32f4xx_hal_uart.o
                0x08006998                HAL_UART_Init
 .text.HAL_UART_Transmit
                0x08006a38      0x116 ./Drivers/STM32F4xx_HAL_Driver/Src/stm32f4xx_hal_uart.o
                0x08006a38                HAL_UART_Transmit
 .text.HAL_UART_Receive_IT
                0x08006b4e       0x4a ./Drivers/STM32F4xx_HAL_Driver/Src/stm32f4xx_hal_uart.o
                0x08006b4e                HAL_UART_Receive_IT
 .text.HAL_UART_IRQHandler
                0x08006b98      0x554 ./Drivers/STM32F4xx_HAL_Driver/Src/stm32f4xx_hal_uart.o
                0x08006b98                HAL_UART_IRQHandler
 .text.HAL_UART_TxCpltCallback
                0x080070ec       0x14 ./Drivers/STM32F4xx_HAL_Driver/Src/stm32f4xx_hal_uart.o
                0x080070ec                HAL_UART_TxCpltCallback
 .text.HAL_UART_ErrorCallback
                0x08007100       0x14 ./Drivers/STM32F4xx_HAL_Driver/Src/stm32f4xx_hal_uart.o
                0x08007100                HAL_UART_ErrorCallback
 .text.HAL_UARTEx_RxEventCallback
                0x08007114       0x18 ./Drivers/STM32F4xx_HAL_Driver/Src/stm32f4xx_hal_uart.o
                0x08007114                HAL_UARTEx_RxEventCallback
 .text.UART_WaitOnFlagUntilTimeout
                0x0800712c       0xb2 ./Drivers/STM32F4xx_HAL_Driver/Src/stm32f4xx_hal_uart.o
 .text.UART_Start_Receive_IT
                0x080071de       0x74 ./Drivers/STM32F4xx_HAL_Driver/Src/stm32f4xx_hal_uart.o
                0x080071de                UART_Start_Receive_IT
 .text.UART_EndRxTransfer
                0x08007252       0xc6 ./Drivers/STM32F4xx_HAL_Driver/Src/stm32f4xx_hal_uart.o
 .text.UART_DMAAbortOnError
                0x08007318       0x22 ./Drivers/STM32F4xx_HAL_Driver/Src/stm32f4xx_hal_uart.o
 .text.UART_Transmit_IT
                0x0800733a       0xa0 ./Drivers/STM32F4xx_HAL_Driver/Src/stm32f4xx_hal_uart.o
 .text.UART_EndTransmit_IT
                0x080073da       0x30 ./Drivers/STM32F4xx_HAL_Driver/Src/stm32f4xx_hal_uart.o
 .text.UART_Receive_IT
                0x0800740a      0x17c ./Drivers/STM32F4xx_HAL_Driver/Src/stm32f4xx_hal_uart.o
 *fill*         0x08007586        0x2 
 .text.UART_SetConfig
                0x08007588      0x4e8 ./Drivers/STM32F4xx_HAL_Driver/Src/stm32f4xx_hal_uart.o
 .text.FSMC_NORSRAM_Init
                0x08007a70       0xd4 ./Drivers/STM32F4xx_HAL_Driver/Src/stm32f4xx_ll_fsmc.o
                0x08007a70                FSMC_NORSRAM_Init
 .text.FSMC_NORSRAM_Timing_Init
                0x08007b44       0x5c ./Drivers/STM32F4xx_HAL_Driver/Src/stm32f4xx_ll_fsmc.o
                0x08007b44                FSMC_NORSRAM_Timing_Init
 .text.FSMC_NORSRAM_Extended_Timing_Init
                0x08007ba0       0x70 ./Drivers/STM32F4xx_HAL_Driver/Src/stm32f4xx_ll_fsmc.o
                0x08007ba0                FSMC_NORSRAM_Extended_Timing_Init
 .text.memset   0x08007c10       0x10 C:/ST/STM32CubeIDE_1.19.0/STM32CubeIDE/plugins/com.st.stm32cube.ide.mcu.externaltools.gnu-tools-for-stm32.13.3.rel1.win32_1.0.0.202411081344/tools/bin/../lib/gcc/arm-none-eabi/13.3.1/../../../../arm-none-eabi/lib/thumb/v7e-m+fp/hard\libc_nano.a(libc_a-memset.o)
                0x08007c10                memset
 .text.__libc_init_array
                0x08007c20       0x48 C:/ST/STM32CubeIDE_1.19.0/STM32CubeIDE/plugins/com.st.stm32cube.ide.mcu.externaltools.gnu-tools-for-stm32.13.3.rel1.win32_1.0.0.202411081344/tools/bin/../lib/gcc/arm-none-eabi/13.3.1/../../../../arm-none-eabi/lib/thumb/v7e-m+fp/hard\libc_nano.a(libc_a-init.o)
                0x08007c20                __libc_init_array
 *(.glue_7)
 .glue_7        0x08007c68        0x0 linker stubs
 *(.glue_7t)
 .glue_7t       0x08007c68        0x0 linker stubs
 *(.eh_frame)
 .eh_frame      0x08007c68        0x0 C:/ST/STM32CubeIDE_1.19.0/STM32CubeIDE/plugins/com.st.stm32cube.ide.mcu.externaltools.gnu-tools-for-stm32.13.3.rel1.win32_1.0.0.202411081344/tools/bin/../lib/gcc/arm-none-eabi/13.3.1/thumb/v7e-m+fp/hard/crtbegin.o
 *(.init)
 .init          0x08007c68        0x4 C:/ST/STM32CubeIDE_1.19.0/STM32CubeIDE/plugins/com.st.stm32cube.ide.mcu.externaltools.gnu-tools-for-stm32.13.3.rel1.win32_1.0.0.202411081344/tools/bin/../lib/gcc/arm-none-eabi/13.3.1/thumb/v7e-m+fp/hard/crti.o
                0x08007c68                _init
 .init          0x08007c6c        0x8 C:/ST/STM32CubeIDE_1.19.0/STM32CubeIDE/plugins/com.st.stm32cube.ide.mcu.externaltools.gnu-tools-for-stm32.13.3.rel1.win32_1.0.0.202411081344/tools/bin/../lib/gcc/arm-none-eabi/13.3.1/thumb/v7e-m+fp/hard/crtn.o
 *(.fini)
 .fini          0x08007c74        0x4 C:/ST/STM32CubeIDE_1.19.0/STM32CubeIDE/plugins/com.st.stm32cube.ide.mcu.externaltools.gnu-tools-for-stm32.13.3.rel1.win32_1.0.0.202411081344/tools/bin/../lib/gcc/arm-none-eabi/13.3.1/thumb/v7e-m+fp/hard/crti.o
                0x08007c74                _fini
 .fini          0x08007c78        0x8 C:/ST/STM32CubeIDE_1.19.0/STM32CubeIDE/plugins/com.st.stm32cube.ide.mcu.externaltools.gnu-tools-for-stm32.13.3.rel1.win32_1.0.0.202411081344/tools/bin/../lib/gcc/arm-none-eabi/13.3.1/thumb/v7e-m+fp/hard/crtn.o
                0x08007c80                        . = ALIGN (0x4)
                0x08007c80                        _etext = .

.vfp11_veneer   0x08007c80        0x0
 .vfp11_veneer  0x08007c80        0x0 linker stubs

.v4_bx          0x08007c80        0x0
 .v4_bx         0x08007c80        0x0 linker stubs

.iplt           0x08007c80        0x0
 .iplt          0x08007c80        0x0 C:/ST/STM32CubeIDE_1.19.0/STM32CubeIDE/plugins/com.st.stm32cube.ide.mcu.externaltools.gnu-tools-for-stm32.13.3.rel1.win32_1.0.0.202411081344/tools/bin/../lib/gcc/arm-none-eabi/13.3.1/thumb/v7e-m+fp/hard/crtbegin.o

.rodata         0x08007c80     0x3084
                0x08007c80                        . = ALIGN (0x4)
 *(.rodata)
 .rodata        0x08007c80       0xaa ./Core/Src/lab4.o
 *fill*         0x08007d2a        0x2 
 .rodata        0x08007d2c       0x3f ./Core/Src/uart.o
 *(.rodata*)
 *fill*         0x08007d6b        0x1 
 .rodata.ascii_1608
                0x08007d6c      0x5f0 ./Core/Src/lcd.o
                0x08007d6c                ascii_1608
 .rodata.ascii_2412
                0x0800835c     0x11d0 ./Core/Src/lcd.o
                0x0800835c                ascii_2412
 .rodata.ascii_3216
                0x0800952c     0x17c0 ./Core/Src/lcd.o
                0x0800952c                ascii_3216
 .rodata.AHBPrescTable
                0x0800acec       0x10 ./Core/Src/system_stm32f4xx.o
                0x0800acec                AHBPrescTable
 .rodata.APBPrescTable
                0x0800acfc        0x8 ./Core/Src/system_stm32f4xx.o
                0x0800acfc                APBPrescTable
                0x0800ad04                        . = ALIGN (0x4)

.ARM.extab      0x0800ad04        0x0
                0x0800ad04                        . = ALIGN (0x4)
 *(.ARM.extab* .gnu.linkonce.armextab.*)
                0x0800ad04                        . = ALIGN (0x4)

.ARM            0x0800ad04        0x8
                0x0800ad04                        . = ALIGN (0x4)
                0x0800ad04                        __exidx_start = .
 *(.ARM.exidx*)
 .ARM.exidx     0x0800ad04        0x8 C:/ST/STM32CubeIDE_1.19.0/STM32CubeIDE/plugins/com.st.stm32cube.ide.mcu.externaltools.gnu-tools-for-stm32.13.3.rel1.win32_1.0.0.202411081344/tools/bin/../lib/gcc/arm-none-eabi/13.3.1/../../../../arm-none-eabi/lib/thumb/v7e-m+fp/hard\libc_nano.a(libc_a-strlen.o)
 .ARM.exidx     0x0800ad0c        0x0 C:/ST/STM32CubeIDE_1.19.0/STM32CubeIDE/plugins/com.st.stm32cube.ide.mcu.externaltools.gnu-tools-for-stm32.13.3.rel1.win32_1.0.0.202411081344/tools/bin/../lib/gcc/arm-none-eabi/13.3.1/thumb/v7e-m+fp/hard\libgcc.a(_udivmoddi4.o)
                                  0x8 (size before relaxing)
                0x0800ad0c                        __exidx_end = .
                0x0800ad0c                        . = ALIGN (0x4)

.preinit_array  0x0800ad0c        0x0
                0x0800ad0c                        . = ALIGN (0x4)
                0x0800ad0c                        PROVIDE (__preinit_array_start = .)
 *(.preinit_array*)
                0x0800ad0c                        PROVIDE (__preinit_array_end = .)
                0x0800ad0c                        . = ALIGN (0x4)

.init_array     0x0800ad0c        0x4
                0x0800ad0c                        . = ALIGN (0x4)
                0x0800ad0c                        PROVIDE (__init_array_start = .)
 *(SORT_BY_NAME(.init_array.*))
 *(.init_array*)
 .init_array    0x0800ad0c        0x4 C:/ST/STM32CubeIDE_1.19.0/STM32CubeIDE/plugins/com.st.stm32cube.ide.mcu.externaltools.gnu-tools-for-stm32.13.3.rel1.win32_1.0.0.202411081344/tools/bin/../lib/gcc/arm-none-eabi/13.3.1/thumb/v7e-m+fp/hard/crtbegin.o
                0x0800ad10                        PROVIDE (__init_array_end = .)
                0x0800ad10                        . = ALIGN (0x4)

.fini_array     0x0800ad10        0x4
                0x0800ad10                        . = ALIGN (0x4)
                [!provide]                        PROVIDE (__fini_array_start = .)
 *(SORT_BY_NAME(.fini_array.*))
 *(.fini_array*)
 .fini_array    0x0800ad10        0x4 C:/ST/STM32CubeIDE_1.19.0/STM32CubeIDE/plugins/com.st.stm32cube.ide.mcu.externaltools.gnu-tools-for-stm32.13.3.rel1.win32_1.0.0.202411081344/tools/bin/../lib/gcc/arm-none-eabi/13.3.1/thumb/v7e-m+fp/hard/crtbegin.o
                [!provide]                        PROVIDE (__fini_array_end = .)
                0x0800ad14                        . = ALIGN (0x4)
                0x0800ad14                        _sidata = LOADADDR (.data)

.rel.dyn        0x0800ad14        0x0
 .rel.iplt      0x0800ad14        0x0 C:/ST/STM32CubeIDE_1.19.0/STM32CubeIDE/plugins/com.st.stm32cube.ide.mcu.externaltools.gnu-tools-for-stm32.13.3.rel1.win32_1.0.0.202411081344/tools/bin/../lib/gcc/arm-none-eabi/13.3.1/thumb/v7e-m+fp/hard/crtbegin.o

.data           0x20000000       0x50 load address 0x0800ad14
                0x20000000                        . = ALIGN (0x4)
                0x20000000                        _sdata = .
 *(.data)
 *(.data*)
 .data.buttonPos
                0x20000000       0x10 ./Core/Src/button.o
                0x20000000                buttonPos
 .data.alarm_state
                0x20000010        0x1 ./Core/Src/lab4.o
                0x20000010                alarm_state
 *fill*         0x20000011        0x3 
 .data.t.0      0x20000014       0x30 ./Core/Src/lab4.o
 .data.SystemCoreClock
                0x20000044        0x4 ./Core/Src/system_stm32f4xx.o
                0x20000044                SystemCoreClock
 .data.uwTickPrio
                0x20000048        0x4 ./Drivers/STM32F4xx_HAL_Driver/Src/stm32f4xx_hal.o
                0x20000048                uwTickPrio
 .data.uwTickFreq
                0x2000004c        0x1 ./Drivers/STM32F4xx_HAL_Driver/Src/stm32f4xx_hal.o
                0x2000004c                uwTickFreq
 *(.RamFunc)
 *(.RamFunc*)
                0x20000050                        . = ALIGN (0x4)
 *fill*         0x2000004d        0x3 
                0x20000050                        _edata = .
                0x0800ad64                        _siccmram = LOADADDR (.ccmram)

.igot.plt       0x20000050        0x0 load address 0x0800ad64
 .igot.plt      0x20000050        0x0 C:/ST/STM32CubeIDE_1.19.0/STM32CubeIDE/plugins/com.st.stm32cube.ide.mcu.externaltools.gnu-tools-for-stm32.13.3.rel1.win32_1.0.0.202411081344/tools/bin/../lib/gcc/arm-none-eabi/13.3.1/thumb/v7e-m+fp/hard/crtbegin.o

.ccmram         0x10000000        0x0 load address 0x0800ad64
                0x10000000                        . = ALIGN (0x4)
                0x10000000                        _sccmram = .
 *(.ccmram)
 *(.ccmram*)
                0x10000000                        . = ALIGN (0x4)
                0x10000000                        _eccmram = .
                0x10000000                        . = ALIGN (0x4)

.bss            0x20000050      0x344
                0x20000050                        _sbss = .
                0x20000050                        __bss_start__ = _sbss
 *(.bss)
 .bss           0x20000050       0x1c C:/ST/STM32CubeIDE_1.19.0/STM32CubeIDE/plugins/com.st.stm32cube.ide.mcu.externaltools.gnu-tools-for-stm32.13.3.rel1.win32_1.0.0.202411081344/tools/bin/../lib/gcc/arm-none-eabi/13.3.1/thumb/v7e-m+fp/hard/crtbegin.o
 *(.bss*)
 .bss.buttonCount
                0x2000006c       0x20 ./Core/Src/button.o
                0x2000006c                buttonCount
 .bss.lastState
                0x2000008c       0x10 ./Core/Src/button.o
                0x2000008c                lastState
 .bss.buttonSpiBuffer
                0x2000009c        0x2 ./Core/Src/button.o
 .bss.buttonInx
                0x2000009e        0x1 ./Core/Src/button.o
                0x2000009e                buttonInx
 .bss.longPressFlag
                0x2000009f        0x1 ./Core/Src/button.o
                0x2000009f                longPressFlag
 .bss.longPressTrigger
                0x200000a0        0x1 ./Core/Src/button.o
                0x200000a0                longPressTrigger
 *fill*         0x200000a1        0x3 
 .bss.g_longPressFlag
                0x200000a4       0x10 ./Core/Src/button.o
 .bss.g_counterTime
                0x200000b4       0x20 ./Core/Src/button.o
 .bss.ds3231_alarm1_flag
                0x200000d4        0x1 ./Core/Src/ds3232.o
                0x200000d4                ds3231_alarm1_flag
 .bss.ds3231_alarm2_flag
                0x200000d5        0x1 ./Core/Src/ds3232.o
                0x200000d5                ds3231_alarm2_flag
 *fill*         0x200000d6        0x2 
 .bss.ds3231_buffer
                0x200000d8        0x7 ./Core/Src/ds3232.o
                0x200000d8                ds3231_buffer
 .bss.ds3231_hours
                0x200000df        0x1 ./Core/Src/ds3232.o
                0x200000df                ds3231_hours
 .bss.ds3231_min
                0x200000e0        0x1 ./Core/Src/ds3232.o
                0x200000e0                ds3231_min
 .bss.ds3231_sec
                0x200000e1        0x1 ./Core/Src/ds3232.o
                0x200000e1                ds3231_sec
 .bss.ds3231_date
                0x200000e2        0x1 ./Core/Src/ds3232.o
                0x200000e2                ds3231_date
 .bss.ds3231_day
                0x200000e3        0x1 ./Core/Src/ds3232.o
                0x200000e3                ds3231_day
 .bss.ds3231_month
                0x200000e4        0x1 ./Core/Src/ds3232.o
                0x200000e4                ds3231_month
 .bss.ds3231_year
                0x200000e5        0x1 ./Core/Src/ds3232.o
                0x200000e5                ds3231_year
 .bss.ds3231_a1_second
                0x200000e6        0x1 ./Core/Src/ds3232.o
                0x200000e6                ds3231_a1_second
 .bss.ds3231_a1_minute
                0x200000e7        0x1 ./Core/Src/ds3232.o
                0x200000e7                ds3231_a1_minute
 .bss.ds3231_a1_hour
                0x200000e8        0x1 ./Core/Src/ds3232.o
                0x200000e8                ds3231_a1_hour
 .bss.ds3231_a1_day
                0x200000e9        0x1 ./Core/Src/ds3232.o
                0x200000e9                ds3231_a1_day
 .bss.ds3231_a1_isDayOfWeek
                0x200000ea        0x1 ./Core/Src/ds3232.o
                0x200000ea                ds3231_a1_isDayOfWeek
 .bss.ds3231_a2_minute
                0x200000eb        0x1 ./Core/Src/ds3232.o
                0x200000eb                ds3231_a2_minute
 .bss.ds3231_a2_hour
                0x200000ec        0x1 ./Core/Src/ds3232.o
                0x200000ec                ds3231_a2_hour
 .bss.ds3231_a2_day
                0x200000ed        0x1 ./Core/Src/ds3232.o
                0x200000ed                ds3231_a2_day
 .bss.ds3231_a2_isDayOfWeek
                0x200000ee        0x1 ./Core/Src/ds3232.o
                0x200000ee                ds3231_a2_isDayOfWeek
 *fill*         0x200000ef        0x1 
 .bss.hsram1    0x200000f0       0x50 ./Core/Src/fsmc.o
                0x200000f0                hsram1
 .bss.FSMC_Initialized
                0x20000140        0x4 ./Core/Src/fsmc.o
 .bss.hi2c1     0x20000144       0x54 ./Core/Src/i2c.o
                0x20000144                hi2c1
 .bss.Blink     0x20000198        0x1 ./Core/Src/lab4.o
                0x20000198                Blink
 .bss.isENpress
                0x20000199        0x1 ./Core/Src/lab4.o
                0x20000199                isENpress
 .bss.isBACKpress
                0x2000019a        0x1 ./Core/Src/lab4.o
                0x2000019a                isBACKpress
 .bss.isNEXTpress
                0x2000019b        0x1 ./Core/Src/lab4.o
                0x2000019b                isNEXTpress
 .bss.isUPpress
                0x2000019c        0x1 ./Core/Src/lab4.o
                0x2000019c                isUPpress
 .bss.isOnePress
                0x2000019d        0x1 ./Core/Src/lab4.o
                0x2000019d                isOnePress
 .bss.isButtonPress
                0x2000019e        0x1 ./Core/Src/lab4.o
                0x2000019e                isButtonPress
 .bss.countAlarm
                0x2000019f        0x1 ./Core/Src/lab4.o
                0x2000019f                countAlarm
 .bss.lab4_state
                0x200001a0        0x1 ./Core/Src/lab4.o
                0x200001a0                lab4_state
 .bss.edit_time_state
                0x200001a1        0x1 ./Core/Src/lab4.o
                0x200001a1                edit_time_state
 .bss.edit_alarm_state
                0x200001a2        0x1 ./Core/Src/lab4.o
                0x200001a2                edit_alarm_state
 *fill*         0x200001a3        0x1 
 .bss.bufferTime
                0x200001a4        0x7 ./Core/Src/lab4.o
                0x200001a4                bufferTime
 *fill*         0x200001ab        0x1 
 .bss.bufferAlarm
                0x200001ac        0x5 ./Core/Src/lab4.o
                0x200001ac                bufferAlarm
 *fill*         0x200001b1        0x3 
 .bss.lcddev    0x200001b4        0x6 ./Core/Src/lcd.o
                0x200001b4                lcddev
 .bss.timer2Flag
                0x200001ba        0x1 ./Core/Src/software_timer.o
                0x200001ba                timer2Flag
 *fill*         0x200001bb        0x1 
 .bss.timer2Count
                0x200001bc        0x2 ./Core/Src/software_timer.o
                0x200001bc                timer2Count
 .bss.timer2Mul
                0x200001be        0x2 ./Core/Src/software_timer.o
                0x200001be                timer2Mul
 .bss.task      0x200001c0       0x78 ./Core/Src/software_timer.o
                0x200001c0                task
 .bss.globalFlag
                0x20000238        0x1 ./Core/Src/software_timer.o
                0x20000238                globalFlag
 *fill*         0x20000239        0x3 
 .bss.hspi1     0x2000023c       0x58 ./Core/Src/spi.o
                0x2000023c                hspi1
 .bss.htim2     0x20000294       0x48 ./Core/Src/tim.o
                0x20000294                htim2
 .bss.msg       0x200002dc       0x64 ./Core/Src/uart.o
                0x200002dc                msg
 .bss.receive_buffer1
                0x20000340        0x1 ./Core/Src/uart.o
                0x20000340                receive_buffer1
 .bss.flag_buffer
                0x20000341        0x1 ./Core/Src/uart.o
                0x20000341                flag_buffer
 .bss.buffer_index
                0x20000342        0x2 ./Core/Src/uart.o
                0x20000342                buffer_index
 .bss.bufferState
                0x20000344        0x1 ./Core/Src/uart.o
                0x20000344                bufferState
 *fill*         0x20000345        0x3 
 .bss.huart1    0x20000348       0x48 ./Core/Src/usart.o
                0x20000348                huart1
 .bss.uwTick    0x20000390        0x4 ./Drivers/STM32F4xx_HAL_Driver/Src/stm32f4xx_hal.o
                0x20000390                uwTick
 *(COMMON)
                0x20000394                        . = ALIGN (0x4)
                0x20000394                        _ebss = .
                0x20000394                        __bss_end__ = _ebss

._user_heap_stack
                0x20000394      0x604
                0x20000398                        . = ALIGN (0x8)
 *fill*         0x20000394        0x4 
                [!provide]                        PROVIDE (end = .)
                0x20000398                        PROVIDE (_end = .)
                0x20000598                        . = (. + _Min_Heap_Size)
 *fill*         0x20000398      0x200 
                0x20000998                        . = (. + _Min_Stack_Size)
 *fill*         0x20000598      0x400 
                0x20000998                        . = ALIGN (0x8)

/DISCARD/
 libc.a(*)
 libm.a(*)
 libgcc.a(*)

.ARM.attributes
                0x00000000       0x30
 *(.ARM.attributes)
 .ARM.attributes
                0x00000000       0x22 C:/ST/STM32CubeIDE_1.19.0/STM32CubeIDE/plugins/com.st.stm32cube.ide.mcu.externaltools.gnu-tools-for-stm32.13.3.rel1.win32_1.0.0.202411081344/tools/bin/../lib/gcc/arm-none-eabi/13.3.1/thumb/v7e-m+fp/hard/crti.o
 .ARM.attributes
                0x00000022       0x34 C:/ST/STM32CubeIDE_1.19.0/STM32CubeIDE/plugins/com.st.stm32cube.ide.mcu.externaltools.gnu-tools-for-stm32.13.3.rel1.win32_1.0.0.202411081344/tools/bin/../lib/gcc/arm-none-eabi/13.3.1/thumb/v7e-m+fp/hard/crtbegin.o
 .ARM.attributes
                0x00000056       0x34 ./Core/Src/button.o
 .ARM.attributes
                0x0000008a       0x34 ./Core/Src/ds3232.o
 .ARM.attributes
                0x000000be       0x34 ./Core/Src/fsmc.o
 .ARM.attributes
                0x000000f2       0x34 ./Core/Src/gpio.o
 .ARM.attributes
                0x00000126       0x34 ./Core/Src/i2c.o
 .ARM.attributes
                0x0000015a       0x34 ./Core/Src/lab4.o
 .ARM.attributes
                0x0000018e       0x34 ./Core/Src/lcd.o
 .ARM.attributes
                0x000001c2       0x34 ./Core/Src/main.o
 .ARM.attributes
                0x000001f6       0x34 ./Core/Src/software_timer.o
 .ARM.attributes
                0x0000022a       0x34 ./Core/Src/spi.o
 .ARM.attributes
                0x0000025e       0x34 ./Core/Src/stm32f4xx_hal_msp.o
 .ARM.attributes
                0x00000292       0x34 ./Core/Src/stm32f4xx_it.o
 .ARM.attributes
                0x000002c6       0x34 ./Core/Src/system_stm32f4xx.o
 .ARM.attributes
                0x000002fa       0x34 ./Core/Src/tim.o
 .ARM.attributes
                0x0000032e       0x34 ./Core/Src/uart.o
 .ARM.attributes
                0x00000362       0x34 ./Core/Src/usart.o
 .ARM.attributes
                0x00000396       0x34 ./Core/Src/utils.o
 .ARM.attributes
                0x000003ca       0x21 ./Core/Startup/startup_stm32f407zgtx.o
 .ARM.attributes
                0x000003eb       0x34 ./Drivers/STM32F4xx_HAL_Driver/Src/stm32f4xx_hal.o
 .ARM.attributes
                0x0000041f       0x34 ./Drivers/STM32F4xx_HAL_Driver/Src/stm32f4xx_hal_cortex.o
 .ARM.attributes
                0x00000453       0x34 ./Drivers/STM32F4xx_HAL_Driver/Src/stm32f4xx_hal_dma.o
 .ARM.attributes
                0x00000487       0x34 ./Drivers/STM32F4xx_HAL_Driver/Src/stm32f4xx_hal_gpio.o
 .ARM.attributes
                0x000004bb       0x34 ./Drivers/STM32F4xx_HAL_Driver/Src/stm32f4xx_hal_i2c.o
 .ARM.attributes
                0x000004ef       0x34 ./Drivers/STM32F4xx_HAL_Driver/Src/stm32f4xx_hal_rcc.o
 .ARM.attributes
                0x00000523       0x34 ./Drivers/STM32F4xx_HAL_Driver/Src/stm32f4xx_hal_spi.o
 .ARM.attributes
                0x00000557       0x34 ./Drivers/STM32F4xx_HAL_Driver/Src/stm32f4xx_hal_sram.o
 .ARM.attributes
                0x0000058b       0x34 ./Drivers/STM32F4xx_HAL_Driver/Src/stm32f4xx_hal_tim.o
 .ARM.attributes
                0x000005bf       0x34 ./Drivers/STM32F4xx_HAL_Driver/Src/stm32f4xx_hal_tim_ex.o
 .ARM.attributes
                0x000005f3       0x34 ./Drivers/STM32F4xx_HAL_Driver/Src/stm32f4xx_hal_uart.o
 .ARM.attributes
                0x00000627       0x34 ./Drivers/STM32F4xx_HAL_Driver/Src/stm32f4xx_ll_fsmc.o
 .ARM.attributes
                0x0000065b       0x34 C:/ST/STM32CubeIDE_1.19.0/STM32CubeIDE/plugins/com.st.stm32cube.ide.mcu.externaltools.gnu-tools-for-stm32.13.3.rel1.win32_1.0.0.202411081344/tools/bin/../lib/gcc/arm-none-eabi/13.3.1/../../../../arm-none-eabi/lib/thumb/v7e-m+fp/hard\libc_nano.a(libc_a-memset.o)
 .ARM.attributes
                0x0000068f       0x34 C:/ST/STM32CubeIDE_1.19.0/STM32CubeIDE/plugins/com.st.stm32cube.ide.mcu.externaltools.gnu-tools-for-stm32.13.3.rel1.win32_1.0.0.202411081344/tools/bin/../lib/gcc/arm-none-eabi/13.3.1/../../../../arm-none-eabi/lib/thumb/v7e-m+fp/hard\libc_nano.a(libc_a-init.o)
 .ARM.attributes
                0x000006c3       0x17 C:/ST/STM32CubeIDE_1.19.0/STM32CubeIDE/plugins/com.st.stm32cube.ide.mcu.externaltools.gnu-tools-for-stm32.13.3.rel1.win32_1.0.0.202411081344/tools/bin/../lib/gcc/arm-none-eabi/13.3.1/../../../../arm-none-eabi/lib/thumb/v7e-m+fp/hard\libc_nano.a(libc_a-strlen.o)
 .ARM.attributes
                0x000006da       0x22 C:/ST/STM32CubeIDE_1.19.0/STM32CubeIDE/plugins/com.st.stm32cube.ide.mcu.externaltools.gnu-tools-for-stm32.13.3.rel1.win32_1.0.0.202411081344/tools/bin/../lib/gcc/arm-none-eabi/13.3.1/thumb/v7e-m+fp/hard\libgcc.a(_aeabi_uldivmod.o)
 .ARM.attributes
                0x000006fc       0x34 C:/ST/STM32CubeIDE_1.19.0/STM32CubeIDE/plugins/com.st.stm32cube.ide.mcu.externaltools.gnu-tools-for-stm32.13.3.rel1.win32_1.0.0.202411081344/tools/bin/../lib/gcc/arm-none-eabi/13.3.1/thumb/v7e-m+fp/hard\libgcc.a(_udivmoddi4.o)
 .ARM.attributes
                0x00000730       0x22 C:/ST/STM32CubeIDE_1.19.0/STM32CubeIDE/plugins/com.st.stm32cube.ide.mcu.externaltools.gnu-tools-for-stm32.13.3.rel1.win32_1.0.0.202411081344/tools/bin/../lib/gcc/arm-none-eabi/13.3.1/thumb/v7e-m+fp/hard\libgcc.a(_dvmd_tls.o)
 .ARM.attributes
                0x00000752       0x22 C:/ST/STM32CubeIDE_1.19.0/STM32CubeIDE/plugins/com.st.stm32cube.ide.mcu.externaltools.gnu-tools-for-stm32.13.3.rel1.win32_1.0.0.202411081344/tools/bin/../lib/gcc/arm-none-eabi/13.3.1/thumb/v7e-m+fp/hard/crtn.o
OUTPUT(BKIT_LAB1.elf elf32-littlearm)
LOAD linker stubs
LOAD C:/ST/STM32CubeIDE_1.19.0/STM32CubeIDE/plugins/com.st.stm32cube.ide.mcu.externaltools.gnu-tools-for-stm32.13.3.rel1.win32_1.0.0.202411081344/tools/bin/../lib/gcc/arm-none-eabi/13.3.1/../../../../arm-none-eabi/lib/thumb/v7e-m+fp/hard\libc.a
LOAD C:/ST/STM32CubeIDE_1.19.0/STM32CubeIDE/plugins/com.st.stm32cube.ide.mcu.externaltools.gnu-tools-for-stm32.13.3.rel1.win32_1.0.0.202411081344/tools/bin/../lib/gcc/arm-none-eabi/13.3.1/../../../../arm-none-eabi/lib/thumb/v7e-m+fp/hard\libm.a
LOAD C:/ST/STM32CubeIDE_1.19.0/STM32CubeIDE/plugins/com.st.stm32cube.ide.mcu.externaltools.gnu-tools-for-stm32.13.3.rel1.win32_1.0.0.202411081344/tools/bin/../lib/gcc/arm-none-eabi/13.3.1/thumb/v7e-m+fp/hard\libgcc.a

.debug_info     0x00000000    0x17775
 .debug_info    0x00000000      0x938 ./Core/Src/button.o
 .debug_info    0x00000938      0xa09 ./Core/Src/ds3232.o
 .debug_info    0x00001341      0x9ee ./Core/Src/fsmc.o
 .debug_info    0x00001d2f      0x45d ./Core/Src/gpio.o
 .debug_info    0x0000218c      0x968 ./Core/Src/i2c.o
 .debug_info    0x00002af4      0x83d ./Core/Src/lab4.o
 .debug_info    0x00003331      0xc29 ./Core/Src/lcd.o
 .debug_info    0x00003f5a      0x700 ./Core/Src/main.o
 .debug_info    0x0000465a      0x8cc ./Core/Src/software_timer.o
 .debug_info    0x00004f26      0x94d ./Core/Src/spi.o
 .debug_info    0x00005873      0x269 ./Core/Src/stm32f4xx_hal_msp.o
 .debug_info    0x00005adc      0x98b ./Core/Src/stm32f4xx_it.o
 .debug_info    0x00006467      0x512 ./Core/Src/system_stm32f4xx.o
 .debug_info    0x00006979      0xc03 ./Core/Src/tim.o
 .debug_info    0x0000757c      0x83c ./Core/Src/uart.o
 .debug_info    0x00007db8      0xb8d ./Core/Src/usart.o
 .debug_info    0x00008945       0xd5 ./Core/Src/utils.o
 .debug_info    0x00008a1a       0x30 ./Core/Startup/startup_stm32f407zgtx.o
 .debug_info    0x00008a4a      0x944 ./Drivers/STM32F4xx_HAL_Driver/Src/stm32f4xx_hal.o
 .debug_info    0x0000938e      0xd8c ./Drivers/STM32F4xx_HAL_Driver/Src/stm32f4xx_hal_cortex.o
 .debug_info    0x0000a11a      0x8e7 ./Drivers/STM32F4xx_HAL_Driver/Src/stm32f4xx_hal_dma.o
 .debug_info    0x0000aa01      0x6c3 ./Drivers/STM32F4xx_HAL_Driver/Src/stm32f4xx_hal_gpio.o
 .debug_info    0x0000b0c4     0x2415 ./Drivers/STM32F4xx_HAL_Driver/Src/stm32f4xx_hal_i2c.o
 .debug_info    0x0000d4d9      0x8c3 ./Drivers/STM32F4xx_HAL_Driver/Src/stm32f4xx_hal_rcc.o
 .debug_info    0x0000dd9c     0x1525 ./Drivers/STM32F4xx_HAL_Driver/Src/stm32f4xx_hal_spi.o
 .debug_info    0x0000f2c1      0xd48 ./Drivers/STM32F4xx_HAL_Driver/Src/stm32f4xx_hal_sram.o
 .debug_info    0x00010009     0x299d ./Drivers/STM32F4xx_HAL_Driver/Src/stm32f4xx_hal_tim.o
 .debug_info    0x000129a6     0x14db ./Drivers/STM32F4xx_HAL_Driver/Src/stm32f4xx_hal_tim_ex.o
 .debug_info    0x00013e81     0x2f4f ./Drivers/STM32F4xx_HAL_Driver/Src/stm32f4xx_hal_uart.o
 .debug_info    0x00016dd0      0x9a5 ./Drivers/STM32F4xx_HAL_Driver/Src/stm32f4xx_ll_fsmc.o

.debug_abbrev   0x00000000     0x3d08
 .debug_abbrev  0x00000000      0x236 ./Core/Src/button.o
 .debug_abbrev  0x00000236      0x201 ./Core/Src/ds3232.o
 .debug_abbrev  0x00000437      0x212 ./Core/Src/fsmc.o
 .debug_abbrev  0x00000649      0x152 ./Core/Src/gpio.o
 .debug_abbrev  0x0000079b      0x1f1 ./Core/Src/i2c.o
 .debug_abbrev  0x0000098c      0x250 ./Core/Src/lab4.o
 .debug_abbrev  0x00000bdc      0x328 ./Core/Src/lcd.o
 .debug_abbrev  0x00000f04      0x27f ./Core/Src/main.o
 .debug_abbrev  0x00001183      0x205 ./Core/Src/software_timer.o
 .debug_abbrev  0x00001388      0x1fa ./Core/Src/spi.o
 .debug_abbrev  0x00001582       0xd8 ./Core/Src/stm32f4xx_hal_msp.o
 .debug_abbrev  0x0000165a      0x19c ./Core/Src/stm32f4xx_it.o
 .debug_abbrev  0x000017f6      0x11a ./Core/Src/system_stm32f4xx.o
 .debug_abbrev  0x00001910      0x1f7 ./Core/Src/tim.o
 .debug_abbrev  0x00001b07      0x251 ./Core/Src/uart.o
 .debug_abbrev  0x00001d58      0x218 ./Core/Src/usart.o
 .debug_abbrev  0x00001f70       0x86 ./Core/Src/utils.o
 .debug_abbrev  0x00001ff6       0x24 ./Core/Startup/startup_stm32f407zgtx.o
 .debug_abbrev  0x0000201a      0x214 ./Drivers/STM32F4xx_HAL_Driver/Src/stm32f4xx_hal.o
 .debug_abbrev  0x0000222e      0x31d ./Drivers/STM32F4xx_HAL_Driver/Src/stm32f4xx_hal_cortex.o
 .debug_abbrev  0x0000254b      0x264 ./Drivers/STM32F4xx_HAL_Driver/Src/stm32f4xx_hal_dma.o
 .debug_abbrev  0x000027af      0x1d4 ./Drivers/STM32F4xx_HAL_Driver/Src/stm32f4xx_hal_gpio.o
 .debug_abbrev  0x00002983      0x2ad ./Drivers/STM32F4xx_HAL_Driver/Src/stm32f4xx_hal_i2c.o
 .debug_abbrev  0x00002c30      0x2b7 ./Drivers/STM32F4xx_HAL_Driver/Src/stm32f4xx_hal_rcc.o
 .debug_abbrev  0x00002ee7      0x27a ./Drivers/STM32F4xx_HAL_Driver/Src/stm32f4xx_hal_spi.o
 .debug_abbrev  0x00003161      0x1f3 ./Drivers/STM32F4xx_HAL_Driver/Src/stm32f4xx_hal_sram.o
 .debug_abbrev  0x00003354      0x278 ./Drivers/STM32F4xx_HAL_Driver/Src/stm32f4xx_hal_tim.o
 .debug_abbrev  0x000035cc      0x283 ./Drivers/STM32F4xx_HAL_Driver/Src/stm32f4xx_hal_tim_ex.o
 .debug_abbrev  0x0000384f      0x30e ./Drivers/STM32F4xx_HAL_Driver/Src/stm32f4xx_hal_uart.o
 .debug_abbrev  0x00003b5d      0x1ab ./Drivers/STM32F4xx_HAL_Driver/Src/stm32f4xx_ll_fsmc.o

.debug_aranges  0x00000000     0x1630
 .debug_aranges
                0x00000000       0x40 ./Core/Src/button.o
 .debug_aranges
                0x00000040       0x58 ./Core/Src/ds3232.o
 .debug_aranges
                0x00000098       0x40 ./Core/Src/fsmc.o
 .debug_aranges
                0x000000d8       0x20 ./Core/Src/gpio.o
 .debug_aranges
                0x000000f8       0x30 ./Core/Src/i2c.o
 .debug_aranges
                0x00000128       0xe0 ./Core/Src/lab4.o
 .debug_aranges
                0x00000208       0xd8 ./Core/Src/lcd.o
 .debug_aranges
                0x000002e0       0x60 ./Core/Src/main.o
 .debug_aranges
                0x00000340       0x58 ./Core/Src/software_timer.o
 .debug_aranges
                0x00000398       0x30 ./Core/Src/spi.o
 .debug_aranges
                0x000003c8       0x20 ./Core/Src/stm32f4xx_hal_msp.o
 .debug_aranges
                0x000003e8       0x70 ./Core/Src/stm32f4xx_it.o
 .debug_aranges
                0x00000458       0x28 ./Core/Src/system_stm32f4xx.o
 .debug_aranges
                0x00000480       0x30 ./Core/Src/tim.o
 .debug_aranges
                0x000004b0       0x58 ./Core/Src/uart.o
 .debug_aranges
                0x00000508       0x30 ./Core/Src/usart.o
 .debug_aranges
                0x00000538       0x28 ./Core/Src/utils.o
 .debug_aranges
                0x00000560       0x28 ./Core/Startup/startup_stm32f407zgtx.o
 .debug_aranges
                0x00000588       0xf0 ./Drivers/STM32F4xx_HAL_Driver/Src/stm32f4xx_hal.o
 .debug_aranges
                0x00000678      0x130 ./Drivers/STM32F4xx_HAL_Driver/Src/stm32f4xx_hal_cortex.o
 .debug_aranges
                0x000007a8       0x90 ./Drivers/STM32F4xx_HAL_Driver/Src/stm32f4xx_hal_dma.o
 .debug_aranges
                0x00000838       0x58 ./Drivers/STM32F4xx_HAL_Driver/Src/stm32f4xx_hal_gpio.o
 .debug_aranges
                0x00000890      0x2a8 ./Drivers/STM32F4xx_HAL_Driver/Src/stm32f4xx_hal_i2c.o
 .debug_aranges
                0x00000b38       0x88 ./Drivers/STM32F4xx_HAL_Driver/Src/stm32f4xx_hal_rcc.o
 .debug_aranges
                0x00000bc0      0x1d0 ./Drivers/STM32F4xx_HAL_Driver/Src/stm32f4xx_hal_spi.o
 .debug_aranges
                0x00000d90       0xb8 ./Drivers/STM32F4xx_HAL_Driver/Src/stm32f4xx_hal_sram.o
 .debug_aranges
                0x00000e48      0x3d0 ./Drivers/STM32F4xx_HAL_Driver/Src/stm32f4xx_hal_tim.o
 .debug_aranges
                0x00001218      0x168 ./Drivers/STM32F4xx_HAL_Driver/Src/stm32f4xx_hal_tim_ex.o
 .debug_aranges
                0x00001380      0x208 ./Drivers/STM32F4xx_HAL_Driver/Src/stm32f4xx_hal_uart.o
 .debug_aranges
                0x00001588       0xa8 ./Drivers/STM32F4xx_HAL_Driver/Src/stm32f4xx_ll_fsmc.o

.debug_rnglists
                0x00000000     0x114a
 .debug_rnglists
                0x00000000       0x2d ./Core/Src/button.o
 .debug_rnglists
                0x0000002d       0x41 ./Core/Src/ds3232.o
 .debug_rnglists
                0x0000006e       0x2d ./Core/Src/fsmc.o
 .debug_rnglists
                0x0000009b       0x14 ./Core/Src/gpio.o
 .debug_rnglists
                0x000000af       0x20 ./Core/Src/i2c.o
 .debug_rnglists
                0x000000cf       0xae ./Core/Src/lab4.o
 .debug_rnglists
                0x0000017d       0xa8 ./Core/Src/lcd.o
 .debug_rnglists
                0x00000225       0x45 ./Core/Src/main.o
 .debug_rnglists
                0x0000026a       0x41 ./Core/Src/software_timer.o
 .debug_rnglists
                0x000002ab       0x20 ./Core/Src/spi.o
 .debug_rnglists
                0x000002cb       0x13 ./Core/Src/stm32f4xx_hal_msp.o
 .debug_rnglists
                0x000002de       0x4f ./Core/Src/stm32f4xx_it.o
 .debug_rnglists
                0x0000032d       0x1a ./Core/Src/system_stm32f4xx.o
 .debug_rnglists
                0x00000347       0x20 ./Core/Src/tim.o
 .debug_rnglists
                0x00000367       0x3e ./Core/Src/uart.o
 .debug_rnglists
                0x000003a5       0x20 ./Core/Src/usart.o
 .debug_rnglists
                0x000003c5       0x19 ./Core/Src/utils.o
 .debug_rnglists
                0x000003de       0x19 ./Core/Startup/startup_stm32f407zgtx.o
 .debug_rnglists
                0x000003f7       0xaf ./Drivers/STM32F4xx_HAL_Driver/Src/stm32f4xx_hal.o
 .debug_rnglists
                0x000004a6       0xe0 ./Drivers/STM32F4xx_HAL_Driver/Src/stm32f4xx_hal_cortex.o
 .debug_rnglists
                0x00000586       0x70 ./Drivers/STM32F4xx_HAL_Driver/Src/stm32f4xx_hal_dma.o
 .debug_rnglists
                0x000005f6       0x3f ./Drivers/STM32F4xx_HAL_Driver/Src/stm32f4xx_hal_gpio.o
 .debug_rnglists
                0x00000635      0x23c ./Drivers/STM32F4xx_HAL_Driver/Src/stm32f4xx_hal_i2c.o
 .debug_rnglists
                0x00000871       0x66 ./Drivers/STM32F4xx_HAL_Driver/Src/stm32f4xx_hal_rcc.o
 .debug_rnglists
                0x000008d7      0x16f ./Drivers/STM32F4xx_HAL_Driver/Src/stm32f4xx_hal_spi.o
 .debug_rnglists
                0x00000a46       0x8d ./Drivers/STM32F4xx_HAL_Driver/Src/stm32f4xx_hal_sram.o
 .debug_rnglists
                0x00000ad3      0x31a ./Drivers/STM32F4xx_HAL_Driver/Src/stm32f4xx_hal_tim.o
 .debug_rnglists
                0x00000ded      0x125 ./Drivers/STM32F4xx_HAL_Driver/Src/stm32f4xx_hal_tim_ex.o
 .debug_rnglists
                0x00000f12      0x1bc ./Drivers/STM32F4xx_HAL_Driver/Src/stm32f4xx_hal_uart.o
 .debug_rnglists
                0x000010ce       0x7c ./Drivers/STM32F4xx_HAL_Driver/Src/stm32f4xx_ll_fsmc.o

.debug_macro    0x00000000    0x2468c
 .debug_macro   0x00000000      0x23f ./Core/Src/button.o
 .debug_macro   0x0000023f      0xad8 ./Core/Src/button.o
 .debug_macro   0x00000d17       0x22 ./Core/Src/button.o
 .debug_macro   0x00000d39       0x8e ./Core/Src/button.o
 .debug_macro   0x00000dc7       0x51 ./Core/Src/button.o
 .debug_macro   0x00000e18      0x103 ./Core/Src/button.o
 .debug_macro   0x00000f1b       0x6a ./Core/Src/button.o
 .debug_macro   0x00000f85      0x1df ./Core/Src/button.o
 .debug_macro   0x00001164       0x10 ./Core/Src/button.o
 .debug_macro   0x00001174      0x2ad ./Core/Src/button.o
 .debug_macro   0x00001421       0x2e ./Core/Src/button.o
 .debug_macro   0x0000144f       0x2f ./Core/Src/button.o
 .debug_macro   0x0000147e       0x1c ./Core/Src/button.o
 .debug_macro   0x0000149a       0x22 ./Core/Src/button.o
 .debug_macro   0x000014bc       0xfb ./Core/Src/button.o
 .debug_macro   0x000015b7     0x1011 ./Core/Src/button.o
 .debug_macro   0x000025c8      0x11f ./Core/Src/button.o
 .debug_macro   0x000026e7    0x15ea5 ./Core/Src/button.o
 .debug_macro   0x0001858c       0x6d ./Core/Src/button.o
 .debug_macro   0x000185f9     0x3693 ./Core/Src/button.o
 .debug_macro   0x0001bc8c      0x190 ./Core/Src/button.o
 .debug_macro   0x0001be1c       0x5c ./Core/Src/button.o
 .debug_macro   0x0001be78      0x980 ./Core/Src/button.o
 .debug_macro   0x0001c7f8      0x9e9 ./Core/Src/button.o
 .debug_macro   0x0001d1e1      0x115 ./Core/Src/button.o
 .debug_macro   0x0001d2f6      0x13e ./Core/Src/button.o
 .debug_macro   0x0001d434       0xa5 ./Core/Src/button.o
 .debug_macro   0x0001d4d9      0x174 ./Core/Src/button.o
 .debug_macro   0x0001d64d      0x287 ./Core/Src/button.o
 .debug_macro   0x0001d8d4       0x5f ./Core/Src/button.o
 .debug_macro   0x0001d933      0x236 ./Core/Src/button.o
 .debug_macro   0x0001db69      0x12c ./Core/Src/button.o
 .debug_macro   0x0001dc95      0x21e ./Core/Src/button.o
 .debug_macro   0x0001deb3       0x2e ./Core/Src/button.o
 .debug_macro   0x0001dee1      0x516 ./Core/Src/button.o
 .debug_macro   0x0001e3f7      0x1b5 ./Core/Src/button.o
 .debug_macro   0x0001e5ac       0xd6 ./Core/Src/button.o
 .debug_macro   0x0001e682      0x127 ./Core/Src/button.o
 .debug_macro   0x0001e7a9       0x7e ./Core/Src/button.o
 .debug_macro   0x0001e827       0x89 ./Core/Src/button.o
 .debug_macro   0x0001e8b0      0x225 ./Core/Src/button.o
 .debug_macro   0x0001ead5      0x8ed ./Core/Src/button.o
 .debug_macro   0x0001f3c2       0x4d ./Core/Src/button.o
 .debug_macro   0x0001f40f      0x2aa ./Core/Src/button.o
 .debug_macro   0x0001f6b9      0x12d ./Core/Src/button.o
 .debug_macro   0x0001f7e6       0x7c ./Core/Src/button.o
 .debug_macro   0x0001f862      0x245 ./Core/Src/ds3232.o
 .debug_macro   0x0001faa7       0x3a ./Core/Src/ds3232.o
 .debug_macro   0x0001fae1      0x226 ./Core/Src/fsmc.o
 .debug_macro   0x0001fd07      0x226 ./Core/Src/gpio.o
 .debug_macro   0x0001ff2d      0x226 ./Core/Src/i2c.o
 .debug_macro   0x00020153      0x2b3 ./Core/Src/lab4.o
 .debug_macro   0x00020406       0x22 ./Core/Src/lab4.o
 .debug_macro   0x00020428      0x345 ./Core/Src/lcd.o
 .debug_macro   0x0002076d       0x2a ./Core/Src/lcd.o
 .debug_macro   0x00020797       0x61 ./Core/Src/lcd.o
 .debug_macro   0x000207f8       0x43 ./Core/Src/lcd.o
 .debug_macro   0x0002083b       0x34 ./Core/Src/lcd.o
 .debug_macro   0x0002086f       0x16 ./Core/Src/lcd.o
 .debug_macro   0x00020885       0x3c ./Core/Src/lcd.o
 .debug_macro   0x000208c1      0x370 ./Core/Src/lcd.o
 .debug_macro   0x00020c31       0x16 ./Core/Src/lcd.o
 .debug_macro   0x00020c47       0x4a ./Core/Src/lcd.o
 .debug_macro   0x00020c91       0x34 ./Core/Src/lcd.o
 .debug_macro   0x00020cc5       0x10 ./Core/Src/lcd.o
 .debug_macro   0x00020cd5       0x58 ./Core/Src/lcd.o
 .debug_macro   0x00020d2d       0x8e ./Core/Src/lcd.o
 .debug_macro   0x00020dbb       0x1c ./Core/Src/lcd.o
 .debug_macro   0x00020dd7      0x185 ./Core/Src/lcd.o
 .debug_macro   0x00020f5c       0x16 ./Core/Src/lcd.o
 .debug_macro   0x00020f72       0x29 ./Core/Src/lcd.o
 .debug_macro   0x00020f9b       0x16 ./Core/Src/lcd.o
 .debug_macro   0x00020fb1       0x20 ./Core/Src/lcd.o
 .debug_macro   0x00020fd1      0x40f ./Core/Src/main.o
 .debug_macro   0x000213e0       0x22 ./Core/Src/main.o
 .debug_macro   0x00021402       0x16 ./Core/Src/main.o
 .debug_macro   0x00021418       0x10 ./Core/Src/main.o
 .debug_macro   0x00021428       0x16 ./Core/Src/main.o
 .debug_macro   0x0002143e       0x16 ./Core/Src/main.o
 .debug_macro   0x00021454      0x146 ./Core/Src/main.o
 .debug_macro   0x0002159a      0x235 ./Core/Src/software_timer.o
 .debug_macro   0x000217cf      0x226 ./Core/Src/spi.o
 .debug_macro   0x000219f5      0x21c ./Core/Src/stm32f4xx_hal_msp.o
 .debug_macro   0x00021c11      0x226 ./Core/Src/stm32f4xx_it.o
 .debug_macro   0x00021e37      0x20d ./Core/Src/system_stm32f4xx.o
 .debug_macro   0x00022044      0x226 ./Core/Src/tim.o
 .debug_macro   0x0002226a      0x359 ./Core/Src/uart.o
 .debug_macro   0x000225c3       0x10 ./Core/Src/uart.o
 .debug_macro   0x000225d3      0x460 ./Core/Src/uart.o
 .debug_macro   0x00022a33      0x226 ./Core/Src/usart.o
 .debug_macro   0x00022c59       0x6d ./Core/Src/utils.o
 .debug_macro   0x00022cc6      0x26d ./Drivers/STM32F4xx_HAL_Driver/Src/stm32f4xx_hal.o
 .debug_macro   0x00022f33      0x20d ./Drivers/STM32F4xx_HAL_Driver/Src/stm32f4xx_hal_cortex.o
 .debug_macro   0x00023140      0x213 ./Drivers/STM32F4xx_HAL_Driver/Src/stm32f4xx_hal_dma.o
 .debug_macro   0x00023353      0x213 ./Drivers/STM32F4xx_HAL_Driver/Src/stm32f4xx_hal_gpio.o
 .debug_macro   0x00023566      0x25b ./Drivers/STM32F4xx_HAL_Driver/Src/stm32f4xx_hal_i2c.o
 .debug_macro   0x000237c1      0x231 ./Drivers/STM32F4xx_HAL_Driver/Src/stm32f4xx_hal_rcc.o
 .debug_macro   0x000239f2      0x21c ./Drivers/STM32F4xx_HAL_Driver/Src/stm32f4xx_hal_spi.o
 .debug_macro   0x00023c0e      0x20d ./Drivers/STM32F4xx_HAL_Driver/Src/stm32f4xx_hal_sram.o
 .debug_macro   0x00023e1b      0x20e ./Drivers/STM32F4xx_HAL_Driver/Src/stm32f4xx_hal_tim.o
 .debug_macro   0x00024029      0x20d ./Drivers/STM32F4xx_HAL_Driver/Src/stm32f4xx_hal_tim_ex.o
 .debug_macro   0x00024236      0x20e ./Drivers/STM32F4xx_HAL_Driver/Src/stm32f4xx_hal_uart.o
 .debug_macro   0x00024444      0x248 ./Drivers/STM32F4xx_HAL_Driver/Src/stm32f4xx_ll_fsmc.o

.debug_line     0x00000000    0x1cd52
 .debug_line    0x00000000      0x91d ./Core/Src/button.o
 .debug_line    0x0000091d      0xa5f ./Core/Src/ds3232.o
 .debug_line    0x0000137c      0x8c6 ./Core/Src/fsmc.o
 .debug_line    0x00001c42      0x81c ./Core/Src/gpio.o
 .debug_line    0x0000245e      0x82b ./Core/Src/i2c.o
 .debug_line    0x00002c89     0x1020 ./Core/Src/lab4.o
 .debug_line    0x00003ca9      0xfe7 ./Core/Src/lcd.o
 .debug_line    0x00004c90      0xb6e ./Core/Src/main.o
 .debug_line    0x000057fe      0x973 ./Core/Src/software_timer.o
 .debug_line    0x00006171      0x833 ./Core/Src/spi.o
 .debug_line    0x000069a4      0x7bd ./Core/Src/stm32f4xx_hal_msp.o
 .debug_line    0x00007161      0x89c ./Core/Src/stm32f4xx_it.o
 .debug_line    0x000079fd      0x833 ./Core/Src/system_stm32f4xx.o
 .debug_line    0x00008230      0x837 ./Core/Src/tim.o
 .debug_line    0x00008a67      0xa7f ./Core/Src/uart.o
 .debug_line    0x000094e6      0x82e ./Core/Src/usart.o
 .debug_line    0x00009d14      0x43f ./Core/Src/utils.o
 .debug_line    0x0000a153       0x7a ./Core/Startup/startup_stm32f407zgtx.o
 .debug_line    0x0000a1cd      0xaaf ./Drivers/STM32F4xx_HAL_Driver/Src/stm32f4xx_hal.o
 .debug_line    0x0000ac7c      0xd7f ./Drivers/STM32F4xx_HAL_Driver/Src/stm32f4xx_hal_cortex.o
 .debug_line    0x0000b9fb     0x101b ./Drivers/STM32F4xx_HAL_Driver/Src/stm32f4xx_hal_dma.o
 .debug_line    0x0000ca16      0xc07 ./Drivers/STM32F4xx_HAL_Driver/Src/stm32f4xx_hal_gpio.o
 .debug_line    0x0000d61d     0x3b5c ./Drivers/STM32F4xx_HAL_Driver/Src/stm32f4xx_hal_i2c.o
 .debug_line    0x00011179      0xebe ./Drivers/STM32F4xx_HAL_Driver/Src/stm32f4xx_hal_rcc.o
 .debug_line    0x00012037     0x1d4a ./Drivers/STM32F4xx_HAL_Driver/Src/stm32f4xx_hal_spi.o
 .debug_line    0x00013d81      0xc9c ./Drivers/STM32F4xx_HAL_Driver/Src/stm32f4xx_hal_sram.o
 .debug_line    0x00014a1d     0x3824 ./Drivers/STM32F4xx_HAL_Driver/Src/stm32f4xx_hal_tim.o
 .debug_line    0x00018241     0x1a0f ./Drivers/STM32F4xx_HAL_Driver/Src/stm32f4xx_hal_tim_ex.o
 .debug_line    0x00019c50     0x25f7 ./Drivers/STM32F4xx_HAL_Driver/Src/stm32f4xx_hal_uart.o
 .debug_line    0x0001c247      0xb0b ./Drivers/STM32F4xx_HAL_Driver/Src/stm32f4xx_ll_fsmc.o

.debug_str      0x00000000    0xd4ecb
 .debug_str     0x00000000    0xd4ecb ./Core/Src/button.o
                              0xca443 (size before relaxing)
 .debug_str     0x000d4ecb    0xca5b4 ./Core/Src/ds3232.o
 .debug_str     0x000d4ecb    0xca497 ./Core/Src/fsmc.o
 .debug_str     0x000d4ecb    0xc9f45 ./Core/Src/gpio.o
 .debug_str     0x000d4ecb    0xca474 ./Core/Src/i2c.o
 .debug_str     0x000d4ecb    0xca86b ./Core/Src/lab4.o
 .debug_str     0x000d4ecb    0xcd58e ./Core/Src/lcd.o
 .debug_str     0x000d4ecb    0xcdfe5 ./Core/Src/main.o
 .debug_str     0x000d4ecb    0xca439 ./Core/Src/software_timer.o
 .debug_str     0x000d4ecb    0xca3d1 ./Core/Src/spi.o
 .debug_str     0x000d4ecb    0xc9e7a ./Core/Src/stm32f4xx_hal_msp.o
 .debug_str     0x000d4ecb    0xca5ae ./Core/Src/stm32f4xx_it.o
 .debug_str     0x000d4ecb    0xc9d39 ./Core/Src/system_stm32f4xx.o
 .debug_str     0x000d4ecb    0xcaa4f ./Core/Src/tim.o
 .debug_str     0x000d4ecb    0xcebce ./Core/Src/uart.o
 .debug_str     0x000d4ecb    0xca936 ./Core/Src/usart.o
 .debug_str     0x000d4ecb     0x3dbe ./Core/Src/utils.o
 .debug_str     0x000d4ecb       0x7b ./Core/Startup/startup_stm32f407zgtx.o
 .debug_str     0x000d4ecb    0xca8bd ./Drivers/STM32F4xx_HAL_Driver/Src/stm32f4xx_hal.o
 .debug_str     0x000d4ecb    0xca639 ./Drivers/STM32F4xx_HAL_Driver/Src/stm32f4xx_hal_cortex.o
 .debug_str     0x000d4ecb    0xca153 ./Drivers/STM32F4xx_HAL_Driver/Src/stm32f4xx_hal_dma.o
 .debug_str     0x000d4ecb    0xc9eb4 ./Drivers/STM32F4xx_HAL_Driver/Src/stm32f4xx_hal_gpio.o
 .debug_str     0x000d4ecb    0xcad57 ./Drivers/STM32F4xx_HAL_Driver/Src/stm32f4xx_hal_i2c.o
 .debug_str     0x000d4ecb    0xca16d ./Drivers/STM32F4xx_HAL_Driver/Src/stm32f4xx_hal_rcc.o
 .debug_str     0x000d4ecb    0xca5f7 ./Drivers/STM32F4xx_HAL_Driver/Src/stm32f4xx_hal_spi.o
 .debug_str     0x000d4ecb    0xca337 ./Drivers/STM32F4xx_HAL_Driver/Src/stm32f4xx_hal_sram.o
 .debug_str     0x000d4ecb    0xcb0c3 ./Drivers/STM32F4xx_HAL_Driver/Src/stm32f4xx_hal_tim.o
 .debug_str     0x000d4ecb    0xca8cf ./Drivers/STM32F4xx_HAL_Driver/Src/stm32f4xx_hal_tim_ex.o
 .debug_str     0x000d4ecb    0xca74e ./Drivers/STM32F4xx_HAL_Driver/Src/stm32f4xx_hal_uart.o
 .debug_str     0x000d4ecb    0xca5a4 ./Drivers/STM32F4xx_HAL_Driver/Src/stm32f4xx_ll_fsmc.o

.comment        0x00000000       0x43
 .comment       0x00000000       0x43 ./Core/Src/button.o
                                 0x44 (size before relaxing)
 .comment       0x00000043       0x44 ./Core/Src/ds3232.o
 .comment       0x00000043       0x44 ./Core/Src/fsmc.o
 .comment       0x00000043       0x44 ./Core/Src/gpio.o
 .comment       0x00000043       0x44 ./Core/Src/i2c.o
 .comment       0x00000043       0x44 ./Core/Src/lab4.o
 .comment       0x00000043       0x44 ./Core/Src/lcd.o
 .comment       0x00000043       0x44 ./Core/Src/main.o
 .comment       0x00000043       0x44 ./Core/Src/software_timer.o
 .comment       0x00000043       0x44 ./Core/Src/spi.o
 .comment       0x00000043       0x44 ./Core/Src/stm32f4xx_hal_msp.o
 .comment       0x00000043       0x44 ./Core/Src/stm32f4xx_it.o
 .comment       0x00000043       0x44 ./Core/Src/system_stm32f4xx.o
 .comment       0x00000043       0x44 ./Core/Src/tim.o
 .comment       0x00000043       0x44 ./Core/Src/uart.o
 .comment       0x00000043       0x44 ./Core/Src/usart.o
 .comment       0x00000043       0x44 ./Core/Src/utils.o
 .comment       0x00000043       0x44 ./Drivers/STM32F4xx_HAL_Driver/Src/stm32f4xx_hal.o
 .comment       0x00000043       0x44 ./Drivers/STM32F4xx_HAL_Driver/Src/stm32f4xx_hal_cortex.o
 .comment       0x00000043       0x44 ./Drivers/STM32F4xx_HAL_Driver/Src/stm32f4xx_hal_dma.o
 .comment       0x00000043       0x44 ./Drivers/STM32F4xx_HAL_Driver/Src/stm32f4xx_hal_gpio.o
 .comment       0x00000043       0x44 ./Drivers/STM32F4xx_HAL_Driver/Src/stm32f4xx_hal_i2c.o
 .comment       0x00000043       0x44 ./Drivers/STM32F4xx_HAL_Driver/Src/stm32f4xx_hal_rcc.o
 .comment       0x00000043       0x44 ./Drivers/STM32F4xx_HAL_Driver/Src/stm32f4xx_hal_spi.o
 .comment       0x00000043       0x44 ./Drivers/STM32F4xx_HAL_Driver/Src/stm32f4xx_hal_sram.o
 .comment       0x00000043       0x44 ./Drivers/STM32F4xx_HAL_Driver/Src/stm32f4xx_hal_tim.o
 .comment       0x00000043       0x44 ./Drivers/STM32F4xx_HAL_Driver/Src/stm32f4xx_hal_tim_ex.o
 .comment       0x00000043       0x44 ./Drivers/STM32F4xx_HAL_Driver/Src/stm32f4xx_hal_uart.o
 .comment       0x00000043       0x44 ./Drivers/STM32F4xx_HAL_Driver/Src/stm32f4xx_ll_fsmc.o

.debug_frame    0x00000000     0x5bfc
 .debug_frame   0x00000000       0xc8 ./Core/Src/button.o
 .debug_frame   0x000000c8      0x134 ./Core/Src/ds3232.o
 .debug_frame   0x000001fc       0xbc ./Core/Src/fsmc.o
 .debug_frame   0x000002b8       0x34 ./Core/Src/gpio.o
 .debug_frame   0x000002ec       0x74 ./Core/Src/i2c.o
 .debug_frame   0x00000360      0x354 ./Core/Src/lab4.o
 .debug_frame   0x000006b4      0x394 ./Core/Src/lcd.o
 .debug_frame   0x00000a48      0x128 ./Core/Src/main.o
 .debug_frame   0x00000b70      0x140 ./Core/Src/software_timer.o
 .debug_frame   0x00000cb0       0x74 ./Core/Src/spi.o
 .debug_frame   0x00000d24       0x38 ./Core/Src/stm32f4xx_hal_msp.o
 .debug_frame   0x00000d5c      0x13c ./Core/Src/stm32f4xx_it.o
 .debug_frame   0x00000e98       0x58 ./Core/Src/system_stm32f4xx.o
 .debug_frame   0x00000ef0       0x7c ./Core/Src/tim.o
 .debug_frame   0x00000f6c      0x124 ./Core/Src/uart.o
 .debug_frame   0x00001090       0x74 ./Core/Src/usart.o
 .debug_frame   0x00001104       0x60 ./Core/Src/utils.o
 .debug_frame   0x00001164      0x374 ./Drivers/STM32F4xx_HAL_Driver/Src/stm32f4xx_hal.o
 .debug_frame   0x000014d8      0x508 ./Drivers/STM32F4xx_HAL_Driver/Src/stm32f4xx_hal_cortex.o
 .debug_frame   0x000019e0      0x250 ./Drivers/STM32F4xx_HAL_Driver/Src/stm32f4xx_hal_dma.o
 .debug_frame   0x00001c30      0x14c ./Drivers/STM32F4xx_HAL_Driver/Src/stm32f4xx_hal_gpio.o
 .debug_frame   0x00001d7c      0xc84 ./Drivers/STM32F4xx_HAL_Driver/Src/stm32f4xx_hal_i2c.o
 .debug_frame   0x00002a00      0x1f4 ./Drivers/STM32F4xx_HAL_Driver/Src/stm32f4xx_hal_rcc.o
 .debug_frame   0x00002bf4      0x828 ./Drivers/STM32F4xx_HAL_Driver/Src/stm32f4xx_hal_spi.o
 .debug_frame   0x0000341c      0x30c ./Drivers/STM32F4xx_HAL_Driver/Src/stm32f4xx_hal_sram.o
 .debug_frame   0x00003728     0x11c0 ./Drivers/STM32F4xx_HAL_Driver/Src/stm32f4xx_hal_tim.o
 .debug_frame   0x000048e8      0x638 ./Drivers/STM32F4xx_HAL_Driver/Src/stm32f4xx_hal_tim_ex.o
 .debug_frame   0x00004f20      0x954 ./Drivers/STM32F4xx_HAL_Driver/Src/stm32f4xx_hal_uart.o
 .debug_frame   0x00005874      0x2dc ./Drivers/STM32F4xx_HAL_Driver/Src/stm32f4xx_ll_fsmc.o
 .debug_frame   0x00005b50       0x20 C:/ST/STM32CubeIDE_1.19.0/STM32CubeIDE/plugins/com.st.stm32cube.ide.mcu.externaltools.gnu-tools-for-stm32.13.3.rel1.win32_1.0.0.202411081344/tools/bin/../lib/gcc/arm-none-eabi/13.3.1/../../../../arm-none-eabi/lib/thumb/v7e-m+fp/hard\libc_nano.a(libc_a-memset.o)
 .debug_frame   0x00005b70       0x2c C:/ST/STM32CubeIDE_1.19.0/STM32CubeIDE/plugins/com.st.stm32cube.ide.mcu.externaltools.gnu-tools-for-stm32.13.3.rel1.win32_1.0.0.202411081344/tools/bin/../lib/gcc/arm-none-eabi/13.3.1/../../../../arm-none-eabi/lib/thumb/v7e-m+fp/hard\libc_nano.a(libc_a-init.o)
 .debug_frame   0x00005b9c       0x2c C:/ST/STM32CubeIDE_1.19.0/STM32CubeIDE/plugins/com.st.stm32cube.ide.mcu.externaltools.gnu-tools-for-stm32.13.3.rel1.win32_1.0.0.202411081344/tools/bin/../lib/gcc/arm-none-eabi/13.3.1/thumb/v7e-m+fp/hard\libgcc.a(_aeabi_uldivmod.o)
 .debug_frame   0x00005bc8       0x34 C:/ST/STM32CubeIDE_1.19.0/STM32CubeIDE/plugins/com.st.stm32cube.ide.mcu.externaltools.gnu-tools-for-stm32.13.3.rel1.win32_1.0.0.202411081344/tools/bin/../lib/gcc/arm-none-eabi/13.3.1/thumb/v7e-m+fp/hard\libgcc.a(_udivmoddi4.o)

.debug_line_str
                0x00000000       0x5f
 .debug_line_str
                0x00000000       0x5f ./Core/Startup/startup_stm32f407zgtx.o
