../Core/Src/lab2.c:17:6:init_system	8	static
../Core/Src/lab2.c:24:6:Led_Debug	8	static
../Core/Src/lab2.c:31:6:Led_Y0	8	static
../Core/Src/lab2.c:40:6:Led_Y1	8	static
../Core/Src/lab2.c:49:6:test7Seg	8	static
../Core/Src/lab2.c:57:6:initLab2Bai1	8	static
../Core/Src/lab2.c:62:6:runLab2Bai1	8	static
../Core/Src/lab2.c:74:6:initLab2Bai2	8	static
../Core/Src/lab2.c:80:6:runLab2Bai2	8	static
../Core/Src/lab2.c:86:6:initLab2Bai3	8	static
../Core/Src/lab2.c:98:6:runLab2Bai3	8	static
../Core/Src/lab2.c:104:6:initLab2Bai4	8	static
../Core/Src/lab2.c:112:6:runLab2Bai4	8	static
../Core/Src/lab2.c:118:6:initLab2Bai5	8	static
../Core/Src/lab2.c:125:6:runLab2Bai5	8	static
