../Core/Src/lab3.c:26:6:Background	24	static
../Core/Src/lab3.c:48:6:initlab3	8	static
../Core/Src/lab3.c:70:6:runlab3	8	static
../Core/Src/lab3.c:75:6:fsmlab3	24	static
../Core/Src/lab3.c:112:6:updateMode	24	static
../Core/Src/lab3.c:165:6:saveMode	24	static
../Core/Src/lab3.c:200:6:upTime	4	static
../Core/Src/lab3.c:213:6:clearLed	16	static
../Core/Src/lab3.c:222:6:taskBlinkLed	16	static
../Core/Src/lab3.c:269:6:updatetimer	4	static
../Core/Src/lab3.c:279:6:comeBackTask	8	static
../Core/Src/lab3.c:326:6:updateDisplayNumbers	24	static
../Core/Src/lab3.c:331:6:switchTLToNextState	8	static
../Core/Src/lab3.c:378:6:NSGo	16	static
../Core/Src/lab3.c:389:6:NSYellow	16	static
../Core/Src/lab3.c:402:6:EWGo	16	static
../Core/Src/lab3.c:415:6:EWYellow	16	static
