../Core/Src/lab4.c:35:6:initLab4	8	static
../Core/Src/lab4.c:56:6:checkAlarm	24	static
../Core/Src/lab4.c:83:6:displayLCD	40	static
../Core/Src/lab4.c:136:6:blinkLed	32	static
../Core/Src/lab4.c:211:6:updateTimeLCD	8	static
../Core/Src/lab4.c:231:6:initNormal	24	static
../Core/Src/lab4.c:240:6:initEditTime	24	static
../Core/Src/lab4.c:257:6:initEditAlarm	24	static
../Core/Src/lab4.c:281:6:mainFsm	24	static
../Core/Src/lab4.c:366:9:ds3231_calculateDayOfWeek	24	static
../Core/Src/lab4.c:394:6:editTimeFsm	8	static
../Core/Src/lab4.c:581:6:editAlarmFsm	24	static
../Core/Src/lab4.c:735:6:updateTimeSec	4	static
../Core/Src/lab4.c:748:6:updateTimeMin	4	static
../Core/Src/lab4.c:760:6:updateTimeHour	4	static
../Core/Src/lab4.c:773:6:updateTimeDate	4	static
../Core/Src/lab4.c:789:6:updateTimeMonth	4	static
../Core/Src/lab4.c:805:6:updateTimeYear	4	static
../Core/Src/lab4.c:817:6:updateTimeDay	4	static
../Core/Src/lab4.c:837:6:updateAlarmSec	4	static
../Core/Src/lab4.c:850:6:updateAlarmMin	4	static
../Core/Src/lab4.c:862:6:updateAlarmHour	4	static
../Core/Src/lab4.c:874:6:updateAlarmDate	4	static
../Core/Src/lab4.c:890:6:updateAlarmDay	4	static
