../Core/Src/lab4.c:36:6:initLab4	8	static
../Core/Src/lab4.c:57:6:runLab4	8	static
../Core/Src/lab4.c:62:6:checkAlarm	24	static
../Core/Src/lab4.c:90:6:displayLCD	40	static
../Core/Src/lab4.c:144:6:blinkLed	32	static
../Core/Src/lab4.c:227:6:updateTimeLCD	8	static
../Core/Src/lab4.c:247:6:initNormal	24	static
../Core/Src/lab4.c:259:6:initEditTime	24	static
../Core/Src/lab4.c:277:6:initEditAlarm	24	static
../Core/Src/lab4.c:302:6:mainFsmLab4	24	static
../Core/Src/lab4.c:389:9:ds3231_calculateDayOfWeek	24	static
../Core/Src/lab4.c:417:6:editTimeFsm	8	static
../Core/Src/lab4.c:602:6:editAlarmFsm	24	static
../Core/Src/lab4.c:756:6:updateTimeSec	4	static
../Core/Src/lab4.c:769:6:updateTimeMin	4	static
../Core/Src/lab4.c:781:6:updateTimeHour	4	static
../Core/Src/lab4.c:794:6:updateTimeDate	4	static
../Core/Src/lab4.c:810:6:updateTimeMonth	4	static
../Core/Src/lab4.c:826:6:updateTimeYear	4	static
../Core/Src/lab4.c:842:6:updateTimeDay	4	static
../Core/Src/lab4.c:862:6:updateAlarmSec	4	static
../Core/Src/lab4.c:875:6:updateAlarmMin	4	static
../Core/Src/lab4.c:887:6:updateAlarmHour	4	static
../Core/Src/lab4.c:899:6:updateAlarmDate	4	static
../Core/Src/lab4.c:915:6:updateAlarmDay	4	static
../Core/Src/lab4.c:942:9:checkNumber	32	static
../Core/Src/lab4.c:1033:6:lcdWriteUpdateState	32	static
../Core/Src/lab4.c:1087:6:writeBackWrongValue	8	static
../Core/Src/lab4.c:1092:6:writeBackBCTimeOut	8	static
../Core/Src/lab4.c:1097:6:sendFirstRequest	8	static
../Core/Src/lab4.c:1135:6:taskResend	4	static
../Core/Src/lab4.c:1150:6:initEditTimeByRS232	24	static
../Core/Src/lab4.c:1178:6:editTimeByRS232Fsm	16	static
../Core/Src/lab4.c:1267:6:mainFsmLab5	24	static
../Core/Src/lab4.c:1366:6:initLab5	8	static
../Core/Src/lab4.c:1392:6:runLab5	8	static
