../Core/Src/lab4.c:35:6:initLab4	8	static
../Core/Src/lab4.c:55:6:runLab4	8	static
../Core/Src/lab4.c:59:6:checkAlarm	24	static
../Core/Src/lab4.c:86:6:displayLCD	40	static
../Core/Src/lab4.c:139:6:blinkLed	32	static
../Core/Src/lab4.c:214:6:updateTimeLCD	8	static
../Core/Src/lab4.c:234:6:initNormal	24	static
../Core/Src/lab4.c:245:6:initEditTime	24	static
../Core/Src/lab4.c:263:6:initEditAlarm	24	static
../Core/Src/lab4.c:288:6:mainFsm	24	static
../Core/Src/lab4.c:373:9:ds3231_calculateDayOfWeek	24	static
../Core/Src/lab4.c:401:6:editTimeFsm	8	static
../Core/Src/lab4.c:587:6:editAlarmFsm	24	static
../Core/Src/lab4.c:741:6:updateTimeSec	4	static
../Core/Src/lab4.c:754:6:updateTimeMin	4	static
../Core/Src/lab4.c:766:6:updateTimeHour	4	static
../Core/Src/lab4.c:779:6:updateTimeDate	4	static
../Core/Src/lab4.c:795:6:updateTimeMonth	4	static
../Core/Src/lab4.c:811:6:updateTimeYear	4	static
../Core/Src/lab4.c:827:6:updateTimeDay	4	static
../Core/Src/lab4.c:847:6:updateAlarmSec	4	static
../Core/Src/lab4.c:860:6:updateAlarmMin	4	static
../Core/Src/lab4.c:872:6:updateAlarmHour	4	static
../Core/Src/lab4.c:884:6:updateAlarmDate	4	static
../Core/Src/lab4.c:900:6:updateAlarmDay	4	static
