../Core/Src/lcd.c:27:6:LCD_WR_REG	16	static
../Core/Src/lcd.c:31:6:LCD_WR_DATA	16	static
../Core/Src/lcd.c:35:10:LCD_RD_DATA	16	static
../Core/Src/lcd.c:42:6:lcd_set_address	24	static
../Core/Src/lcd.c:56:6:lcd_set_cursor	16	static
../Core/Src/lcd.c:65:6:lcd_set_display_on	8	static
../Core/Src/lcd.c:69:6:lcd_set_display_off	8	static
../Core/Src/lcd.c:73:10:lcd_read_point	24	static
../Core/Src/lcd.c:90:6:lcd_clear	24	static
../Core/Src/lcd.c:109:6:lcd_fill	32	static
../Core/Src/lcd.c:127:6:lcd_draw_point	16	static
../Core/Src/lcd.c:141:6:lcd_draw_line	64	static
../Core/Src/lcd.c:185:6:lcd_draw_rectangle	32	static
../Core/Src/lcd.c:193:6:lcd_show_char	40	static
../Core/Src/lcd.c:238:10:mypow	24	static
../Core/Src/lcd.c:245:6:lcd_show_int_num	48	static
../Core/Src/lcd.c:264:6:lcd_show_float_num	56	static
../Core/Src/lcd.c:281:6:lcd_show_picture	40	static
../Core/Src/lcd.c:297:6:lcd_set_direction	16	static
../Core/Src/lcd.c:307:6:lcd_init	8	static
../Core/Src/lcd.c:416:13:_draw_circle_8	24	static
../Core/Src/lcd.c:434:6:lcd_draw_circle	48	static
../Core/Src/lcd.c:467:6:lcd_show_string	56	static
../Core/Src/lcd.c:492:6:lcd_show_string_center	48	static
