../Core/Src/led.c:7:6:ledOn	8	static
../Core/Src/led.c:11:6:ledOff	8	static
../Core/Src/led.c:15:6:ledY0On	8	static
../Core/Src/led.c:20:6:ledY0Off	8	static
../Core/Src/led.c:24:6:ledY1On	8	static
../Core/Src/led.c:28:6:ledY1Off	8	static
../Core/Src/led.c:33:6:debugLed	8	static
../Core/Src/led.c:52:6:initEx2	8	static
../Core/Src/led.c:58:6:fsmEx2	8	static
../Core/Src/led.c:76:6:redState	8	static
../Core/Src/led.c:83:6:greenState	8	static
../Core/Src/led.c:89:6:yellowState	8	static
../Core/Src/led.c:95:6:initEx3	8	static
../Core/Src/led.c:101:6:fsmEx3	8	static
