../Core/Src/led_7seg.c:27:6:led7segInit	8	static
../Core/Src/led_7seg.c:38:6:led7segDisplay	8	static
../Core/Src/led_7seg.c:85:6:led7segSetDigit	24	static
../Core/Src/led_7seg.c:101:6:led7segSetColon	16	static
../Core/Src/led_7seg.c:118:6:leg7segOn	16	static
../Core/Src/led_7seg.c:135:6:leg7segOff	16	static
../Core/Src/led_7seg.c:146:6:toggleColon	4	static
../Core/Src/led_7seg.c:153:6:shiftRightLed7	16	static
../Core/Src/led_7seg.c:162:6:initTime	16	static
../Core/Src/led_7seg.c:171:6:updateTime	8	static
